;Номер	РВС	ЛКТБНДКВЧВОККВ	level	remort	name	spell
0	!!!	!!!!!!!!!!!!!!	1	0	каша_из_топора
1	!!!	!!!!!!!!!!!!!!	7	0	воспаряющий_отвар (полет)
2	!!!	!!!!!.!.!!!..!	20	0	настой_на_клопах (увеличить жизнь)
3	!!!	.!!.!!!!!!!!!!	3	0	зелье_бережения (защита)
4	!!!	!..!!!.!.!!!!!	3	0	отвар_тысячелистника (доблесть)
5	!!!	.!!...!!.....!	27	6	крепкая_наливка (клонирование)
6	!!!	!!!!!!..!!!!!!	3	0	настой_столетника (вылечить слепоту)
7	!!!	!.!!....!!.!!!	18	0	отвар_бореца (критическое исцеление)
8	!!!	!!!!!!!!!!!!!!	3	0	отвар_подорожника (легкое исцеление)
9	!!!	!!!!!!!!!!!!!!	1	0	чаговый_настой (определение наклонностей)
10	!!!	!!!!!!!!!!!!!!	1	0	мутная_брага (видеть невидимое)
11	!!!	!!!!!!!!!!!!!!	1	0	настой_вороньего_глаза (определение магии)
12	!!!	!!!.!!!.!!!!!!	1	0	отвар_корней_кровохлебки (определение яда)
13	!!!	!......!!....!	28	5	напиток_сурья (исцеление)
14	!!!	.!!.!.!!!.!..!	24	0	ветхозаветная_сивуха (невидимость)
15	!!!	!!.!!!!!.!!!!!	5	0	отвар_бесстрашия (защита от тьмы)
16	!!!	!...!.!!.!.!!!	3	0	прозрачный_настой (снять проклятие)
17	!!!	!....!!!.!.!.!	12	0	сияющий_отвар (освящение)
18	!!!	.!.!!!!!!!!!.!	5	0	настой_на_медвежьей_крови (сила)
19	!!!	!.!.!..!.!!.!!	22	0	вино_из_одуванчиков (слово возврата)
20	!!!	!.!.!.!...!.!!	25	4	отвар_из_тараканьих_усов (определение жизни)
21	!!!	.!!.!!!!!!!!!!	1	0	настой_совиного_зрения (видение ночью)
22	!!!	.!!.!!.!!!!.!!	10	0	настой_на_водомерках (водохождение)
23	!!!	!.!!!!..!!!!!!	15	0	луковый_настой (серьезное исцеление)
24	!!!	.!!.!.!!!.!..!	18	0	черная_настойка (тьма)
25	!!!	..!!.!.!!!!!!!	15	0	отвар_дубовой_коры (каменная кожа)
26	!!!	.!!!!!!!!!!!!!	3	0	настойка_на_зеленых_лягушатах (затуманивание)
27	!!!	!..!!!!!.!!!.!	19	0	ромашковая_настойка (свет)
28	!!!	!!!.!.!!!!!!.!	20	0	разбухающий_настой (увеличение)
29	!!!	.!!.!..!..!..!	20	0	мерцающий_отвар (мигание)
30	!!!	!!!!!!!!!!!!!!	1	0	отвар_девясила (восстановление)
31	!!!	!!!!!!!!!!!!!!	1	0	мясной_отвар (насыщение)
32	!!!	!!!.!.!!!.!..!	5	0	настой_на_рыбьих_головах (дышать водой)
33	!!!	.!!!!!!!!!!!!!	12	0	зелье_змеиного_проворства (ускорение)
34	!!!	!......!.....!	28	10	зелье_небесного_благословления (защита богов)
35	!!!	.!!!!.!!!!!!!!	12	0	зелье_волчьего_слуха (внимательность)
36	!!!	...!..!!......	25	4	зелье_холодного_ветра (воздушный щит)
37	!!!	!.!.!!!!!..!.!	20	0	зелье_расторжения (развеять магию)
38	!!!	!.!!!!!!!!!.!.	5	0	зелье_дальней_дороги (быстрое восстановление)
39	!!!	.!.........!..	25	4	крапивный_настой (огненный щит)
40	!!!	.......!!!...!	25	4	ледяной_настой (ледяной щит)
41	!!!	.!!.!.!!!!!.!!	22	0	настой_на_мелких_букашках (уменьшение)
42	!!!	....!.!!.!...!	25	6	серебристый_отвар (магическое зеркало)
43	!!!	..!!..!!!.!.!!	16	0	отвар_кремня (каменные руки)
44	!!!	!!..!.!!.!.!.!	14	0	радужное_зелье (призматическая аура)
45	!!!	.....!!!.....!	22	0	прозрачное_зелье (воздушная аура)
46	!!!	.!...!.!.!...!	22	0	горящее_зелье (огненная аура)
47	!!!	.....!.!!....!	22	0	холодная_настойка (ледяная аура)
48	!!!	!.!!.!!.!!!!!!	12	0	мышиный_настой (снять глухоту)
49	!!!	!.!.!!!!!!!!!!	15	0	отвар_болтливости (снять молчание)
50	!!!	!!!.!.!!!...!!	25	2	дымчатое_зелье (мантия теней)
51	!!!	.!!.!...!.!..!	24	4	зелье_неподвижности (оцепенение)
52	!!!	.!!.!...!.!..!	22	0	дурманящий_отвар (сон)
53	!!!	.!!.!...!.!..!	20	0	едкая_настойка (слепота)
54	!!!	.!!.!...!.!..!	15	0	затхлый_настой (глухота)
55	!!!	.!!.!...!.!..!	18	0	клейкое_зелье (молчание)
56	!!!	.!!.!...!.!..!	10	0	хмельная_настойка (слабость)
57	!!!	!!!.!...!!!.!!	20	2	настой_на_кошачьей_шерсти (кошачья ловкость)
58	!!!	!!.!.!..!.!!.!	22	2	кипящее_зелье (бычье тело)
59	!!!	!!..!!!!!!.!!!	25	2	горькая_настойка (мудрость змеи)
60	!!!	!...!.!!!!.!.!	25	2	настойка_на_крысиных_хвостах (хитроумие)
$