; spell skill level
; <master> vnum
; <poly>
; RACES CLASSES RELIGION ALIGNMENT SPELL SKILL LEVEL
; <master> vnum

poly старейшина
;	   ЛКТБHДКВЧВОККВ	
;          еоаоаруоеихууо
;          клтгеудлртозпл
!!!!!!!!!! ---!---------- !!!!!!!!!! !!!!!!!!!! 0 боевой.клич 10
!!!!!!!!!! ---!---------- !!!!!!!!!! !!!!!!!!!! 0 перехватить 10
!!!!!!!!!! ---!---------- !!!!!!!!!! !!!!!!!!!! 0 прикрыть 10
!!!!!!!!!! ---!---------- !!!!!!!!!! !!!!!!!!!! 0 удар 5
!!!!!!!!!! ---!-!-------- !!!!!!!!!! !!!!!!!!!! 0 пнуть 10
!!!!!!!!!! ---------!!!-- !!!!!!!!!! !!!!!!!!!! 0 пнуть 7
!!!!!!!!!! ------------!- !!!!!!!!!! !!!!!!!!!! 0 пнуть 8
!!!!!!!!!! !!!!!!!!!!!!!! !!!!!!!!!! !!!!!!!!!! 0 кулачный.бой 1
!!!!!!!!!! ---!-!---!!!-- !!!!!!!!!! !!!!!!!!!! 0 спасти 10
!!!!!!!!!! !!!!!!!!!!!!!! !!!!!!!!!! !!!!!!!!!! 0 палицы 1
!!!!!!!!!! !--!-!---!!!-- !!!!!!!!!! !!!!!!!!!! 0 секиры 1
!!!!!!!!!! ---!-!---!-!-- !!!!!!!!!! !!!!!!!!!! 0 длинные 1
!!!!!!!!!! !!!!!!!!!!!!!! !!!!!!!!!! !!!!!!!!!! 0 короткие 1
!!!!!!!!!! !!!!!!!!!!!!!! !!!!!!!!!! !!!!!!!!!! 0 иное 1
!!!!!!!!!! ---!-!---!-!-- !!!!!!!!!! !!!!!!!!!! 0 двуручники 1
!!!!!!!!!! !-!!!!---!!!!- !!!!!!!!!! !!!!!!!!!! 0 проникающее 1
!!!!!!!!!! !-!!!!---!!!!! !!!!!!!!!! !!!!!!!!!! 0 копья 1
!!!!!!!!!! !-!-!!---!!--- !!!!!!!!!! !!!!!!!!!! 0 луки 1
!!!!!!!!!! -----!-----!-- !!!!!!!!!! !!!!!!!!!! 0 сбить 10
!!!!!!!!!! ---------!---- !!!!!!!!!! !!!!!!!!!! 0 сбить 12
!!!!!!!!!! -----!---!---- !!!!!!!!!! !!!!!!!!!! 0 блокировать.щитом 10
!!!!!!!!!! -----!---!!!-- !!!!!!!!!! !!!!!!!!!! 0 парировать 10
!!!!!!!!!! !!!!!!!!!!!!!! !!!!!!!!!! !!!!!!!!!! 0 горное.дело 5
!!!!!!!!!! !!!!!!!!!!!!!! !!!!!!!!!! !!!!!!!!!! 0 предсмертная.ярость 1
!!!!!!!!!! !!!!!!!!!!!!!! !!!!!!!!!! !!!!!!!!!! 0 деревянная.кожа 1
!!!!!!!!!! !!!!!!!!!!!!!! !!!!!!!!!! !!!!!!!!!! 0 отбить.стрелу 1
!!!!!!!!!! !!!!!!!!!!!!!! !!!!!!!!!! !!!!!!!!!! 0 слепой.бой 1
;!!!!!!!!!! !!!!!!!!!!!!!! !!!!!!!!!! !!!!!!!!!! 0 двуручный.бой 1
!!!!!!!!!! !!!!!!!!!!!!!! !!!!!!!!!! !!!!!!!!!! 0 мощная.атака 1
!!!!!!!!!! !!!!!!!!!!!!!! !!!!!!!!!! !!!!!!!!!! 0 улучшенная.мощная 1
!!!!!!!!!! !!!!!!!!!!!!!! !!!!!!!!!! !!!!!!!!!! 0 прицельная.атака 1
!!!!!!!!!! !!!!!!!!!!!!!! !!!!!!!!!! !!!!!!!!!! 0 улучшенная.прицельная 1
!!!!!!!!!! !!!!!!!!!!!!!! !!!!!!!!!! !!!!!!!!!! 0 железная.кожа 1
!!!!!!!!!! !!!!!!!!!!!!!! !!!!!!!!!! !!!!!!!!!! 0 мгновенная.реакция 1
!!!!!!!!!! !!!!!!!!!!!!!! !!!!!!!!!! !!!!!!!!!! 0 пьяница 1
!!!!!!!!!! !!!!!!!!!!!!!! !!!!!!!!!! !!!!!!!!!! 0 сила.духа 1
!!!!!!!!!! !!!!!!!!!!!!!! !!!!!!!!!! !!!!!!!!!! 0 ловкий.удар 1
!!!!!!!!!! !!!!!!!!!!!!!! !!!!!!!!!! !!!!!!!!!! 0 любимое_оружие:.голые 1
!!!!!!!!!! !!!!!!!!!!!!!! !!!!!!!!!! !!!!!!!!!! 0 любимое_оружие:.палица 1
!!!!!!!!!! !!!!!!!!!!!!!! !!!!!!!!!! !!!!!!!!!! 0 любимое_оружие:.секира 1
!!!!!!!!!! !!!!!!!!!!!!!! !!!!!!!!!! !!!!!!!!!! 0 любимое_оружие:.меч 1
!!!!!!!!!! !!!!!!!!!!!!!! !!!!!!!!!! !!!!!!!!!! 0 любимое_оружие:.нож 1
!!!!!!!!!! !!!!!!!!!!!!!! !!!!!!!!!! !!!!!!!!!! 0 любимое_оружие:.необычное 1
!!!!!!!!!! !!!!!!!!!!!!!! !!!!!!!!!! !!!!!!!!!! 0 любимое_оружие:.двуручник 1
!!!!!!!!!! !!!!!!!!!!!!!! !!!!!!!!!! !!!!!!!!!! 0 любимое_оружие:.кинжал 1
!!!!!!!!!! !!!!!!!!!!!!!! !!!!!!!!!! !!!!!!!!!! 0 любимое_оружие:.копье 1
!!!!!!!!!! !!!!!!!!!!!!!! !!!!!!!!!! !!!!!!!!!! 0 любимое_оружие:.лук 1
!!!!!!!!!! !!!!!!!!!!!!!! !!!!!!!!!! !!!!!!!!!! 0 мастер.кулачного 1
!!!!!!!!!! !!!!!!!!!!!!!! !!!!!!!!!! !!!!!!!!!! 0 мастер.палицы 1
!!!!!!!!!! !!!!!!!!!!!!!! !!!!!!!!!! !!!!!!!!!! 0 мастер.секиры 1
!!!!!!!!!! !!!!!!!!!!!!!! !!!!!!!!!! !!!!!!!!!! 0 мастер.меча 1
!!!!!!!!!! !!!!!!!!!!!!!! !!!!!!!!!! !!!!!!!!!! 0 мастер.ножа 1
!!!!!!!!!! !!!!!!!!!!!!!! !!!!!!!!!! !!!!!!!!!! 0 мастер.необычн 1
!!!!!!!!!! !!!!!!!!!!!!!! !!!!!!!!!! !!!!!!!!!! 0 мастер.двуруч 1
!!!!!!!!!! !!!!!!!!!!!!!! !!!!!!!!!! !!!!!!!!!! 0 мастер.кинжал 1
!!!!!!!!!! !!!!!!!!!!!!!! !!!!!!!!!! !!!!!!!!!! 0 мастер.копья 1
!!!!!!!!!! !!!!!!!!!!!!!! !!!!!!!!!! !!!!!!!!!! 0 мастер-лучник 1
;!!!!!!!!!! !!!!!!!!!!!!!! !!!!!!!!!! !!!!!!!!!! 0 счастливчик 1
!!!!!!!!!! !!!!!!!!!!!!!! !!!!!!!!!! !!!!!!!!!! 0 привычка.к 1
!!!!!!!!!! !!!!!!!!!!!!!! !!!!!!!!!! !!!!!!!!!! 0 тяжеловоз 1
!!!!!!!!!! !!!!!!!!!!!!!! !!!!!!!!!! !!!!!!!!!! 0 жонглер 1
!!!!!!!!!! !!!!!!!!!!!!!! !!!!!!!!!! !!!!!!!!!! 0 боевой.дух 1
master 4000

poly подмастерье
;	   ЛКТБHДКВЧВОККВ	
;          еоаоаруоеихууо
;          клтгеудлртозпл

!!!!!!!!!! -----------!-- !!!!!!!!!! !!!!!!!!!! 0 ремонт 10
!!!!!!!!!! -----------!-- !!!!!!!!!! !!!!!!!!!! 0 заточить 10
!!!!!!!!!! -----------!-- !!!!!!!!!! !!!!!!!!!! 0 укрепить 10
master 4004

poly помошник кузнеца
;	   ЛКТБHДКВЧВОККВ	
;          еоаоаруоеихууо
;          клтгеудлртозпл

!!!!!!!!!! -----------!-- !!!!!!!!!! !!!!!!!!!! 0 ремонт 10
!!!!!!!!!! -----------!-- !!!!!!!!!! !!!!!!!!!! 0 заточить 10
!!!!!!!!!! -----------!-- !!!!!!!!!! !!!!!!!!!! 0 укрепить 10
!!!!!!!!!! ----------!--- !!!!!!!!!! !!!!!!!!!! 0 сбить 25
master 4055

poly травник
;	   ЛКТБHДКВЧВОККВ	
;          еоаоаруоеихууо
;          клтгеудлртозпл
!!!!!!!!!! ---------!---- !!!!!!!!!! !!!!!!!!!! 0 лечить 5
!!!!!!!!!! !----!-------- !!!!!!!!!! !!!!!!!!!! 0 лечить 10
!!!!!!!!!! !!!!!!!!!!!!!! !!!!!!!!!! !!!!!!!!!! 0 опохмелиться 3
!!!!!!!!!! !!!!!!!!!!!!!! !!!!!!!!!! !!!!!!!!!! 0 изгоняющий.нежить 24
!!!!!!!!!! !!!!!!!!!!!!!! !!!!!!!!!! !!!!!!!!!! 0 целитель 5
!!!!!!!!!! !!!!!!!!!!!!!! !!!!!!!!!! !!!!!!!!!! 0 знаток 1
!!!!!!!!!! !!!!!!!!!!!!!! !!!!!!!!!! !!!!!!!!!! 0 травник 1
!!!!!!!!!! !!!!!!!!!!!!!! !!!!!!!!!! !!!!!!!!!! 0 подмена.заклинания 1
!!!!!!!!!! !!!!!!!!!!!!!! !!!!!!!!!! !!!!!!!!!! 0 толкователь.рун 1
!!!!!!!!!! !!!!!!!!!!!!!! !!!!!!!!!! !!!!!!!!!! 0 тайные.руны 1
!!!!!!!!!! !!!!!!!!!!!!!! !!!!!!!!!! !!!!!!!!!! 0 заветные.руны 1
!!!!!!!!!! !!!!!!!!!!!!!! !!!!!!!!!! !!!!!!!!!! 0 руны.богов 1
master 4007

poly отшельник
;	   ЛКТБHДКВЧВОККВ	
;          еоаоаруоеихууо
;          клтгеудлртозпл
!!!!!!!!!! !------!------ !!!!!!!!!! !!!!!!!!!! определение.яда 0 1
!!!!!!!!!! -------!------ !!!!!!!!!! !!!!!!!!!! определение.наклонностей 0 4
!!!!!!!!!! !-------!----- !!!!!!!!!! !!!!!!!!!! определение.наклонностей 0 1
;!!!!!!!!!! --------!----- !!!!!!!!!! !!!!!!!!!! определение.жизни 0 10
;!!!!!!!!!! ------!------- !!!!!!!!!! !!!!!!!!!! определение.жизни 0 15
!!!!!!!!!! -------!------ !!!!!!!!!! !!!!!!!!!! определение.магии 0 4
!!!!!!!!!! -!----!------- !!!!!!!!!! !!!!!!!!!! определение.магии 0 1
!!!!!!!!!! -------!------ !!!!!!!!!! !!!!!!!!!! protect.evil 0 3
!!!!!!!!!! ---------!---- !!!!!!!!!! !!!!!!!!!! protect.evil 0 8
!!!!!!!!!! -!----!!------ !!!!!!!!!! !!!!!!!!!! видеть.невидимое 0 4
!!!!!!!!!! !------------- !!!!!!!!!! !!!!!!!!!! доблесть 0 4
!!!!!!!!!! ---------!---- !!!!!!!!!! !!!!!!!!!! доблесть 0 8
!!!!!!!!!! ------------!- !!!!!!!!!! !!!!!!!!!! доблесть 0 5
!!!!!!!!!! !------------- !!!!!!!!!! !!!!!!!!!! проклятье 0 4
!!!!!!!!!! ---------!---- !!!!!!!!!! !!!!!!!!!! проклятье 0 8
!!!!!!!!!! ------------!- !!!!!!!!!! !!!!!!!!!! проклятье 0 6
!!!!!!!!!! !------------- !!!!!!!!!! !!!!!!!!!! снять.проклятье 0 5
!!!!!!!!!! !------------- !!!!!!!!!! !!!!!!!!!! создать.пищу 0 1
!!!!!!!!!! !------------- !!!!!!!!!! !!!!!!!!!! слепота 0 5
!!!!!!!!!! ---------!---- !!!!!!!!!! !!!!!!!!!! слепота 0 14
!!!!!!!!!! !------------- !!!!!!!!!! !!!!!!!!!! удалить.яд 0 5
!!!!!!!!!! ---------!---- !!!!!!!!!! !!!!!!!!!! удалить.яд 0 10
!!!!!!!!!! !------------- !!!!!!!!!! !!!!!!!!!! легкий.вред 0 1
!!!!!!!!!! !------------- !!!!!!!!!! !!!!!!!!!! вылечить.слепоту 0 5
!!!!!!!!!! !------------- !!!!!!!!!! !!!!!!!!!! создать.воду 0 1
!!!!!!!!!! !------------- !!!!!!!!!! !!!!!!!!!! легкое.исцеление 0 1
master 4005

poly колдунья
;	   ЛКТБHДКВЧВОККВ	
;          еоаоаруоеихууо
;          клтгеудлртозпл
!!!!!!!!!! !!----!!!!!!!! !!!!!!!!!! !!!!!!!!!! 0 опознание           10
!!!!!!!!!! ------!!!----- !!!!!!!!!! !!!!!!!!!! магическая.стрела     0 1
!!!!!!!!!! -!------------ !!!!!!!!!! !!!!!!!!!! горящие.руки          0 1
!!!!!!!!!! -!------------ !!!!!!!!!! !!!!!!!!!! обжигающая.хватка     0 4
!!!!!!!!!! ------!!!----- !!!!!!!!!! !!!!!!!!!! ледяное.прикосновение 0 7
!!!!!!!!!! -!------------ !!!!!!!!!! !!!!!!!!!! яркий.блик            0 7
master 4006

poly старец
;	   ЛКТБHДКВЧВОККВ	
;          еоаоаруоеихууо
;          клтгеудлртозпл
!!!!!!!!!! -------!------ !!!!!!!!!! !!!!!!!!!! защита 0 1
!!!!!!!!!! -!----!-!----- !!!!!!!!!! !!!!!!!!!! защита 0 4
!!!!!!!!!! -------!------ !!!!!!!!!! !!!!!!!!!! сила 0 1
!!!!!!!!!! -!----!------- !!!!!!!!!! !!!!!!!!!! сила 0 4
!!!!!!!!!! !!----!!!----- !!!!!!!!!! !!!!!!!!!! создать.свет 0 1
!!!!!!!!!! ------------!- !!!!!!!!!! !!!!!!!!!! создать.свет 0 8
!!!!!!!!!! -!-----!------ !!!!!!!!!! !!!!!!!!!! невидимость 0 5
!!!!!!!!!! ------!------- !!!!!!!!!! !!!!!!!!!! невидимость 0 3
!!!!!!!!!! --------!----- !!!!!!!!!! !!!!!!!!!! затуманивание 0 5
!!!!!!!!!! ------!!------ !!!!!!!!!! !!!!!!!!!! затуманивание 0 4
master 4008

poly охотник
;	   ЛКТБHДКВЧВОККВ	
;          еоаоаруоеихууо
;          клтгеудлртозпл
!!!!!!!!!! ----------!--- !!!!!!!!!! !!!!!!!!!! 0 дополнительный 1
!!!!!!!!!! ----------!--- !!!!!!!!!! !!!!!!!!!! 0 приглядеться 5
!!!!!!!!!! ----------!--- !!!!!!!!!! !!!!!!!!!! 0 маскировка 10
!!!!!!!!!! ----!-----!--- !!!!!!!!!! !!!!!!!!!! 0 замести.следы 10
!!!!!!!!!! ----------!--- !!!!!!!!!! !!!!!!!!!! 0 освежевать 5
!!!!!!!!!! --!-!--------- !!!!!!!!!! !!!!!!!!!! 0 подкрасться 10
!!!!!!!!!! ----------!--- !!!!!!!!!! !!!!!!!!!! 0 выследить 10
!!!!!!!!!! ----------!--- !!!!!!!!!! !!!!!!!!!! 0 разжечь.костер 10
!!!!!!!!!! !!!!!!!!!!!!!! !!!!!!!!!! !!!!!!!!!! 0 следопыт 1
!!!!!!!!!! !!!!!!!!!!!!!! !!!!!!!!!! !!!!!!!!!! 0 выносливость 1
!!!!!!!!!! !!!!!!!!!!!!!! !!!!!!!!!! !!!!!!!!!! 0 лесные.тропы 1
!!!!!!!!!! !!!!!!!!!!!!!! !!!!!!!!!! !!!!!!!!!! 0 горные.тропы 1
!!!!!!!!!! !!!!!!!!!!!!!! !!!!!!!!!! !!!!!!!!!! 0 двойной.выстрел 1
master 4012

poly лихой человек
;	   ЛКТБHДКВЧВОККВ	
;          еоаоаруоеихууо
;          клтгеудлртозпл
!!!!!!!!!! --!-!--------- !!!!!!!!!! !!!!!!!!!! 0 замести.следы 10
!!!!!!!!!! --!-!-------!- !!!!!!!!!! !!!!!!!!!! 0 прислушаться 10
!!!!!!!!!! --!----------- !!!!!!!!!! !!!!!!!!!! 0 уклониться 10
!!!!!!!!!! ----------!--- !!!!!!!!!! !!!!!!!!!! 0 уклониться 15
!!!!!!!!!! --!----------- !!!!!!!!!! !!!!!!!!!! 0 подсмотреть 10
!!!!!!!!!! --!----------- !!!!!!!!!! !!!!!!!!!! 0 заколоть 10
!!!!!!!!!! ----!--------- !!!!!!!!!! !!!!!!!!!! 0 заколоть 5
!!!!!!!!!! --!-!-------!- !!!!!!!!!! !!!!!!!!!! 0 спрятаться 5
!!!!!!!!!! --!----------- !!!!!!!!!! !!!!!!!!!! 0 взломать 5
!!!!!!!!!! --!---------!- !!!!!!!!!! !!!!!!!!!! 0 украсть 5
!!!!!!!!!! ----!--------- !!!!!!!!!! !!!!!!!!!! 0 подножка 5
!!!!!!!!!! !!!!!!!!!!!!!! !!!!!!!!!! !!!!!!!!!! 0 легкая.поступь 1
!!!!!!!!!! !!!!!!!!!!!!!! !!!!!!!!!! !!!!!!!!!! 0 незаметность 1
!!!!!!!!!! !!!!!!!!!!!!!! !!!!!!!!!! !!!!!!!!!! 0 ловкач 1
master 4013
