****************************************************************************
* Это файл списка возможных аффектов для вплавления в кузнечную перековку
* формат такой
* #900 - внум камня
* список_аффектов для этого камня
* аффекты трех типов - 1 - apply требуется два параметра первый - что 
* второй - кол-во например 1 6 1 - обояние +1
* 2 - аффекты полет инвиз и тп 
* например 2 2 - инвиз
* 3 - битвектор например $необезоружить 3 4096


#900
$определение.наклонностей
2 4
$определение.невидимости
2 8
$определение.магии
2 16
$хождение.по.воде
2 64
$доблесть
2 131072
$свет
2 536870912
$восстановление.жизни
1 25 30
$восстановление.бодрости
1 26 30
#901
$инфравидение
2 1024
$защита.от.тьмы
2 4096
$защита.от.света
2 8192
$настороженность
2 33554432
#902
$полет
2 8388608
$мигание
2 67108864
$глобальный.свет
2 1073741825
$глобальная.тьма
2 1073741826
$дыхание.водой
2 1073742848
$ускорение
2 1073745920
#903
$жизнь
1 13 10
$бодрость
1 14 30
$защита
1 17 -20
$попадание
1 18 3
$повреждение
1 19 3
$инициатива
1 42 5
$поглощение
1 44 5
#904
$воля
1 20 -10
$размер
1 36 10
$броня
1 37 10
$реакция
1 39 -10
$удача
1 41 5
#905
$освящение
2 128
$каменная.рука
2 1074266112
$призматическая.аура
2 1074790400
$воздушная.аура
2 1082130432
$огненная.аура
2 1090519040
$ледяная.аура
2 1107296256
#906
$невидимость
2 2
$необезоружить
3 4096
$сопротивление.воде
1 46 5
$сопротивление.земле
1 47 5
$сопротивление.огню
1 21 5
$сопротивление.воздуху
1 22 5
$живучесть
1 48 5
$разум
1 49 2
$иммунитет
1 50 5
#907
$сила
1 1 1
$ловкость
1 2 1
$интеллект
1 3 1
$мудрость
1 4 1
$телосложение
1 5 1
$обаяние
1 6 1
#908
$сила
1 1 2
$ловкость
1 2 2
$интеллект
1 3 2
$мудрость
1 4 2
$телосложение
1 5 2
$обаяние
1 6 2
$сопротивление.магическим.эффектам
1 51 3
$сопротивление.магическим.повреждениям
1 52 3


