;feature, race (РВС), class, remort, slot, is_nauralfeature
;
; лекарь
напарник *		1 0 0	0	0	0	0
пьяница *		1 0 0	0	0	0	0
привычка к		1 0 0	0	0	0	0
сила духа		1 0 0	0	0	0	0
лесные тропы		1 0 0	0	0	0	0
горные тропы		1 0 0	0	0	0	0
слепой бой		1 0 0	0	0	0	0
любимое_оружие: палица	1 0 0	0	0	0	0
любимое_оружие: секира	1 0 0	0	0	0	0
любимое_оружие: нож	1 0 0	0	0	0	0
любимое_оружие: кинжал	1 0 0	0	0	0	0
любимое_оружие: копье	1 0 0	0	0	0	0
любимое_оружие: лук	1 0 0	0	0	0	0
быстрое заживление	1 0 0	0	0	0	1
боевое колдовство	1 0 0	0	0	0	1
мгновенная реакция	1 0 0	0	0	1	0
тяжеловоз *		1 0 0	0	0	1	0
двойной выстрел		1 0 0	0	0	1	0
жонглер *		1 0 0	0	0	2	0
травник *		1 0 0	0	0	2	0
деревянная кожа		1 0 0	0	0	2	0
выносливость *		1 0 0   0       0       2	0
подмена заклинания	1 0 0	0	0	3	0
знаток *		1 0 0	0	0	3	0
легкая поступь		1 0 0	0	0	3	0
целитель *		1 0 0   0       0       4	0
боевой дух		1 0 0	0	0	5	0
изгоняющий нежить	1 0 0	0	0	5	0
использование амулетов	1 0 0	0	0	0	1
;
; колдун
напарник *		1 0 0	1	0	0	0
пьяница *		1 0 0	1	0	0	0
привычка к              1 0 0   1       0       0       0
сила духа		1 0 0	1	0	0	0
лесные тропы		1 0 0	1	0	0	0
горные тропы		1 0 0	1	0	0	0
превосходная память	1 0 0	1	0	0	1
любимое_оружие: палица	1 0 0	1	0	0	0
любимое_оружие: нож	1 0 0	1	0	0	0
мгновенная реакция	1 0 0	1	0	1	0
тяжеловоз *		1 0 0	1	0	1	0
жонглер *		1 0 0	1	0	1	0
травник *		1 0 0	1	0	1	0
деревянная кожа		1 0 0	1	0	2	0
выносливость *		1 0 0   1       0       2	0
знаток *		1 0 0	1	0	3	0
боевой дух		1 0 0	1	0	5	0
зачаровать *		1 0 0	1	6	6	0
переместиться *		1 0 0	1	4	5	0
мощь колдовства		1 0 0	1	0	0	1
использование амулетов  1 0 0   1       0       0       1
; 
; тать
пьяница *		1 0 0	2	0	0	0
привычка к              1 0 0   2       0       0       0
лесные тропы		1 0 0	2	0	0	0
горные тропы		1 0 0	2	0	0	0
слепой бой		1 0 0	2	0	0	0
легкая поступь		1 0 0	2	0	0	0
любимое_оружие: голые	1 0 0	2	0	0	0
любимое_оружие: палица	1 0 0	2	0	0	0
любимое_оружие: нож	1 0 0	2	0	0	0
любимое_оружие: необыч	1 0 0	2	0	0	0
любимое_оружие: кинжал	1 0 0	2	0	0	0
любимое_оружие: копье	1 0 0	2	0	0	0
любимое_оружие: лук	1 0 0	2	0	0	0
твердая рука		1 0 0	2	0	0	1
сила духа		1 0 0	2	0	1	0
ловкач *		1 0 0	2	0	1	0
мгновенная реакция	1 0 0	2	0	1	0
тяжеловоз *		1 0 0	2	0	1	0
жонглер *		1 0 0	2	0	2	0
деревянная кожа		1 0 0	2	0	2	0
незаметность *		1 0 0	2	0	2	0
выносливость *		1 0 0   2       0       2	0
двойной выстрел		1 0 0	2	0	3	0
мастер кулач		1 0 0	2	0	4	0
мастер палицы		1 0 0	2	0	4	0
мастер ножа		1 0 0	2	0	4	0
мастер необыч		1 0 0	2	0	4	0
мастер кинжал		1 0 0	2	0	4	0
мастер копья		1 0 0	2	0	4	0
мастер лучник		1 0 0	2	0	4	0
прицельная атака	1 0 0	2	0	5	0
мощная атака		1 0 0	2	0	5	0
ловкий удар		1 0 0	2	0	5	0
боевой дух		1 0 0	2	0	5	0
проныра *		1 0 0	2	0	0	1
изворотливость *	1 0 0	2	0	0	1
воровской удар		1 0 0	2	0	0	1
хладнокровие *		1 0 0	2	0	0	1
отступление *		1 0 0	2	0	0	1
скользкий тип		1 0 0	2	0	0	0
;
; богатырь
пьяница *		1 0 0	3	0	0	0
привычка к              1 0 0   3       0       0       0
лесные тропы		1 0 0	3	0	0	0
горные тропы		1 0 0	3	0	0	0
слепой бой		1 0 0	3	0	0	0
предсмертная ярость	1 0 0	3	0	0	0
любимое_оружие: голые	1 0 0	3	0	0	0
любимое_оружие: палица	1 0 0	3	0	0	0
любимое_оружие: секира	1 0 0	3	0	0	0
любимое_оружие: меч	1 0 0	3	0	0	0
любимое_оружие: необыч	1 0 0	3	0	0	0
любимое_оружие: двуруч	1 0 0	3	0	0	0
любимое_оружие: копье	1 0 0	3	0	0	0
сила духа		1 0 0	3	0	1	0
мгновенная реакция	1 0 0	3	0	1	0
тяжеловоз *		1 0 0	3	0	1	0
жонглер *		1 0 0	3	0	2	0
деревянная кожа		1 0 0	3	0	2	0
мощная атака		1 0 0	3	0	2	0
прицельная атака	1 0 0	3	0	2	0
выносливость *		1 0 0   3       0       2	0
следопыт *		1 0 0	3	0	2	0
улучшенная прицельная	1 0 0	3	0	3	0
улучшенная мощная	1 0 0	3	0	3	0
ловкий удар		1 0 0	3	0	4	0
мастер кулач		1 0 0	3	0	4	0
мастер палицы		1 0 0	3	0	4	0
мастер секиры		1 0 0	3	0	4	0
мастер меча		1 0 0	3	0	4	0
мастер необыч		1 0 0	3	0	4	0
мастер двуруч		1 0 0	3	0	4	0
мастер копья		1 0 0	3	0	4	0
боевой дух		1 0 0	3	0	5	0
богатырская сила	1 0 0	3	0	0	1
забияка *		1 0 0	3	0	0	1
;
; наемник
пьяница *		1 0 0	4	0	0	0
привычка к              1 0 0   4       0       0       0
лесные тропы		1 0 0	4	0	0	0
горные тропы		1 0 0	4	0	0	0
слепой бой		1 0 0	4	0	0	0
любимое_оружие: голые	1 0 0	4	0	0	0
любимое_оружие: палица	1 0 0	4	0	0	0
любимое_оружие: нож	1 0 0	4	0	0	0
любимое_оружие: необыч	1 0 0	4	0	0	0
любимое_оружие: кинжал	1 0 0	4	0	0	0
любимое_оружие: копье	1 0 0	4	0	0	0
любимое_оружие: лук	1 0 0	4	0	0	0
сила духа		1 0 0	4	0	1	0
легкая поступь		1 0 0	4	0	1	0
мгновенная реакция	1 0 0	4	0	1	0
тяжеловоз *		1 0 0	4	0	1	0
жонглер *		1 0 0	4	0	2	0
травник *		1 0 0	4	0	2	0
деревянная кожа		1 0 0	4	0	2	0
незаметность *		1 0 0	4	0	2	0
выносливость *		1 0 0   4       0       2	0
следопыт *		1 0 0	4	0	2	0
двойной выстрел		1 0 0	4	0	3	0
мощная атака		1 0 0	4	0	4	0
прицельная атака	1 0 0	4	0	4	0
мастер кулач		1 0 0	4	0	4	0
мастер палицы		1 0 0	4	0	4	0
мастер ножа		1 0 0	4	0	4	0
мастер необыч		1 0 0	4	0	4	0
мастер кинжал		1 0 0	4	0	4	0
мастер копья		1 0 0   4       0       4	0
мастер лучник		1 0 0	4	0	4	0
улучшенная прицельная	1 0 0	4	0	5	0
улучшенная мощная	1 0 0	4	0	5	0
ловкий удар		1 0 0	4	0	5	0
боевой дух		1 0 0	4	0	5	0
проныра *		1 0 0	4	0	0	1
отступление *		1 0 0	4	0	0	1
танцующая тень		1 0 0	4	0	0	1
;
; дружинник
непробиваемый *         1 0 0   5       0       0       1
пьяница *		1 0 0	5	0	0	0
привычка к              1 0 0   5       0       0       0
лесные тропы		1 0 0	5	0	0	0
горные тропы		1 0 0	5	0	0	0
слепой бой		1 0 0	5	0	0	0
любимое_оружие: голые	1 0 0	5	0	0	0
любимое_оружие: палица	1 0 0	5	0	0	0
любимое_оружие: секира	1 0 0	5	0	0	0
любимое_оружие: меч	1 0 0	5	0	0	0
любимое_оружие: нож	1 0 0	5	0	0	0
любимое_оружие: необыч	1 0 0	5	0	0	0
любимое_оружие: двуруч	1 0 0	5	0	0	0
любимое_оружие: кинжал	1 0 0	5	0	0	0
любимое_оружие: копье	1 0 0	5	0	0	0
любимое_оружие: лук	1 0 0	5	0	0	0
сила духа		1 0 0	5	0	0	1
проворство *		1 0 0	5	0	0	1
твердая рука		1 0 0	5	0	0	1
деревянная кожа		1 0 0	5	0	1	0
мгновенная реакция	1 0 0	5	0	1	0
тяжеловоз *		1 0 0	5	0	1	0
жонглер *		1 0 0	5	0	2	0
отбить стрелу		1 0 0	5	0	2	0
выносливость *		1 0 0   5       0       2	0
следопыт *		1 0 0	5	0	2	0
двойной выстрел		1 0 0	5	0	3	0
прицельная атака	1 0 0	5	0	3	0
мощная атака		1 0 0	5	0	3	0
легкая поступь		1 0 0	5	0	3	0
улучшенная прицельная	1 0 0	5	0	4	0
улучшенная мощная	1 0 0	5	0	4	0
ловкий удар		1 0 0	5	0	4	0
мастер кулач		1 0 0	5	0	4	0
мастер палицы		1 0 0	5	0	4	0
мастер секиры		1 0 0	5	0	4	0
мастер меча		1 0 0	5	0	4	0
мастер ножа		1 0 0	5	0	4	0
мастер необыч		1 0 0	5	0	4	0
мастер двуруч		1 0 0	5	0	4	0
мастер кинжал		1 0 0	5	0	4	0
мастер копья		1 0 0	5	0	4	0
мастер лучник		1 0 0	5	0	4	0
железная кожа		1 0 0	5	0	5	0
боевой дух		1 0 0	5	0	5	0
щитоносец *		1 0 0	5	0	0	1
использование амулетов  1 0 0   5       0       0       1
;
; кудесник
напарник *		1 0 0	6	0	0	0
пьяница *		1 0 0	6	0	0	0
привычка к              1 0 0   6       0       0       0
сила духа		1 0 0	6	0	0	0
лесные тропы		1 0 0	6	0	0	0
горные тропы		1 0 0	6	0	0	0
природный ум		1 0 0	6	0	0	1
любимое_оружие: палица	1 0 0	6	0	1	0
любимое_оружие: нож	1 0 0	6	0	1	0
мгновенная реакция	1 0 0	6	0	1	0
тяжеловоз *		1 0 0	6	0	1	0
жонглер *		1 0 0	6	0	2	0
травник *		1 0 0	6	0	2	0
деревянная кожа		1 0 0	6	0	2	0
выносливость *		1 0 0   6       0       2	0
знаток *		1 0 0	6	0	3	0
запасливость *		1 0 0	6	0	3	0
боевой дух		1 0 0	6	0	5	0
использование амулетов  1 0 0   6       0       0       1
златоуст *		1 0 0	6	0	0	1
;
; волшебник
напарник *		1 0 0	7	0	0	0
пьяница *		1 0 0	7	0	0	0
привычка к              1 0 0   7       0       0       0
сила духа		1 0 0	7	0	0	0
лесные тропы		1 0 0	7	0	0	0
горные тропы		1 0 0	7	0	0	0
природный ум		1 0 0	7	0	0	1
любимое_оружие: палица	1 0 0	7	0	1	0
любимое_оружие: нож	1 0 0	7	0	1	0
мгновенная реакция	1 0 0	7	0	1	0
тяжеловоз *		1 0 0	7	0	1	0
жонглер *		1 0 0	7	0	2	0
травник *		1 0 0	7	0	2	0
деревянная кожа		1 0 0	7	0	2	0
выносливость *		1 0 0   7       0       2	0
знаток *		1 0 0	7	0	3	0
боевой дух		1 0 0	7	0	5	0
использование амулетов  1 0 0   7       0       0       1
;
; чернокнижник
напарник *		1 0 0	8	0	0	0
пьяница *		1 0 0	8	0	0	0
привычка к              1 0 0   8       0       0       0
сила духа		1 0 0	8	0	0	0
лесные тропы		1 0 0	8	0	0	0
горные тропы		1 0 0	8	0	0	0
отличная память		1 0 0	8	0	0	1
кошачий глаз		1 0 0	8	0	0	1
любимое_оружие: палица	1 0 0	8	0	1	0
любимое_оружие: нож	1 0 0	8	0	1	0
мгновенная реакция	1 0 0	8	0	1	0
тяжеловоз *		1 0 0	8	0	1	0
жонглер *		1 0 0	8	0	2	0
травник *		1 0 0	8	0	2	0
деревянная кожа		1 0 0	8	0	2	0
выносливость *		1 0 0   8       0       2	0
знаток *		1 0 0	8	0	3	0
боевой дух		1 0 0	8	0	5	0
использование амулетов  1 0 0   8       0       0       1
погонщик умертвий	1 0 0	8	0	0	1
;
; витязь
пьяница *		1 0 0	9	0	0	0
привычка к              1 0 0   9       0       0       0
лесные тропы		1 0 0	9	0	0	0
горные тропы		1 0 0	9	0	0	0
слепой бой		1 0 0	9	0	0	0
любимое_оружие: голые	1 0 0	9	0	0	0
любимое_оружие: палица	1 0 0	9	0	0	0
любимое_оружие: секира	1 0 0	9	0	0	0
любимое_оружие: меч	1 0 0	9	0	0	0
любимое_оружие: нож	1 0 0	9	0	0	0
любимое_оружие: необыч	1 0 0	9	0	0	0
любимое_оружие: двуруч	1 0 0	9	0	0	0
любимое_оружие: кинжал	1 0 0	9	0	0	0
любимое_оружие: копье	1 0 0	9	0	0	0
любимое_оружие: лук	1 0 0	9	0	0	0
магическое родство	1 0 0	9	0	0	1
счастливчик *		1 0 0	9	0	0	1
подвижность *		1 0 0	9	0	0	1
боевое колдовство	1 0 0	9	0	0	1
мгновенная реакция	1 0 0	9	0	1	0
сила духа		1 0 0	9	0	1	0
тяжеловоз *		1 0 0	9	0	1	0
жонглер *		1 0 0	9	0	2	0
травник *		1 0 0	9	0	2	0
деревянная кожа		1 0 0	9	0	2	0
выносливость *		1 0 0   9       0       2	0
следопыт *		1 0 0	9	0	2	0
двойной выстрел		1 0 0	9	0	3	0
прицельная атака	1 0 0	9	0	3	0
мощная атака		1 0 0	9	0	3	0
легкая поступь		1 0 0	9	0	3	0
отбить стрелу		1 0 0	9	0	3	0
знаток *		1 0 0	9	0	3	0
улучшенная прицельная	1 0 0	9	0	4	0
улучшенная мощная	1 0 0	9	0	4	0
ловкий удар		1 0 0	9	0	4	0
мастер кулач		1 0 0	9	0	4	0
мастер палицы		1 0 0	9	0	4	0
мастер секиры		1 0 0	9	0	4	0
мастер меча		1 0 0	9	0	4	0
мастер ножа		1 0 0	9	0	4	0
мастер необыч		1 0 0	9	0	4	0
мастер двуруч		1 0 0	9	0	4	0
мастер кинжал		1 0 0	9	0	4	0
мастер копья		1 0 0	9	0	4	0
мастер лучник		1 0 0	9	0	4	0
изгоняющий нежить	1 0 0	9	0	5	0
боевой дух		1 0 0	9	0	5	0
;
; охотник
пьяница *		1 0 0	10	0	0	0
привычка к              1 0 0   10	0	0	0
горные тропы		1 0 0	10	0	0	0
слепой бой		1 0 0	10	0	0	0
легкая поступь		1 0 0	10	0	0	0
любимое_оружие: голые	1 0 0	10	0	0	0
любимое_оружие: палица	1 0 0	10	0	0	0
любимое_оружие: секира	1 0 0	10	0	0	0
любимое_оружие: нож	1 0 0	10	0	0	0
любимое_оружие: необыч	1 0 0	10	0	0	0
любимое_оружие: кинжал	1 0 0	10	0	0	0
любимое_оружие: копье	1 0 0	10	0	0	0
любимое_оружие: лук	1 0 0	10	0	0	0
лесные тропы		1 0 0	10	0	0	1
выносливость *		1 0 0   10	0       0       1
тяжел на		1 0 0	10	0	0	1
сила духа		1 0 0	10	0	1	0
мгновенная реакция	1 0 0	10	0	1	0
тяжеловоз *		1 0 0	10	0	1	0
жонглер *		1 0 0	10	0	2	0
травник *		1 0 0	10	0	2	0
деревянная кожа		1 0 0	10	0	2	0
прицельная атака	1 0 0	10	0	2	0
мощная атака		1 0 0	10	0	2	0
незаметность *		1 0 0	10	0	2	0
следопыт *		1 0 0	10	0	2	0
улучшенная прицельная	1 0 0	10	0	3	0
улучшенная мощная	1 0 0	10	0	3	0
знаток *		1 0 0	10	0	3	0
ловкий удар		1 0 0	10	0	4	0
мастер кулач		1 0 0	10	0	4	0
мастер палицы		1 0 0	10	0	4	0
мастер секиры		1 0 0	10	0	4	0
мастер ножа		1 0 0	10	0	4	0
мастер необыч		1 0 0	10	0	4	0
мастер кинжал		1 0 0	10	0	4	0
мастер копья		1 0 0	10	0	4	0
мастер лучник		1 0 0	10	0	4	0
боевой дух		1 0 0	10	0	5	0
ловкий выстрел		1 0 0	10	0	5	0
;
; кузнец
пьяница *		1 0 0	11	0	0	0
привычка к              1 0 0   11      0       0       0
лесные тропы		1 0 0	11	0	0	0
горные тропы		1 0 0	11	0	0	0
слепой бой		1 0 0	11	0	0	0
любимое_оружие: голые	1 0 0	11	0	0	0
любимое_оружие: палица	1 0 0	11	0	0	0
любимое_оружие: секира	1 0 0	11	0	0	0
любимое_оружие: меч	1 0 0	11	0	0	0
любимое_оружие: нож	1 0 0	11	0	0	0
любимое_оружие: необыч	1 0 0	11	0	0	0
любимое_оружие: двуруч	1 0 0	11	0	0	0
любимое_оружие: кинжал	1 0 0	11	0	0	0
любимое_оружие: копье	1 0 0	11	0	0	0
тяжел на		1 0 0	11	0	0	1
сила духа		1 0 0	11	0	1	0
предсмертная ярость	1 0 0	11	0	1	0
мгновенная реакция	1 0 0	11	0	1	0
тяжеловоз *		1 0 0	11	0	1	0
жонглер *		1 0 0	11	0	2	0
травник *		1 0 0	11	0	2	0
деревянная кожа		1 0 0	11	0	2	0
прицельная атака	1 0 0	11	0	2	0
мощная атака		1 0 0	11	0	2	0
выносливость *		1 0 0   11      0       2	0
следопыт *		1 0 0	11	0	2	0
знаток *		1 0 0	11	0	2	1
улучшенная прицельная	1 0 0	11	0	3	0
улучшенная мощная	1 0 0	11	0	3	0
легкая поступь		1 0 0	11	0	3	0
отбить стрелу		1 0 0	11	0	3	0
ловкий удар		1 0 0	11	0	4	0
мастер кулач		1 0 0	11	0	4	0
мастер палицы		1 0 0	11	0	4	0
мастер секиры		1 0 0	11	0	4	0
мастер меча		1 0 0	11	0	4	0
мастер ножа		1 0 0	11	0	4	0
мастер необыч		1 0 0	11	0	4	0
мастер двуруч		1 0 0	11	0	4	0
мастер кинжал		1 0 0	11	0	4	0
мастер копья		1 0 0	11	0	4	0
боевой дух		1 0 0	11	0	5	0
концентрация силы	1 0 0	11	0	1	1
искусный ювелир		1 0 0	11	0	0	1
;
; купец
пьяница *		1 0 0	12	0	0	0
привычка к              1 0 0   12      0       0       0
лесные тропы		1 0 0	12	0	0	0
горные тропы		1 0 0	12	0	0	0
слепой бой		1 0 0	12	0	0	0
любимое_оружие: голые	1 0 0	12	0	0	0
любимое_оружие: палица	1 0 0	12	0	0	0
любимое_оружие: нож	1 0 0	12	0	0	0
любимое_оружие: необыч	1 0 0	12	0	0	0
любимое_оружие: кинжал	1 0 0	12	0	0	0
любимое_оружие: копье	1 0 0	12	0	0	0
выносливость *		1 0 0   12      0       0       1
отличная память		1 0 0	12	0	0	1
магическое чутье	1 0 0	12	0	0	1
боевое колдовство	1 0 0	12	0	0	1
сила духа		1 0 0	12	0	1	0
мгновенная реакция	1 0 0	12	0	1	0
тяжеловоз *		1 0 0	12	0	1	0
жонглер *		1 0 0	12	0	2	0
травник *		1 0 0	12	0	2	0
деревянная кожа		1 0 0	12	0	2	0
незаметность *		1 0 0	12	0	2	0
легкая поступь		1 0 0	12	0	3	0
знаток *		1 0 0	12	0	3	1
запасливость *		1 0 0	12	0	3	0
мастер палицы		1 0 0	12	0	4	0
мастер ножа		1 0 0	12	0	4	0
мастер кинжала		1 0 0	12	0	4	0
мастер копья		1 0 0	12	0	4	0
боевой дух		1 0 0	12	0	5	0
сладкоречие *		1 0 0	12	0	0	1
использование амулетов  1 0 0   12	0	0	1
торговая сметка		1 0 0	12	0	0	1
навык найма		1 0 0	12	0	0	1
хладнокровие *		1 0 0	12	0	0	1
отступление *		1 0 0	12	0	0	1
;
; волхв
напарник *		1 0 0	13	0	0	0
пьяница *		1 0 0	13	0	0	0
привычка к              1 0 0   13      0       0       0
сила духа		1 0 0	13	0	0	0
лесные тропы		1 0 0	13	0	0	0
горные тропы		1 0 0	13	0	0	0
слепой бой		1 0 0	13	0	0	0
любимое_оружие: голые	1 0 0	13	0	0	0
любимое_оружие: палица	1 0 0	13	0	0	0
любимое_оружие: нож	1 0 0	13	0	0	0
любимое_оружие: необыч	1 0 0	13	0	0	0
любимое_оружие: копье	1 0 0	13	0	0	0
выносливость *		1 0 0   13      0       0       1
быстрое заживление	1 0 0	13	0	0	1
боевое колдовство	1 0 0	13	0	0	1
мгновенная реакция	1 0 0	13	0	1	0
тяжеловоз *		1 0 0	13	0	1	0
жонглер *		1 0 0	13	0	2	0
травник *		1 0 0	13	0	2	1
деревянная кожа		1 0 0	13	0	2	0
легкая поступь		1 0 0	13	0	3	0
знаток *		1 0 0	13	0	3	0
боевой дух		1 0 0	13	0	5	0
толкователь рун		1 0 0	13	8	1	0
тайные руны		1 0 0	13	11	1	0
заветные руны		1 0 0	13	14	1	0
руны богов		1 0 0	13	17	1	0
использование амулетов  1 0 0	13	0	0	1
запасливость *		1 0 0	13	0	0	1
; 
