; spell skill level
; <master> vnum
; <poly>
; RACES CLASSES RELIGION ALIGNMENT SPELL SKILL LEVEL
; <master> vnum

poly старейшина
;          ЛКТБHДКВЧВОККВ	
;          еоаоаруоеихууо
;          клтгеудлртозпл
!!!!!!!!!! ---!---------- !!!!!!!!!! !!!!!!!!!! 0 боевой.клич 1
!!!!!!!!!! ---!---------- !!!!!!!!!! !!!!!!!!!! 0 перехватить 1
!!!!!!!!!! ---!---------- !!!!!!!!!! !!!!!!!!!! 0 прикрыть 1
!!!!!!!!!! ---!---------- !!!!!!!!!! !!!!!!!!!! 0 удар 1
!!!!!!!!!! ---!-!---!!!!- !!!!!!!!!! !!!!!!!!!! 0 пнуть 1
!!!!!!!!!! !!!!!!!!!!!!!! !!!!!!!!!! !!!!!!!!!! 0 кулачный.бой 1
!!!!!!!!!! ---!-!---!!!-- !!!!!!!!!! !!!!!!!!!! 0 спасти 1
!!!!!!!!!! !!!!!!!!!!!!!! !!!!!!!!!! !!!!!!!!!! 0 палицы 1
!!!!!!!!!! !--!-!---!!!-- !!!!!!!!!! !!!!!!!!!! 0 секиры 1
!!!!!!!!!! ---!-!---!-!-- !!!!!!!!!! !!!!!!!!!! 0 длинные 1
!!!!!!!!!! !!!!!!!!!!!!!! !!!!!!!!!! !!!!!!!!!! 0 короткие 1
!!!!!!!!!! !!!!!!!!!!!!!! !!!!!!!!!! !!!!!!!!!! 0 иное 1
!!!!!!!!!! ---!-!---!-!-- !!!!!!!!!! !!!!!!!!!! 0 двуручники 1
!!!!!!!!!! !-!!!!---!!!!- !!!!!!!!!! !!!!!!!!!! 0 проникающее 1
!!!!!!!!!! !-!!!!---!!!!! !!!!!!!!!! !!!!!!!!!! 0 копья 1
!!!!!!!!!! !-!-!!---!!--- !!!!!!!!!! !!!!!!!!!! 0 луки 1
!!!!!!!!!! -----!---!-!-- !!!!!!!!!! !!!!!!!!!! 0 сбить 1
!!!!!!!!!! -----!---!---- !!!!!!!!!! !!!!!!!!!! 0 блокировать.щитом 1
!!!!!!!!!! -----!---!!!-- !!!!!!!!!! !!!!!!!!!! 0 парировать 1
!!!!!!!!!! !!!!!!!!!!!!!! !!!!!!!!!! !!!!!!!!!! 0 горное.дело 1
!!!!!!!!!! !!!!!!!!!!!!!! !!!!!!!!!! !!!!!!!!!! 0 предсмертная.ярость 1
!!!!!!!!!! !!!!!!!!!!!!!! !!!!!!!!!! !!!!!!!!!! 0 деревянная.кожа 1
!!!!!!!!!! !!!!!!!!!!!!!! !!!!!!!!!! !!!!!!!!!! 0 отбить.стрелу 1
!!!!!!!!!! !!!!!!!!!!!!!! !!!!!!!!!! !!!!!!!!!! 0 слепой.бой 1
!!!!!!!!!! !!!!!!!!!!!!!! !!!!!!!!!! !!!!!!!!!! 0 мощная.атака 1
!!!!!!!!!! !!!!!!!!!!!!!! !!!!!!!!!! !!!!!!!!!! 0 улучшенная.мощная 1
!!!!!!!!!! !!!!!!!!!!!!!! !!!!!!!!!! !!!!!!!!!! 0 прицельная.атака 1
!!!!!!!!!! !!!!!!!!!!!!!! !!!!!!!!!! !!!!!!!!!! 0 улучшенная.прицельная 1
!!!!!!!!!! !!!!!!!!!!!!!! !!!!!!!!!! !!!!!!!!!! 0 железная.кожа 1
!!!!!!!!!! !!!!!!!!!!!!!! !!!!!!!!!! !!!!!!!!!! 0 мгновенная.реакция 1
!!!!!!!!!! !!!!!!!!!!!!!! !!!!!!!!!! !!!!!!!!!! 0 пьяница 1
!!!!!!!!!! !!!!!!!!!!!!!! !!!!!!!!!! !!!!!!!!!! 0 сила.духа 1
!!!!!!!!!! !!!!!!!!!!!!!! !!!!!!!!!! !!!!!!!!!! 0 ловкий.удар 1
!!!!!!!!!! !!!!!!!!!!!!!! !!!!!!!!!! !!!!!!!!!! 0 любимое_оружие:.голые 1
!!!!!!!!!! !!!!!!!!!!!!!! !!!!!!!!!! !!!!!!!!!! 0 любимое_оружие:.палица 1
!!!!!!!!!! !!!!!!!!!!!!!! !!!!!!!!!! !!!!!!!!!! 0 любимое_оружие:.секира 1
!!!!!!!!!! !!!!!!!!!!!!!! !!!!!!!!!! !!!!!!!!!! 0 любимое_оружие:.меч 1
!!!!!!!!!! !!!!!!!!!!!!!! !!!!!!!!!! !!!!!!!!!! 0 любимое_оружие:.нож 1
!!!!!!!!!! !!!!!!!!!!!!!! !!!!!!!!!! !!!!!!!!!! 0 любимое_оружие:.необычное 1
!!!!!!!!!! !!!!!!!!!!!!!! !!!!!!!!!! !!!!!!!!!! 0 любимое_оружие:.двуручник 1
!!!!!!!!!! !!!!!!!!!!!!!! !!!!!!!!!! !!!!!!!!!! 0 любимое_оружие:.кинжал 1
!!!!!!!!!! !!!!!!!!!!!!!! !!!!!!!!!! !!!!!!!!!! 0 любимое_оружие:.копье 1
!!!!!!!!!! !!!!!!!!!!!!!! !!!!!!!!!! !!!!!!!!!! 0 любимое_оружие:.лук 1
!!!!!!!!!! !!!!!!!!!!!!!! !!!!!!!!!! !!!!!!!!!! 0 привычка.к 1
!!!!!!!!!! !!!!!!!!!!!!!! !!!!!!!!!! !!!!!!!!!! 0 тяжеловоз 1
!!!!!!!!!! !!!!!!!!!!!!!! !!!!!!!!!! !!!!!!!!!! 0 жонглер 1
!!!!!!!!!! !!!!!!!!!!!!!! !!!!!!!!!! !!!!!!!!!! 0 боевой.дух 1
!!!!!!!!!! !!!!!!!!!!!!!! !!!!!!!!!! !!!!!!!!!! 0 запасливость 1
!!!!!!!!!! !!!!!!!!!!!!!! !!!!!!!!!! !!!!!!!!!! 0 напарник 1
;master 3100
master 4000
master 5000
master 6012

poly подмастерье
;          ЛКТБHДКВЧВОККВ	
;          еоаоаруоеихууо
;          клтгеудлртозпл

!!!!!!!!!! -----------!-- !!!!!!!!!! !!!!!!!!!! 0 ремонт 1
!!!!!!!!!! -----------!-- !!!!!!!!!! !!!!!!!!!! 0 укрепить 1
;master 3104
master 4004
master 5017
master 6007
poly помошник кузнеца
;          ЛКТБHДКВЧВОККВ	
;          еоаоаруоеихууо
;          клтгеудлртозпл
!!!!!!!!!! -----------!-- !!!!!!!!!! !!!!!!!!!! 0 ремонт 1
!!!!!!!!!! -----------!-- !!!!!!!!!! !!!!!!!!!! 0 укрепить 1
!!!!!!!!!! ----------!--- !!!!!!!!!! !!!!!!!!!! 0 сбить 1

poly травник
;          ЛКТБHДКВЧВОККВ	
;          еоаоаруоеихууо
;          клтгеудлртозпл
!!!!!!!!!! !----!---!!--- !!!!!!!!!! !!!!!!!!!! 0 лечить 1
!!!!!!!!!! !!!!!!!!!!!!!! !!!!!!!!!! !!!!!!!!!! 0 опохмелиться 1
!!!!!!!!!! !!!!!!!!!!!!!! !!!!!!!!!! !!!!!!!!!! 0 магия.света 1
!!!!!!!!!! !!!!!!!!!!!!!! !!!!!!!!!! !!!!!!!!!! 0 магия.жизни 1
!!!!!!!!!! !!!!!!!!!!!!!! !!!!!!!!!! !!!!!!!!!! 0 магия.разума 1
!!!!!!!!!! !!!!!!!!!!!!!! !!!!!!!!!! !!!!!!!!!! 0 изгоняющий.нежить 24
!!!!!!!!!! !!!!!!!!!!!!!! !!!!!!!!!! !!!!!!!!!! 0 целитель 5
!!!!!!!!!! !!!!!!!!!!!!!! !!!!!!!!!! !!!!!!!!!! 0 знаток 1
!!!!!!!!!! !!!!!!!!!!!!!! !!!!!!!!!! !!!!!!!!!! 0 травник 1
!!!!!!!!!! !!!!!!!!!!!!!! !!!!!!!!!! !!!!!!!!!! 0 подмена.заклинания 1
!!!!!!!!!! !!!!!!!!!!!!!! !!!!!!!!!! !!!!!!!!!! 0 толкователь.рун 1
!!!!!!!!!! !!!!!!!!!!!!!! !!!!!!!!!! !!!!!!!!!! 0 тайные.руны 1
!!!!!!!!!! !!!!!!!!!!!!!! !!!!!!!!!! !!!!!!!!!! 0 заветные.руны 1
!!!!!!!!!! !!!!!!!!!!!!!! !!!!!!!!!! !!!!!!!!!! 0 руны.богов 1
;master 3107
master 4007
master 5024
master 6017

poly отшельник
;          ЛКТБHДКВЧВОККВ	
;          еоаоаруоеихууо
;          клтгеудлртозпл
!!!!!!!!!! !!!!!!!!!!!!!! !!!!!!!!!! !!!!!!!!!! 0 магия.огня 1
!!!!!!!!!! !!!!!!!!!!!!!! !!!!!!!!!! !!!!!!!!!! 0 магия.воды 1
!!!!!!!!!! !!!!!!!!!!!!!! !!!!!!!!!! !!!!!!!!!! 0 магия.земли 1
!!!!!!!!!! !!!!!!!!!!!!!! !!!!!!!!!! !!!!!!!!!! 0 магия.воздуха 1
!!!!!!!!!! !------!------ !!!!!!!!!! !!!!!!!!!! определение.яда 0 1
!!!!!!!!!! -------!------ !!!!!!!!!! !!!!!!!!!! определение.наклонностей 0 4
!!!!!!!!!! !-------!----- !!!!!!!!!! !!!!!!!!!! определение.наклонностей 0 1
!!!!!!!!!! -------!------ !!!!!!!!!! !!!!!!!!!! определение.магии 0 4
!!!!!!!!!! -!----!------- !!!!!!!!!! !!!!!!!!!! определение.магии 0 1
!!!!!!!!!! -------!------ !!!!!!!!!! !!!!!!!!!! protect.evil 0 3
!!!!!!!!!! ---------!---- !!!!!!!!!! !!!!!!!!!! protect.evil 0 8
!!!!!!!!!! -!----!!------ !!!!!!!!!! !!!!!!!!!! видеть.невидимое 0 4
!!!!!!!!!! !------------- !!!!!!!!!! !!!!!!!!!! доблесть 0 4
!!!!!!!!!! ---------!---- !!!!!!!!!! !!!!!!!!!! доблесть 0 8
!!!!!!!!!! ------------!- !!!!!!!!!! !!!!!!!!!! доблесть 0 5
!!!!!!!!!! !------------- !!!!!!!!!! !!!!!!!!!! проклятье 0 4
!!!!!!!!!! ---------!---- !!!!!!!!!! !!!!!!!!!! проклятье 0 8
!!!!!!!!!! ------------!- !!!!!!!!!! !!!!!!!!!! проклятье 0 6
!!!!!!!!!! !------------- !!!!!!!!!! !!!!!!!!!! снять.проклятье 0 5
!!!!!!!!!! !------------- !!!!!!!!!! !!!!!!!!!! создать.пищу 0 1
!!!!!!!!!! !------------- !!!!!!!!!! !!!!!!!!!! слепота 0 5
!!!!!!!!!! ---------!---- !!!!!!!!!! !!!!!!!!!! слепота 0 14
!!!!!!!!!! !------------- !!!!!!!!!! !!!!!!!!!! удалить.яд 0 5
!!!!!!!!!! ---------!---- !!!!!!!!!! !!!!!!!!!! удалить.яд 0 10
!!!!!!!!!! !------------- !!!!!!!!!! !!!!!!!!!! легкий.вред 0 1
!!!!!!!!!! !------------- !!!!!!!!!! !!!!!!!!!! вылечить.слепоту 0 5
!!!!!!!!!! !------------- !!!!!!!!!! !!!!!!!!!! создать.воду 0 1
!!!!!!!!!! !------------- !!!!!!!!!! !!!!!!!!!! легкое.исцеление 0 1
;master 3105
master 4005
master 5005
master 6008

poly колдунья
;          ЛКТБHДКВЧВОККВ
;          еоаоаруоеихууо
;          клтгеудлртозпл
!!!!!!!!!! !!----!!!!!!!! !!!!!!!!!! !!!!!!!!!! 0 опознание           1
!!!!!!!!!! !!!!!!!!!!!!!! !!!!!!!!!! !!!!!!!!!! 0 магия.тьмы          1
!!!!!!!!!! !!!!!!!!!!!!!! !!!!!!!!!! !!!!!!!!!! 0 магия.разума        1
!!!!!!!!!! ------!!!----- !!!!!!!!!! !!!!!!!!!! магическая.стрела     0 1
!!!!!!!!!! -!------------ !!!!!!!!!! !!!!!!!!!! горящие.руки          0 1
!!!!!!!!!! -!------------ !!!!!!!!!! !!!!!!!!!! обжигающая.хватка     0 4
!!!!!!!!!! ------!!!----- !!!!!!!!!! !!!!!!!!!! ледяное.прикосновение 0 7
!!!!!!!!!! -!------------ !!!!!!!!!! !!!!!!!!!! яркий.блик            0 7
;master 3106
master 4006
master 5025 
master 6011

poly старец
;          ЛКТБHДКВЧВОККВ	
;          еоаоаруоеихууо
;          клтгеудлртозпл
!!!!!!!!!! -------!------ !!!!!!!!!! !!!!!!!!!! защита 0 1
!!!!!!!!!! -!----!-!----- !!!!!!!!!! !!!!!!!!!! защита 0 4
!!!!!!!!!! -------!------ !!!!!!!!!! !!!!!!!!!! сила 0 1
!!!!!!!!!! -!----!------- !!!!!!!!!! !!!!!!!!!! сила 0 4
!!!!!!!!!! !!----!!!----- !!!!!!!!!! !!!!!!!!!! создать.свет 0 1
!!!!!!!!!! ------------!- !!!!!!!!!! !!!!!!!!!! создать.свет 0 8
!!!!!!!!!! -!-----!------ !!!!!!!!!! !!!!!!!!!! невидимость 0 5
!!!!!!!!!! ------!------- !!!!!!!!!! !!!!!!!!!! невидимость 0 3
!!!!!!!!!! --------!----- !!!!!!!!!! !!!!!!!!!! затуманивание 0 5
!!!!!!!!!! ------!!------ !!!!!!!!!! !!!!!!!!!! затуманивание 0 4
;master 3108
master 4008
master 5008
master 6005

poly охотник
;          ЛКТБHДКВЧВОККВ	
;          еоаоаруоеихууо
;          клтгеудлртозпл
!!!!!!!!!! ----------!--- !!!!!!!!!! !!!!!!!!!! 0 дополнительный 1
!!!!!!!!!! ----------!--- !!!!!!!!!! !!!!!!!!!! 0 приглядеться 1
!!!!!!!!!! ----------!--- !!!!!!!!!! !!!!!!!!!! 0 маскировка 1
!!!!!!!!!! ----!-----!--- !!!!!!!!!! !!!!!!!!!! 0 замести.следы 1
!!!!!!!!!! --!-!-----!--- !!!!!!!!!! !!!!!!!!!! 0 освежевать 1
!!!!!!!!!! --!-!--------- !!!!!!!!!! !!!!!!!!!! 0 подкрасться 1
!!!!!!!!!! ----------!--- !!!!!!!!!! !!!!!!!!!! 0 выследить 1
!!!!!!!!!! !!!!!!!!!!!!!! !!!!!!!!!! !!!!!!!!!! 0 следопыт 1
!!!!!!!!!! !!!!!!!!!!!!!! !!!!!!!!!! !!!!!!!!!! 0 выносливость 1
!!!!!!!!!! !!!!!!!!!!!!!! !!!!!!!!!! !!!!!!!!!! 0 лесные.тропы 1
!!!!!!!!!! !!!!!!!!!!!!!! !!!!!!!!!! !!!!!!!!!! 0 горные.тропы 1
!!!!!!!!!! !!!!!!!!!!!!!! !!!!!!!!!! !!!!!!!!!! 0 двойной.выстрел 1
;master 3112
master 4012
master 5012
master 6014

poly лихой человек
;          ЛКТБHДКВЧВОККВ	
;          еоаоаруоеихууо
;          клтгеудлртозпл
!!!!!!!!!! ----!--------- !!!!!!!!!! !!!!!!!!!! 0 удавить 1
!!!!!!!!!! --!-!--------- !!!!!!!!!! !!!!!!!!!! 0 замести.следы 1
!!!!!!!!!! --!-!-------!- !!!!!!!!!! !!!!!!!!!! 0 прислушаться 1
!!!!!!!!!! --!-------!--- !!!!!!!!!! !!!!!!!!!! 0 уклониться 1
!!!!!!!!!! --!----------- !!!!!!!!!! !!!!!!!!!! 0 подсмотреть 1
!!!!!!!!!! --!-!--------- !!!!!!!!!! !!!!!!!!!! 0 заколоть 1
!!!!!!!!!! --!-!-------!- !!!!!!!!!! !!!!!!!!!! 0 спрятаться 1
;!!!!!!!!!! --!----------- !!!!!!!!!! !!!!!!!!!! 0 взломать 1
!!!!!!!!!! --!---------!- !!!!!!!!!! !!!!!!!!!! 0 украсть 1
!!!!!!!!!! ----!--------- !!!!!!!!!! !!!!!!!!!! 0 подножка 1
!!!!!!!!!! !!!!!!!!!!!!!! !!!!!!!!!! !!!!!!!!!! 0 легкая.поступь 1
!!!!!!!!!! !!!!!!!!!!!!!! !!!!!!!!!! !!!!!!!!!! 0 незаметность 1
!!!!!!!!!! !!!!!!!!!!!!!! !!!!!!!!!! !!!!!!!!!! 0 ловкач 1
;master 3113
master 4013
master 5013
master 6015

poly охотниквтемномлесу
;          ЛКТБHДКВЧВОККВ	
;          еоаоаруоеихууо
;          клтгеудлртозпл
!!!!!!!!!! ---!!!---!!!-- !!!!!!!!!! !!!!!!!!!! 0 выследить 1
!!!!!!!!!! !----!---!!--- !!!!!!!!!! !!!!!!!!!! 0 лидерство 1

poly кузнецвтемномлесу
;          ЛКТБHДКВЧВОККВ	
;          еоаоаруоеихууо
;          клтгеудлртозпл
!!!!!!!!!! ---!-!---!!!-- !!!!!!!!!! !!!!!!!!!! 0 обезоружить 1
!!!!!!!!!! ---!-!---!!!!- !!!!!!!!!! !!!!!!!!!! 0 сражение.верхом 1

poly бабаягавсказке
;          ЛКТБHДКВЧВОККВ	
;          еоаоаруоеихууо
;          клтгеудлртозпл
!!!!!!!!!! -------------! !!!!!!!!!! !!!!!!!!!! 0 сглазить 1
