; spell skill level
; <master> vnum
; <poly>
; RACES CLASSES RELIGION ALIGNMENT SPELL SKILL kLvl
; <master> vnum

poly О©╫О©╫О©╫О©╫О©╫О©╫О©╫О©╫О©╫О©╫
;          О©╫О©╫О©╫О©╫HО©╫О©╫О©╫О©╫О©╫О©╫О©╫О©╫О©╫	
;          О©╫О©╫О©╫О©╫О©╫О©╫О©╫О©╫О©╫О©╫О©╫О©╫О©╫О©╫
;          О©╫О©╫О©╫О©╫О©╫О©╫О©╫О©╫О©╫О©╫О©╫О©╫О©╫О©╫
!!!!!!!!!! ---!-!-------- !!!!!!!!!! !!!!!!!!!! 0 О©╫О©╫О©╫О©╫О©╫О©╫.О©╫О©╫О©╫О©╫ 1
!!!!!!!!!! ---!---------- !!!!!!!!!! !!!!!!!!!! 0 О©╫О©╫О©╫О©╫О©╫О©╫О©╫О©╫О©╫О©╫О©╫ 1
!!!!!!!!!! ---!---------- !!!!!!!!!! !!!!!!!!!! 0 О©╫О©╫О©╫О©╫О©╫О©╫О©╫О©╫ 1
!!!!!!!!!! ---!---------- !!!!!!!!!! !!!!!!!!!! 0 О©╫О©╫О©╫О©╫ 1
!!!!!!!!!! ---!-!---!!!!- !!!!!!!!!! !!!!!!!!!! 0 О©╫О©╫О©╫О©╫О©╫ 1
!!!!!!!!!! !!!!!!!!!!!!!! !!!!!!!!!! !!!!!!!!!! 0 О©╫О©╫О©╫О©╫О©╫О©╫О©╫О©╫.О©╫О©╫О©╫ 1
!!!!!!!!!! ---!-!---!!!-- !!!!!!!!!! !!!!!!!!!! 0 О©╫О©╫О©╫О©╫О©╫О©╫ 1
!!!!!!!!!! !!!!!!!!!!!!!! !!!!!!!!!! !!!!!!!!!! 0 О©╫О©╫О©╫О©╫О©╫О©╫ 1
!!!!!!!!!! !--!-!---!!!-- !!!!!!!!!! !!!!!!!!!! 0 О©╫О©╫О©╫О©╫О©╫О©╫ 1
!!!!!!!!!! ---!-!---!-!-- !!!!!!!!!! !!!!!!!!!! 0 О©╫О©╫О©╫О©╫О©╫О©╫О©╫ 1
!!!!!!!!!! !!!!!!!!!!!!!! !!!!!!!!!! !!!!!!!!!! 0 О©╫О©╫О©╫О©╫О©╫О©╫О©╫О©╫ 1
!!!!!!!!!! !!!!!!!!!!!!!! !!!!!!!!!! !!!!!!!!!! 0 О©╫О©╫О©╫О©╫ 1
!!!!!!!!!! ---!-!---!-!-- !!!!!!!!!! !!!!!!!!!! 0 О©╫О©╫О©╫О©╫О©╫О©╫О©╫О©╫О©╫О©╫ 1
!!!!!!!!!! !-!!!!---!!!!- !!!!!!!!!! !!!!!!!!!! 0 О©╫О©╫О©╫О©╫О©╫О©╫О©╫О©╫О©╫О©╫О©╫ 1
!!!!!!!!!! !-!!!!---!!!!! !!!!!!!!!! !!!!!!!!!! 0 О©╫О©╫О©╫О©╫О©╫ 1
!!!!!!!!!! !-!-!!---!!--- !!!!!!!!!! !!!!!!!!!! 0 О©╫О©╫О©╫О©╫ 1
!!!!!!!!!! -----!---!-!-- !!!!!!!!!! !!!!!!!!!! 0 О©╫О©╫О©╫О©╫О©╫ 1
!!!!!!!!!! -----!---!---- !!!!!!!!!! !!!!!!!!!! 0 О©╫О©╫О©╫О©╫О©╫О©╫О©╫О©╫О©╫О©╫О©╫.О©╫О©╫О©╫О©╫О©╫ 1
!!!!!!!!!! -----!---!!!-- !!!!!!!!!! !!!!!!!!!! 0 О©╫О©╫О©╫О©╫О©╫О©╫О©╫О©╫О©╫О©╫ 1
!!!!!!!!!! !!!!!!!!!!!!!! !!!!!!!!!! !!!!!!!!!! 0 О©╫О©╫О©╫О©╫О©╫О©╫.О©╫О©╫О©╫О©╫ 1
!!!!!!!!!! !!!!!!!!!!!!!! !!!!!!!!!! !!!!!!!!!! 0 О©╫О©╫О©╫О©╫О©╫О©╫О©╫О©╫О©╫О©╫О©╫О©╫.О©╫О©╫О©╫О©╫О©╫О©╫ 1
!!!!!!!!!! !!!!!!!!!!!!!! !!!!!!!!!! !!!!!!!!!! 0 О©╫О©╫О©╫О©╫О©╫О©╫О©╫О©╫О©╫О©╫.О©╫О©╫О©╫О©╫ 1
!!!!!!!!!! !!!!!!!!!!!!!! !!!!!!!!!! !!!!!!!!!! 0 О©╫О©╫О©╫О©╫О©╫О©╫.О©╫О©╫О©╫О©╫О©╫О©╫ 1
!!!!!!!!!! !!!!!!!!!!!!!! !!!!!!!!!! !!!!!!!!!! 0 О©╫О©╫О©╫О©╫О©╫О©╫.О©╫О©╫О©╫ 1
!!!!!!!!!! !!!!!!!!!!!!!! !!!!!!!!!! !!!!!!!!!! 0 О©╫О©╫О©╫О©╫О©╫О©╫.О©╫О©╫О©╫О©╫О©╫ 1
!!!!!!!!!! !!!!!!!!!!!!!! !!!!!!!!!! !!!!!!!!!! 0 О©╫О©╫О©╫О©╫О©╫О©╫О©╫О©╫О©╫О©╫.О©╫О©╫О©╫О©╫О©╫О©╫ 1
!!!!!!!!!! !!!!!!!!!!!!!! !!!!!!!!!! !!!!!!!!!! 0 О©╫О©╫О©╫О©╫О©╫О©╫О©╫О©╫О©╫О©╫.О©╫О©╫О©╫О©╫О©╫ 1
!!!!!!!!!! !!!!!!!!!!!!!! !!!!!!!!!! !!!!!!!!!! 0 О©╫О©╫О©╫О©╫О©╫О©╫О©╫О©╫О©╫О©╫.О©╫О©╫О©╫О©╫О©╫О©╫О©╫О©╫О©╫О©╫ 1
!!!!!!!!!! !!!!!!!!!!!!!! !!!!!!!!!! !!!!!!!!!! 0 О©╫О©╫О©╫О©╫О©╫О©╫О©╫О©╫.О©╫О©╫О©╫О©╫ 1
!!!!!!!!!! !!!!!!!!!!!!!! !!!!!!!!!! !!!!!!!!!! 0 О©╫О©╫О©╫О©╫О©╫О©╫О©╫О©╫О©╫О©╫.О©╫О©╫О©╫О©╫О©╫О©╫О©╫ 1
!!!!!!!!!! !!!!!!!!!!!!!! !!!!!!!!!! !!!!!!!!!! 0 О©╫О©╫О©╫О©╫О©╫О©╫О©╫ 1
!!!!!!!!!! !!!!!!!!!!!!!! !!!!!!!!!! !!!!!!!!!! 0 О©╫О©╫О©╫О©╫.О©╫О©╫О©╫О©╫ 1
!!!!!!!!!! !!!!!!!!!!!!!! !!!!!!!!!! !!!!!!!!!! 0 О©╫О©╫О©╫О©╫О©╫О©╫.О©╫О©╫О©╫О©╫ 1
!!!!!!!!!! !!!!!!!!!!!!!! !!!!!!!!!! !!!!!!!!!! 0 О©╫О©╫О©╫О©╫О©╫О©╫О©╫.О©╫О©╫О©╫О©╫О©╫ 1
!!!!!!!!!! !!!!!!!!!!!!!! !!!!!!!!!! !!!!!!!!!! 0 О©╫О©╫О©╫О©╫О©╫О©╫О©╫.О©╫О©╫О©╫О©╫О©╫О©╫ 1
!!!!!!!!!! !!!!!!!!!!!!!! !!!!!!!!!! !!!!!!!!!! 0 О©╫О©╫О©╫О©╫О©╫О©╫О©╫.О©╫О©╫О©╫О©╫О©╫О©╫ 1
!!!!!!!!!! !!!!!!!!!!!!!! !!!!!!!!!! !!!!!!!!!! 0 О©╫О©╫О©╫О©╫О©╫О©╫О©╫.О©╫О©╫О©╫ 1
!!!!!!!!!! !!!!!!!!!!!!!! !!!!!!!!!! !!!!!!!!!! 0 О©╫О©╫О©╫О©╫О©╫О©╫О©╫.О©╫О©╫О©╫ 1
!!!!!!!!!! !!!!!!!!!!!!!! !!!!!!!!!! !!!!!!!!!! 0 О©╫О©╫О©╫О©╫О©╫О©╫О©╫.О©╫О©╫О©╫О©╫О©╫О©╫О©╫О©╫О©╫ 1
!!!!!!!!!! !!!!!!!!!!!!!! !!!!!!!!!! !!!!!!!!!! 0 О©╫О©╫О©╫О©╫О©╫О©╫О©╫.О©╫О©╫О©╫О©╫О©╫О©╫О©╫О©╫О©╫ 1
!!!!!!!!!! !!!!!!!!!!!!!! !!!!!!!!!! !!!!!!!!!! 0 О©╫О©╫О©╫О©╫О©╫О©╫О©╫.О©╫О©╫О©╫О©╫О©╫О©╫ 1
!!!!!!!!!! !!!!!!!!!!!!!! !!!!!!!!!! !!!!!!!!!! 0 О©╫О©╫О©╫О©╫О©╫О©╫О©╫.О©╫О©╫О©╫О©╫О©╫ 1
!!!!!!!!!! !!!!!!!!!!!!!! !!!!!!!!!! !!!!!!!!!! 0 О©╫О©╫О©╫О©╫О©╫О©╫О©╫.О©╫О©╫О©╫ 1
!!!!!!!!!! !!!!!!!!!!!!!! !!!!!!!!!! !!!!!!!!!! 0 О©╫О©╫О©╫О©╫О©╫О©╫О©╫О©╫.О©╫ 1
!!!!!!!!!! !!!!!!!!!!!!!! !!!!!!!!!! !!!!!!!!!! 0 О©╫О©╫О©╫О©╫О©╫О©╫О©╫О©╫О©╫ 1
!!!!!!!!!! !!!!!!!!!!!!!! !!!!!!!!!! !!!!!!!!!! 0 О©╫О©╫О©╫О©╫О©╫О©╫О©╫ 1
!!!!!!!!!! !!!!!!!!!!!!!! !!!!!!!!!! !!!!!!!!!! 0 О©╫О©╫О©╫О©╫О©╫О©╫.О©╫О©╫О©╫ 1
!!!!!!!!!! !!!!!!!!!!!!!! !!!!!!!!!! !!!!!!!!!! 0 О©╫О©╫О©╫О©╫О©╫О©╫О©╫О©╫О©╫О©╫О©╫О©╫ 1
!!!!!!!!!! !!!!!!!!!!!!!! !!!!!!!!!! !!!!!!!!!! 0 О©╫О©╫О©╫О©╫О©╫О©╫О©╫О©╫ 1
!!!!!!!!!! !!!!!!!!!!!!!! !!!!!!!!!! !!!!!!!!!! 0 О©╫О©╫О©╫О©╫О©╫О©╫.О©╫О©╫О©╫О©╫О©╫О©╫О©╫ 1
;master 3100
master 4000
master 5000
master 6012
master 7038
master 8011
master 9011
master 9105
master 13511
master 30212
master 49900
master 60018
master 63000
master 63602
master 66017
master 68018
master 69018
master 73007
master 75017
master 75928

poly О©╫О©╫О©╫О©╫О©╫О©╫О©╫О©╫О©╫О©╫О©╫
;          О©╫О©╫О©╫О©╫HО©╫О©╫О©╫О©╫О©╫О©╫О©╫О©╫О©╫	
;          О©╫О©╫О©╫О©╫О©╫О©╫О©╫О©╫О©╫О©╫О©╫О©╫О©╫О©╫
;          О©╫О©╫О©╫О©╫О©╫О©╫О©╫О©╫О©╫О©╫О©╫О©╫О©╫О©╫

!!!!!!!!!! -----------!-- !!!!!!!!!! !!!!!!!!!! 0 О©╫О©╫О©╫О©╫О©╫О©╫ 1
!!!!!!!!!! -----------!-- !!!!!!!!!! !!!!!!!!!! 0 О©╫О©╫О©╫О©╫О©╫О©╫О©╫О©╫ 1
;master 3104
master 4004
master 5017
master 6007
master 7018
master 8002
master 9002
poly О©╫О©╫О©╫О©╫О©╫О©╫О©╫О©╫ О©╫О©╫О©╫О©╫О©╫О©╫О©╫
;          О©╫О©╫О©╫О©╫HО©╫О©╫О©╫О©╫О©╫О©╫О©╫О©╫О©╫	
;          О©╫О©╫О©╫О©╫О©╫О©╫О©╫О©╫О©╫О©╫О©╫О©╫О©╫О©╫
;          О©╫О©╫О©╫О©╫О©╫О©╫О©╫О©╫О©╫О©╫О©╫О©╫О©╫О©╫
!!!!!!!!!! -----------!-- !!!!!!!!!! !!!!!!!!!! 0 О©╫О©╫О©╫О©╫О©╫О©╫ 1
!!!!!!!!!! -----------!-- !!!!!!!!!! !!!!!!!!!! 0 О©╫О©╫О©╫О©╫О©╫О©╫О©╫О©╫ 1
!!!!!!!!!! ----------!--- !!!!!!!!!! !!!!!!!!!! 0 О©╫О©╫О©╫О©╫О©╫ 1
master 30202
master 49905
master 60019
master 63617
master 69007

poly О©╫О©╫О©╫О©╫О©╫О©╫О©╫
;          О©╫О©╫О©╫О©╫HО©╫О©╫О©╫О©╫О©╫О©╫О©╫О©╫О©╫	
;          О©╫О©╫О©╫О©╫О©╫О©╫О©╫О©╫О©╫О©╫О©╫О©╫О©╫О©╫
;          О©╫О©╫О©╫О©╫О©╫О©╫О©╫О©╫О©╫О©╫О©╫О©╫О©╫О©╫
!!!!!!!!!! !----!---!!--- !!!!!!!!!! !!!!!!!!!! 0 О©╫О©╫О©╫О©╫О©╫О©╫ 1
!!!!!!!!!! !!!!!!!!!!!!!! !!!!!!!!!! !!!!!!!!!! 0 О©╫О©╫О©╫О©╫О©╫О©╫О©╫О©╫О©╫О©╫О©╫О©╫ 1
!!!!!!!!!! !!!!!!!!!!!!!! !!!!!!!!!! !!!!!!!!!! 0 О©╫О©╫О©╫О©╫О©╫.О©╫О©╫О©╫О©╫О©╫ 1
!!!!!!!!!! !!!!!!!!!!!!!! !!!!!!!!!! !!!!!!!!!! 0 О©╫О©╫О©╫О©╫О©╫.О©╫О©╫О©╫О©╫О©╫ 1
!!!!!!!!!! !!!!!!!!!!!!!! !!!!!!!!!! !!!!!!!!!! 0 О©╫О©╫О©╫О©╫О©╫.О©╫О©╫О©╫О©╫О©╫О©╫ 1
!!!!!!!!!! !!!!!!!!!!!!!! !!!!!!!!!! !!!!!!!!!! 0 О©╫О©╫О©╫О©╫О©╫О©╫О©╫О©╫О©╫О©╫.О©╫О©╫О©╫О©╫О©╫О©╫ 24
!!!!!!!!!! !!!!!!!!!!!!!! !!!!!!!!!! !!!!!!!!!! 0 О©╫О©╫О©╫О©╫О©╫О©╫О©╫О©╫ 5
!!!!!!!!!! !!!!!!!!!!!!!! !!!!!!!!!! !!!!!!!!!! 0 О©╫О©╫О©╫О©╫О©╫О©╫ 1
!!!!!!!!!! !!!!!!!!!!!!!! !!!!!!!!!! !!!!!!!!!! 0 О©╫О©╫О©╫О©╫О©╫О©╫О©╫ 1
!!!!!!!!!! !!!!!!!!!!!!!! !!!!!!!!!! !!!!!!!!!! 0 О©╫О©╫О©╫О©╫О©╫О©╫О©╫.О©╫О©╫О©╫О©╫О©╫О©╫О©╫О©╫О©╫О©╫ 1
;master 3107
master 4007
master 5024
master 6017
master 7037 
master 8018
master 9018
master 60016
master 66008
master 68016
master 75941

poly О©╫О©╫О©╫О©╫О©╫О©╫О©╫О©╫О©╫
;          О©╫О©╫О©╫О©╫HО©╫О©╫О©╫О©╫О©╫О©╫О©╫О©╫О©╫	
;          О©╫О©╫О©╫О©╫О©╫О©╫О©╫О©╫О©╫О©╫О©╫О©╫О©╫О©╫
;          О©╫О©╫О©╫О©╫О©╫О©╫О©╫О©╫О©╫О©╫О©╫О©╫О©╫О©╫
!!!!!!!!!! !!!!!!!!!!!!!! !!!!!!!!!! !!!!!!!!!! 0 О©╫О©╫О©╫О©╫О©╫.О©╫О©╫О©╫О©╫ 1
!!!!!!!!!! !!!!!!!!!!!!!! !!!!!!!!!! !!!!!!!!!! 0 О©╫О©╫О©╫О©╫О©╫.О©╫О©╫О©╫О©╫ 1
!!!!!!!!!! !!!!!!!!!!!!!! !!!!!!!!!! !!!!!!!!!! 0 О©╫О©╫О©╫О©╫О©╫.О©╫О©╫О©╫О©╫О©╫ 1
!!!!!!!!!! !!!!!!!!!!!!!! !!!!!!!!!! !!!!!!!!!! 0 О©╫О©╫О©╫О©╫О©╫.О©╫О©╫О©╫О©╫О©╫О©╫О©╫ 1
!!!!!!!!!! !------!------ !!!!!!!!!! !!!!!!!!!! О©╫О©╫О©╫О©╫О©╫О©╫О©╫О©╫О©╫О©╫О©╫.О©╫О©╫О©╫ 0 1
!!!!!!!!!! -------!------ !!!!!!!!!! !!!!!!!!!! О©╫О©╫О©╫О©╫О©╫О©╫О©╫О©╫О©╫О©╫О©╫.О©╫О©╫О©╫О©╫О©╫О©╫О©╫О©╫О©╫О©╫О©╫О©╫ 0 4
!!!!!!!!!! !-------!----- !!!!!!!!!! !!!!!!!!!! О©╫О©╫О©╫О©╫О©╫О©╫О©╫О©╫О©╫О©╫О©╫.О©╫О©╫О©╫О©╫О©╫О©╫О©╫О©╫О©╫О©╫О©╫О©╫ 0 1
!!!!!!!!!! -------!------ !!!!!!!!!! !!!!!!!!!! О©╫О©╫О©╫О©╫О©╫О©╫О©╫О©╫О©╫О©╫О©╫.О©╫О©╫О©╫О©╫О©╫ 0 4
!!!!!!!!!! -!----!------- !!!!!!!!!! !!!!!!!!!! О©╫О©╫О©╫О©╫О©╫О©╫О©╫О©╫О©╫О©╫О©╫.О©╫О©╫О©╫О©╫О©╫ 0 1
!!!!!!!!!! -------!------ !!!!!!!!!! !!!!!!!!!! protect.evil 0 3
!!!!!!!!!! ---------!---- !!!!!!!!!! !!!!!!!!!! protect.evil 0 8
!!!!!!!!!! -!----!!------ !!!!!!!!!! !!!!!!!!!! О©╫О©╫О©╫О©╫О©╫О©╫.О©╫О©╫О©╫О©╫О©╫О©╫О©╫О©╫О©╫ 0 4
!!!!!!!!!! !------------- !!!!!!!!!! !!!!!!!!!! О©╫О©╫О©╫О©╫О©╫О©╫О©╫О©╫ 0 4
!!!!!!!!!! ---------!---- !!!!!!!!!! !!!!!!!!!! О©╫О©╫О©╫О©╫О©╫О©╫О©╫О©╫ 0 8
!!!!!!!!!! ------------!- !!!!!!!!!! !!!!!!!!!! О©╫О©╫О©╫О©╫О©╫О©╫О©╫О©╫ 0 5
!!!!!!!!!! !------------- !!!!!!!!!! !!!!!!!!!! О©╫О©╫О©╫О©╫О©╫О©╫О©╫.О©╫О©╫О©╫О©╫ 0 1
!!!!!!!!!! !------------- !!!!!!!!!! !!!!!!!!!! О©╫О©╫О©╫О©╫О©╫О©╫О©╫ 0 5
!!!!!!!!!! ---------!---- !!!!!!!!!! !!!!!!!!!! О©╫О©╫О©╫О©╫О©╫О©╫О©╫ 0 14
!!!!!!!!!! !------------- !!!!!!!!!! !!!!!!!!!! О©╫О©╫О©╫О©╫О©╫О©╫О©╫.О©╫О©╫ 0 5
!!!!!!!!!! ---------!---- !!!!!!!!!! !!!!!!!!!! О©╫О©╫О©╫О©╫О©╫О©╫О©╫.О©╫О©╫ 0 10
!!!!!!!!!! !------------- !!!!!!!!!! !!!!!!!!!! О©╫О©╫О©╫О©╫О©╫О©╫.О©╫О©╫О©╫О©╫ 0 1
!!!!!!!!!! !------------- !!!!!!!!!! !!!!!!!!!! О©╫О©╫О©╫О©╫О©╫О©╫О©╫О©╫.О©╫О©╫О©╫О©╫О©╫О©╫О©╫ 0 5
!!!!!!!!!! !------------- !!!!!!!!!! !!!!!!!!!! О©╫О©╫О©╫О©╫О©╫О©╫О©╫.О©╫О©╫О©╫О©╫ 0 1
!!!!!!!!!! !------------- !!!!!!!!!! !!!!!!!!!! О©╫О©╫О©╫О©╫О©╫О©╫.О©╫О©╫О©╫О©╫О©╫О©╫О©╫О©╫О©╫ 0 1
;master 3105
master 4005
master 5005
master 6008
master 7016
master 8005
master 9106
master 9005
master 30207
master 60017
master 63005
master 66006
master 68017
master 69017
master 73020
master 75903

poly О©╫О©╫О©╫О©╫О©╫О©╫О©╫О©╫
;          О©╫О©╫О©╫О©╫HО©╫О©╫О©╫О©╫О©╫О©╫О©╫О©╫О©╫
;          О©╫О©╫О©╫О©╫О©╫О©╫О©╫О©╫О©╫О©╫О©╫О©╫О©╫О©╫
;          О©╫О©╫О©╫О©╫О©╫О©╫О©╫О©╫О©╫О©╫О©╫О©╫О©╫О©╫
!!!!!!!!!! !!----!!!!!!!! !!!!!!!!!! !!!!!!!!!! 0 О©╫О©╫О©╫О©╫О©╫О©╫О©╫О©╫О©╫           1
!!!!!!!!!! !!!!!!!!!!!!!! !!!!!!!!!! !!!!!!!!!! 0 О©╫О©╫О©╫О©╫О©╫.О©╫О©╫О©╫О©╫          1
!!!!!!!!!! !!!!!!!!!!!!!! !!!!!!!!!! !!!!!!!!!! 0 О©╫О©╫О©╫О©╫О©╫.О©╫О©╫О©╫О©╫О©╫О©╫        1
!!!!!!!!!! ------!!!----- !!!!!!!!!! !!!!!!!!!! О©╫О©╫О©╫О©╫О©╫О©╫О©╫О©╫О©╫О©╫.О©╫О©╫О©╫О©╫О©╫О©╫     0 1
!!!!!!!!!! -!------------ !!!!!!!!!! !!!!!!!!!! О©╫О©╫О©╫О©╫О©╫О©╫О©╫.О©╫О©╫О©╫О©╫          0 1
!!!!!!!!!! -!------------ !!!!!!!!!! !!!!!!!!!! О©╫О©╫О©╫О©╫О©╫О©╫О©╫О©╫.О©╫О©╫О©╫О©╫О©╫О©╫       0 1
!!!!!!!!!! -!------------ !!!!!!!!!! !!!!!!!!!! О©╫О©╫О©╫О©╫О©╫О©╫О©╫О©╫О©╫О©╫.О©╫О©╫О©╫О©╫О©╫О©╫     0 4
!!!!!!!!!! ------!!!----- !!!!!!!!!! !!!!!!!!!! О©╫О©╫О©╫О©╫О©╫О©╫О©╫.О©╫О©╫О©╫О©╫О©╫О©╫О©╫О©╫О©╫О©╫О©╫О©╫О©╫ 0 7
!!!!!!!!!! -!------------ !!!!!!!!!! !!!!!!!!!! О©╫О©╫О©╫О©╫О©╫.О©╫О©╫О©╫О©╫            0 7
;master 3106
master 4006
master 5025 
master 6011
master 7039
master 8017
master 9017
master 75942

poly О©╫О©╫О©╫О©╫О©╫О©╫
;          О©╫О©╫О©╫О©╫HО©╫О©╫О©╫О©╫О©╫О©╫О©╫О©╫О©╫	
;          О©╫О©╫О©╫О©╫О©╫О©╫О©╫О©╫О©╫О©╫О©╫О©╫О©╫О©╫
;          О©╫О©╫О©╫О©╫О©╫О©╫О©╫О©╫О©╫О©╫О©╫О©╫О©╫О©╫
!!!!!!!!!! -------!------ !!!!!!!!!! !!!!!!!!!! О©╫О©╫О©╫О©╫О©╫О©╫ 0 1
!!!!!!!!!! -!----!-!----- !!!!!!!!!! !!!!!!!!!! О©╫О©╫О©╫О©╫О©╫О©╫ 0 4
!!!!!!!!!! -------!------ !!!!!!!!!! !!!!!!!!!! О©╫О©╫О©╫О©╫ 0 1
!!!!!!!!!! -!----!------- !!!!!!!!!! !!!!!!!!!! О©╫О©╫О©╫О©╫ 0 4
!!!!!!!!!! !!----!!!----- !!!!!!!!!! !!!!!!!!!! О©╫О©╫О©╫О©╫О©╫О©╫О©╫.О©╫О©╫О©╫О©╫ 0 1
!!!!!!!!!! ------------!- !!!!!!!!!! !!!!!!!!!! О©╫О©╫О©╫О©╫О©╫О©╫О©╫.О©╫О©╫О©╫О©╫ 0 8
!!!!!!!!!! -!-----!------ !!!!!!!!!! !!!!!!!!!! О©╫О©╫О©╫О©╫О©╫О©╫О©╫О©╫О©╫О©╫О©╫ 0 5
!!!!!!!!!! ------!------- !!!!!!!!!! !!!!!!!!!! О©╫О©╫О©╫О©╫О©╫О©╫О©╫О©╫О©╫О©╫О©╫ 0 3
!!!!!!!!!! --------!----- !!!!!!!!!! !!!!!!!!!! О©╫О©╫О©╫О©╫О©╫О©╫О©╫О©╫О©╫О©╫О©╫О©╫О©╫ 0 5
!!!!!!!!!! ------!!------ !!!!!!!!!! !!!!!!!!!! О©╫О©╫О©╫О©╫О©╫О©╫О©╫О©╫О©╫О©╫О©╫О©╫О©╫ 0 4
;master 3108
master 4008
master 5008
master 6005
master 7026 
master 8024
master 9047
master 75940

poly О©╫О©╫О©╫О©╫О©╫О©╫О©╫
;          О©╫О©╫О©╫О©╫HО©╫О©╫О©╫О©╫О©╫О©╫О©╫О©╫О©╫	
;          О©╫О©╫О©╫О©╫О©╫О©╫О©╫О©╫О©╫О©╫О©╫О©╫О©╫О©╫
;          О©╫О©╫О©╫О©╫О©╫О©╫О©╫О©╫О©╫О©╫О©╫О©╫О©╫О©╫
!!!!!!!!!! ----------!--- !!!!!!!!!! !!!!!!!!!! 0 О©╫О©╫О©╫О©╫О©╫О©╫О©╫О©╫О©╫О©╫О©╫О©╫О©╫О©╫ 1
!!!!!!!!!! ----------!--- !!!!!!!!!! !!!!!!!!!! 0 О©╫О©╫О©╫О©╫О©╫О©╫О©╫О©╫О©╫О©╫О©╫О©╫ 1
!!!!!!!!!! ----------!--- !!!!!!!!!! !!!!!!!!!! 0 О©╫О©╫О©╫О©╫О©╫О©╫О©╫О©╫О©╫О©╫ 1
!!!!!!!!!! ----!-----!--- !!!!!!!!!! !!!!!!!!!! 0 О©╫О©╫О©╫О©╫О©╫О©╫О©╫.О©╫О©╫О©╫О©╫О©╫ 1
!!!!!!!!!! --!-!-----!--- !!!!!!!!!! !!!!!!!!!! 0 О©╫О©╫О©╫О©╫О©╫О©╫О©╫О©╫О©╫О©╫ 1
!!!!!!!!!! --!-!--------- !!!!!!!!!! !!!!!!!!!! 0 О©╫О©╫О©╫О©╫О©╫О©╫О©╫О©╫О©╫О©╫О©╫ 1
!!!!!!!!!! ----------!--- !!!!!!!!!! !!!!!!!!!! 0 О©╫О©╫О©╫О©╫О©╫О©╫О©╫О©╫О©╫ 1
!!!!!!!!!! !!!!!!!!!!!!!! !!!!!!!!!! !!!!!!!!!! 0 О©╫О©╫О©╫О©╫О©╫О©╫О©╫О©╫ 1
!!!!!!!!!! !!!!!!!!!!!!!! !!!!!!!!!! !!!!!!!!!! 0 О©╫О©╫О©╫О©╫О©╫О©╫О©╫О©╫О©╫О©╫О©╫О©╫ 1
!!!!!!!!!! !!!!!!!!!!!!!! !!!!!!!!!! !!!!!!!!!! 0 О©╫О©╫О©╫О©╫О©╫О©╫.О©╫О©╫О©╫О©╫О©╫ 1
!!!!!!!!!! !!!!!!!!!!!!!! !!!!!!!!!! !!!!!!!!!! 0 О©╫О©╫О©╫О©╫О©╫О©╫.О©╫О©╫О©╫О©╫О©╫ 1
!!!!!!!!!! !!!!!!!!!!!!!! !!!!!!!!!! !!!!!!!!!! 0 О©╫О©╫О©╫О©╫О©╫О©╫О©╫.О©╫О©╫О©╫О©╫О©╫О©╫О©╫ 1
;master 3112
master 4012
master 5012
master 6014
master 7036
master 8013
master 9013
master 66031
master 75901

poly О©╫О©╫О©╫О©╫О©╫ О©╫О©╫О©╫О©╫О©╫О©╫О©╫
;          О©╫О©╫О©╫О©╫HО©╫О©╫О©╫О©╫О©╫О©╫О©╫О©╫О©╫	
;          О©╫О©╫О©╫О©╫О©╫О©╫О©╫О©╫О©╫О©╫О©╫О©╫О©╫О©╫
;          О©╫О©╫О©╫О©╫О©╫О©╫О©╫О©╫О©╫О©╫О©╫О©╫О©╫О©╫
!!!!!!!!!! ----!--------- !!!!!!!!!! !!!!!!!!!! 0 О©╫О©╫О©╫О©╫О©╫О©╫О©╫ 1
!!!!!!!!!! --!-!--------- !!!!!!!!!! !!!!!!!!!! 0 О©╫О©╫О©╫О©╫О©╫О©╫О©╫.О©╫О©╫О©╫О©╫О©╫ 1
!!!!!!!!!! --!-!-------!- !!!!!!!!!! !!!!!!!!!! 0 О©╫О©╫О©╫О©╫О©╫О©╫О©╫О©╫О©╫О©╫О©╫О©╫ 1
!!!!!!!!!! --!-------!--- !!!!!!!!!! !!!!!!!!!! 0 О©╫О©╫О©╫О©╫О©╫О©╫О©╫О©╫О©╫О©╫ 1
!!!!!!!!!! --!----------- !!!!!!!!!! !!!!!!!!!! 0 О©╫О©╫О©╫О©╫О©╫О©╫О©╫О©╫О©╫О©╫О©╫ 1
!!!!!!!!!! --!-!--------- !!!!!!!!!! !!!!!!!!!! 0 О©╫О©╫О©╫О©╫О©╫О©╫О©╫О©╫ 1
!!!!!!!!!! --!-!-------!- !!!!!!!!!! !!!!!!!!!! 0 О©╫О©╫О©╫О©╫О©╫О©╫О©╫О©╫О©╫О©╫ 1
;!!!!!!!!!! --!----------- !!!!!!!!!! !!!!!!!!!! 0 О©╫О©╫О©╫О©╫О©╫О©╫О©╫О©╫ 1
!!!!!!!!!! --!---------!- !!!!!!!!!! !!!!!!!!!! 0 О©╫О©╫О©╫О©╫О©╫О©╫О©╫ 1
!!!!!!!!!! ----!--------- !!!!!!!!!! !!!!!!!!!! 0 О©╫О©╫О©╫О©╫О©╫О©╫О©╫О©╫ 1
!!!!!!!!!! !!!!!!!!!!!!!! !!!!!!!!!! !!!!!!!!!! 0 О©╫О©╫О©╫О©╫О©╫О©╫.О©╫О©╫О©╫О©╫О©╫О©╫О©╫ 1
!!!!!!!!!! !!!!!!!!!!!!!! !!!!!!!!!! !!!!!!!!!! 0 О©╫О©╫О©╫О©╫О©╫О©╫О©╫О©╫О©╫О©╫О©╫О©╫ 1
!!!!!!!!!! !!!!!!!!!!!!!! !!!!!!!!!! !!!!!!!!!! 0 О©╫О©╫О©╫О©╫О©╫О©╫ 1
;master 3113
master 4013
master 5013
master 6015
master 7023
master 8012
master 9012
master 30219
master 75902

poly О©╫О©╫О©╫О©╫О©╫О©╫О©╫О©╫О©╫О©╫О©╫О©╫О©╫О©╫О©╫О©╫О©╫О©╫
;          О©╫О©╫О©╫О©╫HО©╫О©╫О©╫О©╫О©╫О©╫О©╫О©╫О©╫	
;          О©╫О©╫О©╫О©╫О©╫О©╫О©╫О©╫О©╫О©╫О©╫О©╫О©╫О©╫
;          О©╫О©╫О©╫О©╫О©╫О©╫О©╫О©╫О©╫О©╫О©╫О©╫О©╫О©╫
!!!!!!!!!! ---!!!---!!!-- !!!!!!!!!! !!!!!!!!!! 0 О©╫О©╫О©╫О©╫О©╫О©╫О©╫О©╫О©╫ 1
!!!!!!!!!! !----!---!!--- !!!!!!!!!! !!!!!!!!!! 0 О©╫О©╫О©╫О©╫О©╫О©╫О©╫О©╫О©╫ 1
master 27812


poly О©╫О©╫О©╫О©╫О©╫О©╫О©╫О©╫О©╫О©╫О©╫О©╫О©╫О©╫О©╫О©╫О©╫
;          О©╫О©╫О©╫О©╫HО©╫О©╫О©╫О©╫О©╫О©╫О©╫О©╫О©╫	
;          О©╫О©╫О©╫О©╫О©╫О©╫О©╫О©╫О©╫О©╫О©╫О©╫О©╫О©╫
;          О©╫О©╫О©╫О©╫О©╫О©╫О©╫О©╫О©╫О©╫О©╫О©╫О©╫О©╫
!!!!!!!!!! ---!-!---!!!-- !!!!!!!!!! !!!!!!!!!! 0 О©╫О©╫О©╫О©╫О©╫О©╫О©╫О©╫О©╫О©╫О©╫ 1
!!!!!!!!!! ---!-!---!!!!- !!!!!!!!!! !!!!!!!!!! 0 О©╫О©╫О©╫О©╫О©╫О©╫О©╫О©╫.О©╫О©╫О©╫О©╫О©╫О©╫ 1
master 27813


poly О©╫О©╫О©╫О©╫О©╫О©╫О©╫О©╫О©╫О©╫О©╫О©╫О©╫О©╫
;          О©╫О©╫О©╫О©╫HО©╫О©╫О©╫О©╫О©╫О©╫О©╫О©╫О©╫	
;          О©╫О©╫О©╫О©╫О©╫О©╫О©╫О©╫О©╫О©╫О©╫О©╫О©╫О©╫
;          О©╫О©╫О©╫О©╫О©╫О©╫О©╫О©╫О©╫О©╫О©╫О©╫О©╫О©╫
!!!!!!!!!! -------------! !!!!!!!!!! !!!!!!!!!! 0 О©╫О©╫О©╫О©╫О©╫О©╫О©╫О©╫ 1
master 12902
