***********************************************************
* Ингредиентная магия
***********************************************************

* Описание элементарных типов класса "РОСЛЬ" и ТВЕРДЬ
* ТИП <id> <название> <VNUM прототипа>
ТИП 0 съедобные_грибы 700
ТИП 6 ядовитые_грибы 700
ТИП 11 съедобные_ягоды 705
ТИП 12 ядовитые_ягоды 705
ТИП 15 овощи 711
ТИП 16 крупы 712
ТИП 17 дерево 713
ТИП 51 целебные_травы 730
ТИП 52 ядовитые_травы 730
ТИП 101 минералы 721
ТИП 102 металлы 722
ТИП 103 посуда 723
ТИП 104 жидкости 724


* Описание элементарных типов класса "ЖИВЬ"
* ТИП <id> <название> <VNUM прототипа>
ТИП 1 шерсть 701
ТИП 2 мелкие_твари 702

ТИП 201 зубы 751
ТИП 202 когти 752
ТИП 203 глаза 753
ТИП 204 печень 754
ТИП 205 волосы 755
ТИП 206 сердце 756
ТИП 207 чешуя 757
ТИП 208 крылья 758


МЕТАТИП 301 живь мелкие_твари,шерсть,зубы,когти,глаза,печень,волосы,сердце,чешуя,крылья
МЕТАТИП 302 ягоды съедобные_ягоды,ядовитые_ягоды
МЕТАТИП 303 грибы съедобные_грибы,ядовитые_грибы
МЕТАТИП 304 травы целебные_травы,ядовитые_травы

* Описатели
* ВИД <имя типа> <сила> [<род:0-сред,1-муж,2-жен,3-множ>] 
************************************************
ВИД целебные_травы 1 1
n0 одуванчик
n1 одуванчика
n2 одуванчику
n3 одуванчик
n4 одуванчиком
n5 одуванчике
a одуванчик
~
ВИД целебные_травы 2 2
n0 ромашка
n1 ромашки
n2 ромашке
n3 ромашку
n4 ромашкой
n5 ромашке
a ромашка
~
ВИД целебные_травы 3 1
n0 подорожник
n1 подорожника
n2 подорожнику
n3 подорожник
n4 подорожником
n5 подорожнике
a подорожник
~
ВИД целебные_травы 4 1
n0 пустырник
n1 пустырника
n2 пустырнику
n3 пустырник
n4 пустырником
n5 пустырнике
a пустырник
~
ВИД целебные_травы 5 2
n0 кровохлебка
n1 кровохлебки
n2 кровохлебке
n3 кровохлебку
n4 кровохлебкой
n5 кровохлебке
a кровохлебка
~
ВИД целебные_травы 6 2
n0 календула
n1 календулы
n2 календуле
n3 календулу
n4 календулой
n5 календуле
a календула
~
ВИД целебные_травы 7 2
n0 мать-и-мачеха
n1 мать-и-мачехи
n2 мать-и-мачехе
n3 мать-и-мачеху
n4 мать-и-мачехой
n5 мать-и-мачехе
a мать_мачеха
~
ВИД целебные_травы 8 2
n0 мята
n1 мяты
n2 мяте
n3 мяту
n4 мятой
n5 мяте
a мята
~
ВИД целебные_травы 9 1
n0 столетник
n1 столетника
n2 столетнику
n3 столетник
n4 столетником
n5 столетнике
a столетник
~
ВИД целебные_травы 10 2
n0 чага
n1 чаги
n2 чаге
n3 чагу
n4 чагой
n5 чаге
a чага
~
ВИД целебные_травы 11 2
n0 череда
n1 череды
n2 череде
n3 череду
n4 чередой
n5 череде
a череда
~
ВИД целебные_травы 12 1
n0 шалфей
n1 шалфея
n2 шалфею
n3 шалфей
n4 шалфеем
n5 шалфее
a шалфей
~
ВИД целебные_травы 14 2
n0 солодка
n1 солодки
n2 солодке
n3 солодку
n4 солодкой
n5 солодке
a солодка
~
ВИД целебные_травы 15 1
n0 девясил
n1 девясила
n2 девясилу
n3 девясил
n4 девясилом
n5 девясиле
a девясил
~
ВИД целебные_травы 16 2
n0 крапива
n1 крапивы
n2 крапиве
n3 крапиву
n4 крапивой
n5 крапиве
a крапива
~
ВИД целебные_травы 17 1
n0 тысячелистник
n1 тысячелистника
n2 тысячелистнику
n3 тысячелистник
n4 тысячелистником
n5 тысячелистнике
a тысячелистник
~
ВИД целебные_травы 18 1
n0 борец
n1 бореца
n2 борецу
n3 борец
n4 борецом
n5 бореце
a борец
~
ВИД целебные_травы 19 2
n0 валериана
n1 валерианы
n2 валериане
n3 валериану
n4 валерианой
n5 валериане
a валериана
~
ВИД целебные_травы 20 2
n0 толокнянка
n1 толокнянки
n2 толокнянке
n3 толокнянку
n4 толокнянкой
n5 толокнянке
a толокнянка
~
ВИД целебные_травы 22 1
n0 чистотел
n1 чистотела
n2 чистотелу
n3 чистотел
n4 чистотелом
n5 чистотеле
a чистотел
~
ВИД целебные_травы 23 2
n0 душица
n1 душицы
n2 душице
n3 душицу
n4 душицей
n5 душице
a душица
~
ВИД целебные_травы 24 2
n0 крушина
n1 крушины
n2 крушине
n3 крушину
n4 крушиной
n5 крушине
a крушина
~
ВИД целебные_травы 25 1
n0 зверобой
n1 зверобоя
n2 зверобою
n3 зверобой
n4 зверобоем
n5 зверобое
a зверобой
~
ВИД целебные_травы 26 1
n0 горец_перечный
n1 гореца_перечного
n2 горецу_перечному
n3 горец_перечный
n4 горецем_перечным
n5 гореце_перечном
a горец_перечный
~
ВИД целебные_травы 27 1
n0 чабрец
n1 чабреца
n2 чабрецу
n3 чабрец
n4 чабрецом
n5 чабреце
a чабрец
~
ВИД целебные_травы 28 1
n0 бессмертник
n1 бессмертника
n2 бессмертнику
n3 бессмертник
n4 бессмертником
n5 бессмертнике
a бессмертник
~
ВИД целебные_травы 30 1
n0 аир
n1 аира
n2 аиру
n3 аир
n4 аиром
n5 аире
a аир
~

ВИД ядовитые_травы 1 1
n0 барбарис
n1 барбариса
n2 барбарису
n3 барбарис
n4 барбарисом
n5 барбарисе
a барбарис
~
ВИД ядовитые_травы 2 1
n0 авран
n1 аврана
n2 аврану
n3 авран
n4 авраном
n5 авране
a авран
~
ВИД ядовитые_травы 3 1
n0 желтушник
n1 желтушника
n2 желтушнику
n3 желтушник
n4 желтушником
n5 желтушнике
a желтушник
~
ВИД ядовитые_травы 4 1
n0 мордовник
n1 мордовника
n2 мордовнику
n3 мордовник
n4 мордовником
n5 мордовнике
a мордовник
~
ВИД ядовитые_травы 5 2
n0 мыльнянка
n1 мыльнянки
n2 мыльнянке
n3 мыльнянку
n4 мыльнянкой
n5 мыльнянке
a мыльнянка
~
ВИД ядовитые_травы 6 1
n0 хмель
n1 хмеля
n2 хмелю
n3 хмель
n4 хмелем
n5 хмеле
a хмель
~
ВИД ядовитые_травы 7 1
n0 ясменник
n1 ясменника
n2 ясменнику
n3 ясменник
n4 ясменником
n5 ясменнике
a ясменник
~
ВИД ядовитые_травы 8 2
n0 льнянка
n1 льнянки
n2 льнянке
n3 льнянку
n4 льнянкой
n5 льнянке
a льнянка
~
ВИД ядовитые_травы 9 2
n0 кубышка
n1 кубышки
n2 кубышке
n3 кубышку
n4 кубышкой
n5 кубышке
a кубышка
~
ВИД ядовитые_травы 10 1
n0 дрок
n1 дрока
n2 дроку
n3 дрок
n4 дроком
n5 дроке
a дрок
~
ВИД ядовитые_травы 11 1
n0 донник
n1 донника
n2 доннику
n3 донник
n4 донником
n5 доннике
a донник
~
ВИД ядовитые_травы 12 1
n0 грыжник
n1 грыжника
n2 грыжнику
n3 грыжник
n4 грыжником
n5 грыжнике
a грыжник
~
ВИД ядовитые_травы 14 1
n0 барвинок
n1 барвинка
n2 барвинку
n3 барвинок
n4 барвинком
n5 барвинке
a барвинок
~
ВИД ядовитые_травы 15 2
n0 купальница
n1 купальницы
n2 купальнице
n3 купальницу
n4 купальницей
n5 купальнице
a купальница
~
ВИД ядовитые_травы 16 1
n0 прострел
n1 прострела
n2 прострелу
n3 прострел
n4 прострелом
n5 простреле
a прострел
~
ВИД ядовитые_травы 17 1
n0 чистец
n1 чистеца
n2 чистецу
n3 чистец
n4 чистецом
n5 чистеце
a чистец
~
ВИД ядовитые_травы 18 2
n0 арника
n1 арники
n2 арнике
n3 арнику
n4 арникой
n5 арнике
a арника
~
ВИД ядовитые_травы 19 1
n0 багульник
n1 багульника
n2 багульнику
n3 багульник
n4 багульником
n5 багульнике
a багульник
~
ВИД ядовитые_травы 21 1
n0 молочай
n1 молочая
n2 молочаю
n3 молочай
n4 молочаем
n5 молочае
a молочай
~
ВИД ядовитые_травы 22 2
n0 белена
n1 белены
n2 белене
n3 белену
n4 беленой
n5 белене
a белена
~
ВИД ядовитые_травы 23 1
n0 василистник
n1 василистника
n2 василистнику
n3 василистник
n4 василистником
n5 василистнике
a василистник
~
ВИД ядовитые_травы 24 1
n0 обвойник
n1 обвойника
n2 обвойнику
n3 обвойник
n4 обвойником
n5 обвойнике
a обвойник
~
ВИД ядовитые_травы 25 1
n0 плаун
n1 плауна
n2 плауну
n3 плаун
n4 плауном
n5 плауне
a плаун
~
ВИД ядовитые_травы 26 1
n0 ясенец
n1 ясенца
n2 ясенцу
n3 ясенец
n4 ясенцем
n5 ясенце
a ясенец
~
ВИД ядовитые_травы 27 2
n0 черемица
n1 черемицы
n2 черемице
n3 черемицу
n4 черемицей
n5 черемице
a черемица
~
ВИД ядовитые_травы 28 2
n0 спорынья
n1 спорыньи
n2 спорынье
n3 спорынью
n4 спорыньей
n5 спорынье
a спорынья
~
ВИД ядовитые_травы 30 1
n0 вех_ядовитый
n1 веха_ядовитого
n2 веху_ядовитому
n3 вех_ядовитый
n4 вехом_ядовитым
n5 вехе_ядовитом
a вех_ядовитый
~

ВИД съедобные_ягоды 1 2
n0 рябина
n1 рябины
n2 рябине
n3 рябину
n4 рябиной
n5 рябине
a рябина
~
ВИД съедобные_ягоды 3 1
n0 шиповник
n1 шиповника
n2 шиповнику
n3 шиповник
n4 шиповником
n5 шиповнике
a шиповник
~
ВИД съедобные_ягоды 5 2
n0 брусника
n1 брусники
n2 бруснике
n3 бруснику
n4 брусникой
n5 бруснике
a брусника
~
ВИД съедобные_ягоды 7 2
n0 клюква
n1 клюквы
n2 клюкве
n3 клюкву
n4 клюквой
n5 клюкве
a клюква
~
ВИД съедобные_ягоды 8 2
n0 вишня
n1 вишни
n2 вишне
n3 вишню
n4 вишней
n5 вишне
a вишня
~
ВИД съедобные_ягоды 9 2
n0 облепиха
n1 облепихи
n2 облепихе
n3 облепиху
n4 облепихой
n5 облепихе
a облепиха
~
ВИД съедобные_ягоды 10 2
n0 голубика
n1 голубики
n2 голубике
n3 голубику
n4 голубикой
n5 голубике
a голубика
~
ВИД съедобные_ягоды 11 1
n0 терн
n1 терна
n2 терну
n3 терн
n4 терном
n5 терне
a терн
~
ВИД съедобные_ягоды 12 2
n0 черная_смородина
n1 черной_смородины
n2 черной_смородине
n3 черную_смородину
n4 черной_смородиной
n5 черной_смородине
a черная_смородина
~
ВИД съедобные_ягоды 13 2
n0 калина
n1 калины
n2 калине
n3 калину
n4 калиной
n5 калине
a калина
~
ВИД съедобные_ягоды 14 1
n0 барбарис
n1 барбариса
n2 барбарису
n3 барбарис
n4 барбарисом
n5 барбарисе
a барбарис
~
ВИД съедобные_ягоды 15 2
n0 малина
n1 малины
n2 малине
n3 малину
n4 малиной
n5 малине
a малина
~
ВИД съедобные_ягоды 16 2
n0 ежевика
n1 ежевики
n2 ежевике
n3 ежевику
n4 ежевикой
n5 ежевике
a ежевика
~
ВИД съедобные_ягоды 17 1
n0 боярышник
n1 боярышника
n2 боярышнику
n3 боярышник
n4 боярышником
n5 боярышнике
a боярышник
~
ВИД съедобные_ягоды 18 2
n0 клубника
n1 клубники
n2 клубнике
n3 клубнику
n4 клубникой
n5 клубнике
a клубника
~
ВИД съедобные_ягоды 19 2
n0 жимолость
n1 жимолости
n2 жимолости
n3 жимолость
n4 жимолостью
n5 жимолости
a жимолость
~
ВИД съедобные_ягоды 20 2
n0 черника
n1 черники
n2 чернике
n3 чернику
n4 черникой
n5 чернике
a черника
~
ВИД съедобные_ягоды 21 2
n0 красная_смородина
n1 красной_смородины
n2 красной_смородине
n3 красную_смородину
n4 красной_смородиной
n5 красной_смородине
a красная_смородина
~
ВИД съедобные_ягоды 22 2
n0 ирга
n1 ирги
n2 ирге
n3 иргу
n4 иргой
n5 ирге
a ирга
~
ВИД съедобные_ягоды 23 2
n0 сизая_ежевика
n1 сизой_ежевики
n2 сизой_ежевике
n3 сизую_ежевику
n4 сизой_ежевикой
n5 сизой_ежевике
a сизая_ежевика
~
ВИД съедобные_ягоды 24 2
n0 белая_смородина
n1 белой_смородины
n2 белой_смородине
n3 белую_смородину
n4 белой_смородиной
n5 белой_смородине
a белая_смородина
~
ВИД съедобные_ягоды 25 2
n0 земляника
n1 земляники
n2 землянике
n3 землянику
n4 земляникой
n5 землянике
a земляника
~
ВИД съедобные_ягоды 26 2
n0 костяника
n1 костяники
n2 костянике
n3 костянику
n4 костяникой
n5 костянике
a костяника
~
ВИД съедобные_ягоды 27 2
n0 белая_малина
n1 белой_малины
n2 белой_малине
n3 белую_малину
n4 белой_малиной
n5 белой_малине
a белая_малина
~
ВИД съедобные_ягоды 28 2
n0 черноплодная_рябина
n1 черноплодной_рябины
n2 черноплодной_рябине
n3 черноплодную_рябину
n4 черноплодной_рябиной
n5 черноплодной_рябине
a черноплодная_рябина
~
ВИД съедобные_ягоды 29 1
n0 крыжовник
n1 крыжовника
n2 крыжовнику
n3 крыжовник
n4 крыжовником
n5 крыжовнике
a крыжовник
~
ВИД съедобные_ягоды 30 1
n0 кизил
n1 кизила
n2 кизилу
n3 кизил
n4 кизилом
n5 кизиле
a кизил
~

ВИД ядовитые_ягоды 1 1
n0 дикий_виноград
n1 дикого_винограда
n2 дикому_винограду
n3 дикий_виноград
n4 диким_виноградом
n5 диком_винограде
a дикий_виноград
~
ВИД ядовитые_ягоды 3 2
n0 бирючина
n1 бирючины
n2 бирючине
n3 бирючину
n4 бирючиной
n5 бирючине
a бирючина
~
ВИД ядовитые_ягоды 5 1
n0 бычий_язык
n1 бычьего_языка
n2 бычьему_языку
n3 бычий_язык
n4 бычьим_языком
n5 бычьем_языке
a бычий_язык
~
ВИД ядовитые_ягоды 7 1
n0 тис
n1 тиса
n2 тису
n3 тис
n4 тисом
n5 тисе
a тис
~
ВИД ядовитые_ягоды 8 1
n0 метельник
n1 метельника
n2 метельнику
n3 метельник
n4 метельником
n5 метельнике
a метельник
~
ВИД ядовитые_ягоды 9 1
n0 вороний_глаз
n1 вороньего_глаза
n2 вороньему_глазу
n3 вороний_глаз
n4 вороньим_глазом
n5 вороньем_глазе
a вороний_глаз
~
ВИД ядовитые_ягоды 10 2
n0 клещевина
n1 клещевины
n2 клещевине
n3 клещевину
n4 клещевиной
n5 клещевине
a клещевина
~
ВИД ядовитые_ягоды 13 1
n0 остролист
n1 остролиста
n2 остролисту
n3 остролист
n4 остролистом
n5 остролисте
a остролист
~
ВИД ядовитые_ягоды 15 1
n0 бересклет
n1 бересклета
n2 бересклету
n3 бересклет
n4 бересклетом
n5 бересклете
a бересклет
~
ВИД ядовитые_ягоды 17 2
n0 красная_жимолость
n1 красной_жимолости
n2 красной_жимолости
n3 красную_жимолость
n4 красной_жимолостью
n5 красной_жимолости
a красная_жимолость
~
ВИД ядовитые_ягоды 18 1
n0 паслен
n1 паслена
n2 паслену
n3 паслен
n4 пасленом
n5 паслене
a паслен
~
ВИД ядовитые_ягоды 19 1
n0 можжевельник
n1 можжевельника
n2 можжевельнику
n3 можжевельник
n4 можжевельником
n5 можжевельнике
a можжевельник
~
ВИД ядовитые_ягоды 20 2
n0 белладонна 
n1 белладонны
n2 белладонне
n3 белладонну
n4 белладонной
n5 белладонне
a белладонна
~
ВИД ядовитые_ягоды 21 2
n0 бузина
n1 бузины
n2 бузине
n3 бузину
n4 бузиной
n5 бузине
a бузина
~
ВИД ядовитые_ягоды 22 1
n0 дурман
n1 дурмана
n2 дурману
n3 дурман
n4 дурманом
n5 дурмане
a дурман
~
ВИД ядовитые_ягоды 23 1
n0 дрок
n1 дрока
n2 дроку
n3 дрок
n4 дроком
n5 дроке
a дрок
~
ВИД ядовитые_ягоды 24 0
n0 волчье_лыко
n1 волчьего_лыка
n2 волчьему_лыку
n3 волчье_лыко
n4 волчьим_лыком
n5 волчьем_лыке
a волчье_лыко
~
ВИД ядовитые_ягоды 25 1
n0 ландыш
n1 ландыша
n2 ландышу
n3 ландыш
n4 ландышем
n5 ландыше
a ягода_ландыша
~
ВИД ядовитые_ягоды 26 2
n0 бриония
n1 брионии
n2 брионии
n3 брионию
n4 брионией
n5 брионии
a бриония
~
ВИД ядовитые_ягоды 27 2
n0 лавровишня
n1 лавровишни
n2 лавровишне
n3 лавровишню
n4 лавровишней
n5 лавровишне
a лавровишня
~
ВИД ядовитые_ягоды 28 2
n0 омела
n1 омелы
n2 омеле
n3 омелу
n4 омелой
n5 омеле
a омела
~
ВИД ядовитые_ягоды 29 1
n0 падуб
n1 падуба
n2 падубу
n3 падуб
n4 падубом
n5 падубе
a ягода_падуба
~
ВИД ядовитые_ягоды 30 2
n0 золотая_акация
n1 золотой_акации
n2 золотой_акации
n3 золотую_акацию
n4 золотой_акацией
n5 золотой_акации
a ягода_золотой_акации
~
ВИД крупы 1 3
n0 отруби
n1 отрубей
n2 отрубям
n3 отруби
n4 отрубями
n5 отрубях
a отруби
~
ВИД крупы 3 2
n0 чечевица
n1 чечевицы
n2 чечевице
n3 чечевицу
n4 чечевицей
n5 чечевице
a чечевица
~
ВИД крупы 4 2
n0 манка
n1 манки
n2 манке
n3 манку
n4 манкой
n5 манке
a манка
~
ВИД крупы 7 0
n0 пшено
n1 пшена
n2 пшену
n3 пшено
n4 пшеном
n5 пшене
a пшено
~
ВИД крупы 10 1
n0 рис
n1 риса
n2 рису
n3 рис
n4 рисом
n5 рисе
a рис
~
ВИД крупы 13 1
n0 ячмень
n1 ячменя
n2 ячменю
n3 ячмень
n4 ячменем
n5 ячмене
a ячмень
~
ВИД крупы 15 1
n0 овес
n1 овса
n2 овсу
n3 овес
n4 овсом
n5 овсе
a овес
~
ВИД крупы 18 2
n0 гороховая_крупа
n1 гороховой_крупы
n2 гороховой_крупе
n3 гороховую_крупу
n4 гороховой_крупой
n5 гороховой_крупе
a гороховая_крупа
~
ВИД крупы 20 2
n0 гречневая_ядрица
n1 гречневой_ядрицы
n2 гречневой_ядрице
n3 гречневую_ядрицу
n4 гречневой_ядрицей
n5 гречневой_ядрице
a гречневая_ядрица
~
ВИД крупы 22 0
n0 толокно
n1 толокна
n2 толокну
n3 толокно
n4 толокном
n5 толокне
a толокно
~
ВИД крупы 24 0
n0 просо
n1 проса
n2 просу
n3 просо
n4 просом
n5 просе
a просо
~
ВИД крупы 26 2
n0 ячневая_крупа
n1 ячневой_крупы
n2 ячневой_крупе
n3 ячневую_крупу
n4 ячневой_крупой
n5 ячневой_крупе
a ячневая_крупа
~
ВИД крупы 28 2
n0 гречка
n1 гречки
n2 гречке
n3 гречку
n4 гречкой
n5 гречке
a гречка
~

ВИД минералы 1 1
n0 кремень
n1 кремня
n2 кремню
n3 кремень
n4 кремнем
n5 кремне
a осколок_кремня
~
ВИД минералы 2 1
n0 торф
n1 торфа
n2 торфу
n3 торф
n4 торфом
n5 торфе
a кусочек_торфа
~
ВИД минералы 3 2
n0 слюда
n1 слюды
n2 слюде
n3 слюду
n4 слюдой
n5 слюде
a кусочек_слюды
~
ВИД минералы 4 1
n0 песчанник
n1 песчанника
n2 песчаннику
n3 песчанник
n4 песчанником
n5 песчаннике
a крупный_кусок_песчанника
~
ВИД минералы 5 1
n0 уголь
n1 угля
n2 углю
n3 уголь
n4 углем
n5 угле
a крупный_кусок_угля
~
ВИД минералы 6 1
n0 кварцит
n1 кварцита
n2 кварциту
n3 кварцит
n4 кварцитом
n5 кварците
a осколок_кварцита
~
ВИД минералы 7 1
n0 гранит
n1 гранита
n2 граните
n3 гранит
n4 гранитом
n5 граните
a осколок_гранита
~
ВИД минералы 8 1
n0 мергель
n1 мергеля 
n2 мергелю 
n3 мергель
n4 мергелем 
n5 мергеле 
a осколок_мергеля 
~
ВИД минералы 9 1
n0 гипс
n1 гипса 
n2 гипсу 
n3 гипс
n4 гипсом 
n5 гипсе 
a кусочек_гипса 
~
ВИД минералы 10 1
n0 трепел  
n1 трепела  
n2 трепелу  
n3 трепел  
n4 трепелом  
n5 трепеле  
a осколок_трепела  
~
ВИД минералы 11 2
n0 каменная_соль
n1 каменной_соли
n2 каменной_соли
n3 каменную_соль
n4 каменной_солью
n5 каменной_соли
a немного_каменной_соли
~
ВИД минералы 12 1
n0 известняк
n1 известняка
n2 известняку
n3 известняк
n4 известняком
n5 известняке
a кусочек_известняка
~
ВИД минералы 13 1
n0 сердолик
n1 сердолика
n2 сердолику
n3 сердолик
n4 сердоликом
n5 сердолике
a кусочек_сердолика
~
ВИД минералы 14 1
n0 туф
n1 туфа
n2 туфу
n3 туф
n4 туфом
n5 туфе
a кусочек_туфа
~
ВИД минералы 15 1
n0 базальт
n1 базальта
n2 базальту
n3 базальт
n4 базальтом
n5 базальте
a осколок_базальта
~
ВИД минералы 16 1
n0 лазурит
n1 лазурита
n2 лазуриту
n3 лазурит
n4 лазуритом
n5 лазурите
a осколок_лазурита
~
ВИД минералы 17 1
n0 халцедон
n1 халцедона
n2 халцедону
n3 халцедон
n4 халцедоном
n5 халцедоне
a халцедон
~
ВИД минералы 18 1
n0 хризопраз
n1 хризопраза
n2 хризопразу
n3 хризопраз
n4 хризопразом
n5 хризопразе
a кусочек_хризопраза
~
ВИД минералы 19 1
n0 обсидиан
n1 обсидиана
n2 обсидиану
n3 обсидиан
n4 обсидианом
n5 обсидиане
a кусочек_обсидиана
~
ВИД минералы 20 1
n0 мрамор
n1 мрамора
n2 мрамору
n3 мрамор
n4 мрамором
n5 мраморе
a крупный_кусок_мрамора
~
ВИД минералы 21 1
n0 малахит
n1 малахита
n2 малахиту
n3 малахит
n4 малахитом
n5 малахите
a крупный_кусок_малахита
~
ВИД минералы 22 1
n0 опал
n1 опала
n2 опалу
n3 опал
n4 опалом
n5 опале
a опал
~
ВИД минералы 23 1
n0 нефрит
n1 нефрита
n2 нефриту
n3 нефрит
n4 нефритом
n5 нефрите
a большой_кусок_нефрита
~
ВИД минералы 24 1
n0 аметист
n1 аметиста
n2 аметисту
n3 аметист
n4 аметистом
n5 аметисте
a осколок_аметиста
~
ВИД минералы 25 1
n0 турмалин
n1 турмалина
n2 турмалине
n3 турмалин
n4 турмалином
n5 турмалине
a турмалин
~
ВИД минералы 26 1
n0 александрит
n1 александрита
n2 александриту
n3 александрит
n4 александритом
n5 александрите
a довольно_крупный_александрит
~
ВИД минералы 27 1
n0 гранат
n1 граната
n2 гранату
n3 гранат
n4 гранатом
n5 гранате
a огромный_гранат
~
ВИД минералы 28 1
n0 рубин
n1 рубина
n2 рубине
n3 рубин
n4 рубином
n5 рубине
a средних_размеров_рубин
~
ВИД минералы 29 1
n0 изумруд
n1 изумруда
n2 изумруду
n3 изумруд
n4 изумрудом
n5 изумруде
a большой_изумруд
~
ВИД минералы 30 1
n0 алмаз
n1 алмаза
n2 алмазу
n3 алмаз
n4 алмазом
n5 алмазе
a большой_алмаз
~

ВИД металлы 2 0
n0 олово
n1 олова
n2 олову
n3 олово
n4 оловом
n5 олове
a кусочек_олова
~
ВИД металлы 5 2
n0 медь
n1 меди
n2 меди
n3 медь
n4 медью
n5 меди
a кусочек_меди
~
ВИД металлы 7 0
n0 железо
n1 железа
n2 железу
n3 железо
n4 железом

n5 железе
a самородок_железа
~
ВИД металлы 10 1
n0 никель
n1 никеля
n2 никелю
n3 никель
n4 никелем
n5 никеле
a кусочек_никеля
~
ВИД металлы 13 2
n0 бронза
n1 бронзы
n2 бронзе
n3 бронзу
n4 бронзой
n5 бронзе
a кусочек_бронзы
~
ВИД металлы 16 2
n0 латунь
n1 латуни
n2 латуни
n3 латунь
n4 латунью
n5 латуни
a кусочек_латуни
~
ВИД металлы 19 1
n0 свинец
n1 свинца
n2 свинцу
n3 свинец
n4 свинцом
n5 свинеце
a кусочек_свинца
~
ВИД металлы 21 1
n0 чугун
n1 чугуна
n2 чугуну
n3 чугун
n4 чугуном
n5 чугуне
a кусочек_чугуна
~
ВИД металлы 23 1
n0 мышьяк
n1 мышьяка
n2 мышьяку
n3 мышьяк
n4 мышьяком
n5 мышьяке
a мышьяк
~
ВИД металлы 24 1
n0 цинк
n1 цинка
n2 цинку
n3 цинк
n4 цинком
n5 цинке
a цинк
~
ВИД металлы 25 0
n0 серебро
n1 серебра
n2 серебру
n3 серебро
n4 серебром
n5 серебре
a серебро
~
ВИД металлы 27 0
n0 золото
n1 золота
n2 золоту
n3 золото
n4 золотом
n5 золоте
a золотой_самородок
s Золотой_самородок_еле_заметен_в_грязи.
~
ВИД металлы 28 2
n0 платина
n1 платины
n2 платине
n3 платину
n4 платиной
n5 платине
a платина
~

ВИД посуда 1 2
n0 глиняная_плошка
n1 глиняной_плошки
n2 глиняной_плошке
n3 глиняную_плошку
n4 глиняной_плошкой
n5 глиняной_плошке
a глиняная_плошка
~
ВИД посуда 2 2
n0 треснутая_миска
n1 треснутой_миски
n2 треснутой_миске
n3 треснутую_миску
n4 треснутой_миской
n5 треснутой_миске
a треснутая_миска
~
ВИД посуда 3 2
n0 глиняная_кружка
n1 глиняной_кружки
n2 глиняной_кружке
n3 глиняную_кружку
n4 глиняной_кружкой
n5 глиняной_кружке
a глиняная_кружка
~
ВИД посуда 4 2
n0 жестяная_чашка
n1 жестяной_чашки
n2 жестяной_чашке
n3 жестяную_чашку
n4 жестяной_чашкой
n5 жестяной_чашке
a жестяная_чашка
~
ВИД посуда 5 2
n0 оловянная_чашка
n1 оловянной_чашки
n2 оловянной_чашке
n3 оловянную_чашку
n4 оловянной_чашкой
n5 оловянной_чашке
a оловянная_чашка
~
ВИД посуда 6 2
n0 медная_чашка
n1 медной_чашки
n2 медной_чашке
n3 медную_чашку
n4 медной_чашкой
n5 медной_чашке
a медная_чашка
~
ВИД посуда 8 2
n0 кастрюля
n1 кастрюли
n2 кастрюле
n3 кастрюлю
n4 кастрюлей
n5 кастрюле
a кастрюля
~
ВИД посуда 10 1
n0 закопченый_чугунок
n1 закопченого_чугунка
n2 закопченому_чугунку
n3 закопченый_чугунок
n4 закопченым_чугунком
n5 закопченом_чугунке
a закопченый_чугунок
~
ВИД посуда 12 2
n0 железная_ступка
n1 железной_ступки
n2 железной_ступке
n3 железную_ступку
n4 железной_ступкой
n5 железной_ступке
a железная_ступка
~
ВИД посуда 14 1
n0 большой_горшок
n1 большого_горшка
n2 большому_горшку
n3 большой_горшок
n4 большим_горшком
n5 большом_горшке
a большой_горшок
~
ВИД посуда 16 1
n0 маленький_котелок
n1 маленького_котелка
n2 маленькому_котелку
n3 маленький_котелок
n4 маленьким_котелком
n5 маленьком_котелке
a маленький_котелок
~
ВИД посуда 18 1
n0 железный_котел
n1 железного_котла
n2 железному_котлу
n3 железный_котел
n4 железным_котлом
n5 железном_котле
a железный_котел
~
ВИД посуда 21 1
n0 оловянный_котел
n1 оловянного_котла
n2 оловянному_котлу
n3 оловянный_котел
n4 оловянным_котлом
n5 оловянном_котле
a оловянный_котел
~
ВИД посуда 22 1
n0 медный_котел
n1 медного_котла
n2 медному_котлу
n3 медный_котел
n4 медным_котлом
n5 медном_котле
a медный_котел
~
ВИД посуда 23 1
n0 бронзовый_котел
n1 бронзового_котла
n2 бронзовому_котлу
n3 бронзовый_котел
n4 бронзовым_котлом
n5 бронзовом_котле
a бронзовый_котел
~
ВИД посуда 24 1
n0 железный_чан
n1 железного_чана
n2 железному_чану
n3 железный_чан
n4 железным_чаном
n5 железном_чане
a железный_чан
~
ВИД посуда 25 1
n0 медный_чан
n1 медного_чана
n2 медному_чану
n3 медный_чан
n4 медным_чаном
n5 медном_чане
a медный_чан
~
ВИД посуда 26 1
n0 серебряный_тигель
n1 серебряного_тигля
n2 серебряному_тиглю
n3 серебряный_тигель
n4 серебряным_тиглем
n5 серебрянои_тигле
a серебряный_тигель
~
ВИД посуда 27 1
n0 огромный_медный_котел
n1 огромного_медного_котла
n2 огромному_медному_котлу
n3 огромный_медный_котел
n4 огромным_медным_котлом
n5 огромном_медном_котле
a огромный_медный_котел
~
ВИД посуда 28 1
n0 огромный_оловянный_котел
n1 огромного_оловянного_котла
n2 огромному_оловянному_котлу
n3 огромный_оловянный_котел
n4 огромным_оловянным_котлом
n5 огромном_оловянном_котле
a огромный_оловянный_котел
~
ВИД посуда 29 1
n0 огромный_бронзовый_котел
n1 огромного_бронзового_котла
n2 огромному_бронзовму_котлу
n3 огромный_бронзовый_котел
n4 огромным_бронзовым_котлом
n5 огромном_бронзовом_котле
a огромный_бронзовый_котел
~
ВИД посуда 30 1
n0 огромный_серебряный_котел
n1 огромного_серебряного_котла
n2 огромному_серебряному_котлу
n3 огромный_серебряный_котел
n4 огромным_серебряным_котлом
n5 огромном_серебряном_котле
a огромный_серебряный_котел
~

ВИД жидкости 1 2
n0 дождевая_вода
n1 дождевой_воды
n2 дождевой_воде
n3 дождевую_воду
n4 дождевой_воды
n5 дождевой_воде
a склянка_с_водой_из_лужи
~
ВИД жидкости 2 2
n0 вода_из_болота
n1 воды_из_болота
n2 воде_из_болота
n3 воду_из_болота
n4 водой_из_болота
n5 воде_из_болота
a склянка_с_водой_из_болота
~
ВИД жидкости 3 2
n0 гнилая_вода
n1 гнилой_воды
n2 гнилой_воде
n3 гнилую_воду
n4 гнилой_водой
n5 гнилой_воде
a склянка_с_гнилой_водой
~
ВИД жидкости 4 0
n0 прокисшее_пиво
n1 прокисшего_пива
n2 прокисшему_пиву
n3 прокисшее_пиво
n4 прокисшим_пивом
n5 прокисшем_пиве
a кружка_прокисшего_пива
~
ВИД жидкости 5 1
n0 ржаной_квас
n1 ржаного_кваса
n2 ржаному_квасу
n3 ржаной_квас
n4 ржаным_квасом
n5 ржаном_квасе
a кружка_ржаного_кваса
~
ВИД жидкости 6 2
n0 ключевая_вода
n1 ключевой_воды
n2 ключевой_воде
n3 ключевую_воду
n4 ключевой_водой
n5 ключевой_воде
a бурдюк_с_ключевой_водой
~
ВИД жидкости 7 0
n0 пиво
n1 пива
n2 пиву
n3 пиво
n4 пивом
n5 пиве
a кружка_пива
~
ВИД жидкости 8 0
n0 вино
n1 вина
n2 вину
n3 вино
n4 вином
n5 вине
a бутыль_вина
~
ВИД жидкости 9 2
n0 водка
n1 водки
n2 водке
n3 водку
n4 водкой
n5 водке
a бутылка_водки
~
ВИД жидкости 10 2
n0 сметана
n1 сметаны
n2 сметане
n3 сметану
n4 сметаной
n5 сметане
a миска_сметаны
~
ВИД жидкости 11 1
n0 самогон
n1 самогона
n2 самогону
n3 самогон
n4 самогоном
n5 самогоне
a штоф_самогона
~
ВИД жидкости 12 2
n0 простокваша
n1 простокваши
n2 простокваше
n3 простоквашу
n4 простоквашей
n5 простокваше
a миска_простокваши
~
ВИД жидкости 13 2
n0 брага
n1 браги
n2 браге
n3 брагу
n4 брагой
n5 браге
a бутыль_с_брагой
~
ВИД жидкости 15 2
n0 медовуха
n1 медовухи
n2 медовухе
n3 медовуху
n4 медовухой
n5 медовухе
a бутыль_с_медовухой
~
ВИД жидкости 17 0
n0 кислое_молоко
n1 кислого_молока
n2 кислому_молоку
n3 кислое_молоко
n4 кислым_молоком
n5 кислом_молоке
a крынка_кислого_молока
~
ВИД жидкости 18 1
n0 клюквеный_кисель
n1 клюквеного_киселя
n2 клюквеному_киселю
n3 клюквеный_кисель
n4 клюквеным_киселем
n5 клюквеном_киселе
a горшок_клюквеного_киселя
~
ВИД жидкости 20 1
n0 сбитень
n1 сбитня
n2 сбитню
n3 сбитень
n4 сбитнем
n5 сбитне
a бутыль_сбитня
~
ВИД жидкости 22 1
n0 мед
n1 меда
n2 меду
n3 мед
n4 медом
n5 меде
a горшок_меда
~
ВИД жидкости 24 0
n0 масло
n1 масла
n2 маслу
n3 масло
n4 маслом
n5 масле
a бутыль_масла
~
ВИД жидкости 26 0
n0 конопляное_масло
n1 конопляного_масла
n2 конопляному_маслу
n3 конопляное_масло
n4 конопляным_маслом
n5 конопляном_масле
a бутыль_конопляного_масла
~
ВИД жидкости 27 1
n0 деготь
n1 дегтя
n2 дегтю
n3 деготь
n4 дегтем
n5 дегте
a плошка_с_дегтем
~
ВИД жидкости 28 2
n0 кровь
n1 крови
n2 крови
n3 кровь
n4 кровью
n5 крови
a пузырек_с_кровью
~
ВИД жидкости 30 2
n0 ртуть
n1 ртути
n2 ртути
n3 ртуть
n4 ртутью
n5 ртути
a пузырек_с_ртутью
~

ВИД дерево 1 1
n0 орех
n1 ореха
n2 ореху
n3 орех
n4 орехом
n5 орехе
a ветка_ореха
~
ВИД дерево 2 2
n0 ива
n1 ивы
n2 иве
n3 иву
n4 ивой
n5 иве
a ветка_ивы
~
ВИД дерево 3 2
n0 сосна
n1 сосны
n2 сосне
n3 сосну
n4 сосной
n5 сосне
a ветка_сосны
~

ВИД дерево 4 2
n0 осина
n1 осины
n2 осине
n3 осину
n4 осиной
n5 осине
a ветка_осины
~
ВИД дерево 5 2
n0 ольха
n1 ольхи
n2 ольхе
n3 ольху
n4 ольхой
n5 ольхе
a ветка_ольхи
~
ВИД дерево 6 2
n0 ель
n1 ели
n2 ели
n3 ель
n4 елью
n5 ели
a ветка_ели
~
ВИД дерево 7 2
n0 береза
n1 березы
n2 березе
n3 березу
n4 березой
n5 березе
a ветка_березы
~
ВИД дерево 8 1
n0 тополь
n1 тополя
n2 тополю
n3 тополь
n4 тополем
n5 тополе
a ветка_тополя
~

ВИД дерево 10 1
n0 клен
n1 клена
n2 клену
n3 клен
n4 кленом
n5 клене
a ветка_клена
~
ВИД дерево 12 2
n0 липа
n1 липы
n2 липе
n3 липу
n4 липой
n5 липе
a ветка_липы
~
ВИД дерево 13 2
n0 лиственница
n1 лиственницы
n2 лиственнице
n3 лиственницу
n4 лиственнице
n5 лиственнице
a ветка_лиственницы
~
ВИД дерево 14 2
n0 пихта
n1 пихты
n2 пихте
n3 пихту
n4 пихтой
n5 пихте
a ветка_пихты
~
ВИД дерево 15 2
n0 черемуха
n1 черемухи
n2 черемухе
n3 черемуху
n4 черемухой
n5 черемухе
a ветка_черемухи
~
ВИД дерево 16 2
n0 яблоня
n1 яблони
n2 яблоне
n3 яблоню
n4 яблоней
n5 яблоне
a ветка_яблони
~
ВИД дерево 17 2
n0 груша
n1 груши
n2 груше
n3 грушу
n4 грушей
n5 груше
a ветка_груши
~
ВИД дерево 18 1
n0 вяз
n1 вяза
n2 вязу
n3 вяз
n4 вязом
n5 вязе
a ветка_вяза
~
ВИД дерево 19 1
n0 бук
n1 бука
n2 буку
n3 бук
n4 буком
n5 буке
a ветка_бука
~
ВИД дерево 20 1
n0 ясень
n1 ясеня
n2 ясеню
n3 ясень
n4 ясенем
n5 ясене
a ветка_ясеня
~
ВИД дерево 21 1
n0 дуб
n1 дуба
n2 дубу
n3 дуб
n4 дубом
n5 дубе
a ветка_дуба
~
ВИД дерево 22 1
n0 карагач
n1 карагача
n2 карагачу
n3 карагач
n4 карагачем
n5 карагаче
a ветка_карагача
~
ВИД дерево 23 1
n0 тис
n1 тиса
n2 тису
n3 тис
n4 тисом
n5 тисе
a ветка_тиса
~
ВИД дерево 24 1
n0 кипарис
n1 кипариса
n2 кипарису
n3 кипарис
n4 кипарисом
n5 кипарисе
a ветка_кипариса
~
ВИД дерево 25 1
n0 кедр
n1 кедра
n2 кедру
n3 кедр
n4 кедром
n5 кедре
a ветка_кедра
~
ВИД дерево 26 1
n0 каштан
n1 каштана
n2 каштану
n3 каштан
n4 каштаном
n5 каштане
a ветка_каштана
~
ВИД дерево 27 1
n0 платан
n1 платана
n2 платану
n3 платан
n4 платаном
n5 платане
a ветка_платана
~
ВИД дерево 28 1
n0 ильм
n1 ильма
n2 ильму
n3 ильма
n4 ильмом
n5 ильме
a ветка_ильма
~
ВИД дерево 29 1
n0 самшит
n1 самшита
n2 самшиту
n3 самшит
n4 самшитом
n5 самшите
a ветка_самшита
~

ВИД съедобные_грибы 1 2
n0 горькушка
n1 горькушки
n2 горькушке
n3 горькушку
n4 горькушкой
n5 горькушке
a горькушка
s Грибок_странного_вида_растет_тут.
~
ВИД съедобные_грибы 2 1
n0 опенок
n1 опенка
n2 опенку
n3 опенок
n4 опенком
n5 опенке
a опенок
s Опята_растут_на_пеньке.
~
ВИД съедобные_грибы 3 1
n0 сморчок
n1 сморчка
n2 сморчку
n3 сморчок
n4 сморчком
n5 сморчке
a сморчок
~
ВИД съедобные_грибы 4 1
n0 строчок
n1 строчка
n2 строчку
n3 строчок
n4 строчком
n5 строчке
a строчок
~
ВИД съедобные_грибы 5 2
n0 волнушка
n1 волнушки
n2 волнушке
n3 волнушку
n4 волнушкой
n5 волнушке
a волнушка
~
ВИД съедобные_грибы 6 1
n0 рыжик
n1 рыжика
n2 рыжику
n3 рыжик
n4 рыжиком
n5 рыжике
a рыжик
~
ВИД съедобные_грибы 7 2
n0 лисичка
n1 лисички
n2 лисичке
n3 лисичку
n4 лисичкой
n5 лисичке
a лисичка
~
ВИД съедобные_грибы 8 2
n0 сыроежка
n1 сыроежки
n2 сыроежке
n3 сыроежку
n4 сыроежкой
n5 сыроежке
a сыроежка
~
ВИД съедобные_грибы 9 2
n0 свинушка
n1 свинушки
n2 свинушке
n3 свинушку
n4 свинушкой
n5 свинушке
a свинушка
~
ВИД съедобные_грибы 10 1
n0 масленок
n1 масленка
n2 масленку
n3 масленок
n4 масленком
n5 масленке
a масленок
~
ВИД съедобные_грибы 11 2
n0 вешенка
n1 вешенки
n2 вешенке
n3 вешенку
n4 вешенкой
n5 вешенке
a вешенка
~
ВИД съедобные_грибы 12 1
n0 дождевик
n1 дождевика
n2 дождевику
n3 дождевик
n4 дождевиком
n5 дождевике
a дождевик
~
ВИД съедобные_грибы 13 1
n0 моховик
n1 моховика
n2 моховику
n3 моховик
n4 моховиком
n5 моховике
a моховик
~
ВИД съедобные_грибы 14 1
n0 валуй
n1 валуя
n2 валую
n3 валуй
n4 валуем
n5 валуе
a валуй
~
ВИД съедобные_грибы 15 2
n0 печерица
n1 печерицы
n2 печерице
n3 печерицу
n4 печерицей
n5 печерице
a печерица
~
ВИД съедобные_грибы 16 1
n0 белый_груздь
n1 белого_груздя
n2 белому_груздю
n3 белый_груздь
n4 белым_груздем
n5 белом_грузде
a белый_груздь
~
ВИД съедобные_грибы 17 1
n0 дубовик
n1 дубовика
n2 дубовику
n3 дубовик
n4 дубовиком
n5 дубовике
a дубовик
~
ВИД съедобные_грибы 18 1
n0 черный_груздь
n1 черного_груздя
n2 черному_груздю
n3 черный_груздь
n4 черным_груздем
n5 черном_грузде
a черный_груздь
~
ВИД съедобные_грибы 19 2
n0 чернушка
n1 чернушки
n2 чернушке
n3 чернушку
n4 чернушкой
n5 чернушке
a чернушка
~
ВИД съедобные_грибы 20 1
n0 подосиновик
n1 подосиновика
n2 подосиновику
n3 подосиновик
n4 подосиновиком
n5 подосиновике
a подосиновик
~
ВИД съедобные_грибы 21 1
n0 паутинник
n1 паутинника
n2 паутиннику
n3 паутинник
n4 паутинником
n5 паутиннике
a паутинник
~
ВИД съедобные_грибы 22 1
n0 подберезовик
n1 подберезовика
n2 подберезовику
n3 подберезовик
n4 подберезовиком
n5 подберезовике
a подберезовик
~
ВИД съедобные_грибы 23 1
n0 белый_гриб
n1 белого_гриба
n2 белому_грибу
n3 белый_гриб
n4 белым_грибом
n5 белом_грибе
a белый_гриб
s Большой_белый_гриб_прикрыт_листвой.
~
ВИД съедобные_грибы 24 1
n0 подвишенник
n1 подвишенника
n2 подвишеннику
n3 подвишенник
n4 подвишенником
n5 подвишеннике
a подвишенник
~
ВИД съедобные_грибы 25 1
n0 боровик
n1 боровика
n2 боровику
n3 боровик
n4 боровиком
n5 боровике
a боровик
~
ВИД съедобные_грибы 26 1
n0 желтый_ежевик
n1 желтого_ежевика
n2 желтому_ежевику
n3 желтый_ежевик
n4 желтым_ежевиком
n5 желтом_ежевике
a желтый_ежевик
~
ВИД съедобные_грибы 27 2
n0 зеленая_сыроежка
n1 зеленой_сыроежки
n2 зеленой_сыроежке
n3 зеленую_сыроежку
n4 зеленой_сыроежкой
n5 зеленой_сыроежке
a зеленая_сыроежка
~
ВИД съедобные_грибы 28 2
n0 розовая_мокруха
n1 розовой_мокрухи
n2 розовой_мокрухе
n3 розовую_мокруху
n4 розовой_мокрухой
n5 розовой_мокрухе
a розовая_мокруха
~
ВИД съедобные_грибы 29 2
n0 скрипица
n1 скрипицы
n2 скрипице
n3 скрипицу
n4 скрипицей
n5 скрипице
a скрипица
~
ВИД съедобные_грибы 30 1
n0 навозник
n1 навозника
n2 навознику
n3 навозник
n4 навозником
n5 навознике
a навозник
~


ВИД ядовитые_грибы 1 2
n0 говорушка
n1 говорушки
n2 говорушке
n3 говорушку
n4 говорушкой
n5 говорушке
a говорушка
~
ВИД ядовитые_грибы 5 2
n0 рядовка
n1 рядовки
n2 рядовке
n3 рядовку
n4 рядовкой
n5 рядовке
a рядовка
~
ВИД ядовитые_грибы 10 2
n0 тонкая_свинушка
n1 тонкой_свинушки
n2 тонкой_свинушке
n3 тонкую_свинушку
n4 тонкой_свинушкой
n5 тонкой_свинушке
a тонкая_свинушка
~
ВИД ядовитые_грибы 13 2
n0 ложная_лисичка
n1 ложной_лисички
n2 ложной_лисичке
n3 ложную_лисичку
n4 ложной_лисичкой
n5 ложной_лисичке
a ложная_лисичка
~
ВИД ядовитые_грибы 15 2
n0 едкая_сыроежка
n1 едкой_сыроежки
n2 едкой_сыроежке
n3 едкую_сыроежку
n4 едкой_сыроежкой
n5 едкой_сыроежке
a едкая_сыроежка
~
ВИД ядовитые_грибы 18 1
n0 красный_опенок
n1 красного_опенка
n2 красному_опенку
n3 красный_опенок
n4 красным_опенком
n5 красном_опенке
a красный_опенок
~
ВИД ядовитые_грибы 20 1
n0 красный_мухомор
n1 красного_мухомора
n2 красному_мухомору
n3 красный_мухомор
n4 красным_мухомором
n5 красном_мухоморе
a красный_мухомор
~
ВИД ядовитые_грибы 23 2
n0 жгучая_сыроежка
n1 жгучей_сыроежки
n2 жгучей_сыроежке
n3 жгучую_сыроежку
n4 жгучей_сыроежкой
n5 жгучей_сыроежке
a жгучая_сыроежка
~
ВИД ядовитые_грибы 25 2
n0 бледная_поганка
n1 бледной_поганки
n2 бледной_поганке
n3 бледную_поганку
n4 бледной_поганкой
n5 бледной_поганке
a бледная_поганка
~
ВИД ядовитые_грибы 27 1
n0 пятнистый_мухомор
n1 пятнистого_мухомора
n2 пятнистому_мухомору
n3 пятнистый_мухомор
n4 пятнистым_мухомором
n5 пятнистом_мухоморе
a пятнистый_мухомор
~
ВИД ядовитые_грибы 30 1
n0 белый_мухомор
n1 белого_мухомора
n2 белому_мухомору
n3 белый_мухомор
n4 белым_мухомором
n5 белом_мухоморе
a белый_мухомор
~

ВИД овощи 1 2
n0 морковь
n1 моркови
n2 моркови
n3 морковь
n4 морковью
n5 моркови
a морковь
~
ВИД овощи 3 2
n0 капуста
n1 капусты
n2 капусте
n3 капусту
n4 капустой
n5 капусте
a капуста
~
ВИД овощи 5 1
n0 редис
n1 редиса
n2 редису
n3 редис
n4 редисом
n5 редисе
a редис
~
ВИД овощи 6 1
n0 лук
n1 лука
n2 луку
n3 лук
n4 луком
n5 луке
a лук
~
ВИД овощи 7 1
n0 чеснок
n1 чеснока
n2 чесноку
n3 чеснок
n4 чесноком
n5 чесноке
a чеснок
~
ВИД овощи 9 2
n0 свекла
n1 свеклы
n2 свекле
n3 свеклу
n4 свеклой
n5 свекле
a свекла
~
ВИД овощи 10 2
n0 редька
n1 редьки
n2 редьке
n3 редьку
n4 редькой
n5 редьке
a редька
~
ВИД овощи 11 1
n0 горох
n1 гороха
n2 гороху
n3 горох
n4 горохом
n5 горохе
a горох
~
ВИД овощи 13 2
n0 фасоль
n1 фасоли
n2 фасоли
n3 фасоль
n4 фасолью
n5 фасоли
a фасоль
~
ВИД овощи 14 1
n0 кабачок
n1 кабачка
n2 кабачку
n3 кабачок
n4 кабачком
n5 кабачке
a кабачок
~
ВИД овощи 15 2
n0 репа
n1 репы
n2 репе
n3 репу
n4 репой
n5 репе
a репа
~
ВИД овощи 16 3
n0 бобы
n1 бобов
n2 бобам
n3 бобы
n4 бобами
n5 бобах
a бобы
s Горстка_бобов_рассыпана_здесь.
~
ВИД овощи 17 1
n0 укроп
n1 укропа
n2 укропу
n3 укроп
n4 укропом
n5 укропе
a укроп
~
ВИД овощи 18 2
n0 брюква
n1 брюквы
n2 брюкве
n3 брюкву
n4 брюквой
n5 брюкве
a брюква
~
ВИД овощи 19 2
n0 петрушка
n1 петрушки
n2 петрушке
n3 петрушку
n4 петрушкой
n5 петрушке
a петрушка
~
ВИД овощи 20 1
n0 сладкий_перец
n1 сладкого_перца
n2 сладкому_перцу
n3 сладкий_перец
n4 сладким_перцем
n5 сладком_перце
a сладкий_перец
~
ВИД овощи 21 1
n0 сельдерей
n1 сельдерея
n2 сельдерею
n3 сельдерей
n4 сельдереем
n5 сельдерее
a сельдерей
~
ВИД овощи 22 1
n0 щавель
n1 щавеля
n2 щавелю
n3 щавель
n4 щавелем
n5 щавеле
a щавель
~
ВИД овощи 23 2
n0 цветная_капуста
n1 цветной_капусты
n2 цветной_капусте
n3 цветную_капусту
n4 цветной_капустой
n5 цветной_капусте
a цветная_капуста
~
ВИД овощи 24 1
n0 красный_перец
n1 красного_перца
n2 красному_перцу
n3 красный_перец
n4 красным_перцем
n5 красном_перце
a красный_перец
~
ВИД овощи 25 1
n0 баклажан
n1 баклажана
n2 баклажану
n3 баклажан
n4 баклажаном
n5 баклажане
a баклажан
~
ВИД овощи 26 1
n0 ревень
n1 ревеня
n2 ревеню
n3 ревень
n4 ревенем
n5 ревене
a ревень
~
ВИД овощи 27 1
n0 хрен
n1 хрена
n2 хрену
n3 хрен
n4 хреном
n5 хрене
a хрен
~
ВИД овощи 28 1
n0 лук-порей
n1 лука-порея
n2 луку-порею
n3 лук-порей
n4 луком-пореем
n5 луке-порее
a лук-порей
~
ВИД овощи 29 1
n0 шпинат
n1 шпината
n2 шпинату
n3 шпинат
n4 шпинатом
n5 шпинате
a шпинат
~
ВИД овощи 30 2
n0 тыква
n1 тыквы
n2 тыкве
n3 тыкву
n4 тыквой
n5 тыкве
a тыква
~

ВИД мелкие_твари 1 1
n0 таракашка
n1 таракашки
n2 таракашке
n3 таракашку
n4 таракашкой
n5 таракашке
a крошечный_таракашка
~
ВИД мелкие_твари 2 1
n0 комаришка
n1 комаришки
n2 комаришке
n3 комаришку
n4 комаришкой
n5 комаришке
a комаришка
s Назойливый_комаришка_зудит_над_ухом.
~
ВИД мелкие_твари 3 1
n0 крошечный_паучок
n1 крошечного_паучка 
n2 крошечному_паучку 
n3 крошечного_паучка
n4 крошечным_паучком 
n5 крошечном_паучке 
a крошечный_паучок
~
ВИД мелкие_твари 4 1
n0 маленький_мышонок
n1 маленького_мышонка 
n2 маленькому_мышонку 
n3 маленького_мышонка 
n4 маленьким_мышонком 
n5 маленьком_мышонке 
a маленький_мышонок
~
ВИД мелкие_твари 5 1
n0 птенец_воробушка
n1 птенца_воробушка 
n2 птенцу_воробушка 
n3 птенца_воробушка 
n4 птенцом_воробушка 
n5 птенце_воробушка 
a птенец_воробушка
~
ВИД мелкие_твари 6 1
n0 ручейник
n1 ручейника 
n2 ручейнику 
n3 ручейника 
n4 ручейником 
n5 ручейнике 
a ручейник
~
ВИД мелкие_твари 7 2
n0 маленькая_ящерка
n1 маленькой_ящерки 
n2 маленькой_ящерке 
n3 маленькую_ящерку 
n4 маленькой_ящеркой 
n5 маленькой_ящерке 
a маленькая_ящерка
~
ВИД мелкие_твари 8 1
n0 клоп-вонючка
n1 клопа-вонючки 
n2 клопу-вонючке 
n3 клопа-вонючку 
n4 клопом-вонючкой 
n5 клопе-вонючке 
a клоп-вонючка
~
ВИД мелкие_твари 9 2
n0 личинка_жука
n1 личинки_жука 
n2 личинке_жука 
n3 личинку_жука 
n4 личинкой_жука 
n5 личинке_жука
a личинка_жука
~
ВИД мелкие_твари 10 2
n0 крошечная_змейка
n1 крошечной_змейки 
n2 крошечной_змейке 
n3 крошечную_змейку 
n4 крошечной_змейкой 
n5 крошечной_змейке
a крошечная_змейка
~
ВИД мелкие_твари 11 2
n0 божья_коровка
n1 божьей_коровки 
n2 божьей_коровке 
n3 божью_коровку 
n4 божьей_коровкой 
n5 божьей_коровке
a божья_коровка
~
ВИД мелкие_твари 12 1
n0 муравьишка
n1 муравьишки 
n2 муравьишке 
n3 муравьишку 
n4 муравьишкой 
n5 муравьишке 
a муравьишка
~
ВИД мелкие_твари 13 1
n0 кузнечик
n1 кузнечика 
n2 кузнечику 
n3 кузнечика 
n4 кузнечиком 
n5 кузнечике 
a кузнечик
~
ВИД мелкие_твари 14 1
n0 светлячок
n1 светлячка 
n2 светлячку 
n3 светлячка 
n4 светлячком 
n5 светлячке 
a светлячок
~
ВИД мелкие_твари 15 1
n0 клоп-гладыш
n1 клопа-гладыша 
n2 клопу-гладышу 
n3 клопа-гладыша 
n4 клопом-гладышом 
n5 клопе-гладыше 
a клоп-гладыш
~
ВИД мелкие_твари 16 1
n0 желтый_жучок
n1 желтого_жучка 
n2 желтому_жучку 
n3 желтого_жучка 
n4 желтым_жучком 
n5 желтом_жучке 
a желтый_жучок
~
ВИД мелкие_твари 17 2
n0 жужелица
n1 жужелицы 
n2 жужелице 
n3 жужелицу 
n4 жужелицей 
n5 жужелице 
a жужелица
~
ВИД мелкие_твари 18 1
n0 длинный_червяк
n1 длинного_червяка 
n2 длинному_червяку 
n3 длинного_червяка 
n4 длинным_червяком 
n5 длинном_червяке 
a длинный_червяк
s Длинный_червяк_извивается_здесь.
~
ВИД мелкие_твари 19 2
n0 уховертка
n1 уховертки 
n2 уховертке 
n3 уховертку 
n4 уховерткой 
n5 уховерткае 
a уховертка
~
ВИД мелкие_твари 20 1
n0 лягушонок
n1 лягушонка 
n2 лягушонку 
n3 лягушонка 
n4 лягушонком 
n5 лягушонке 
a лягушонок
~
ВИД мелкие_твари 21 1
n0 синий_жучок
n1 синего_жучка 
n2 синему_жучку 
n3 синего_жучка 
n4 синим_жучком 
n5 синем_жучке 
a синий_жучок
~
ВИД мелкие_твари 22 1
n0 слепень
n1 слепня 
n2 слепню 
n3 слепня 
n4 слепнем 
n5 слепне 
a слепень
~
ВИД мелкие_твари 23 1
n0 рыжий_усатый_таракан
n1 рыжего_усатого_таракана 
n2 рыжему_усатому_таракану 
n3 рыжего_усатого_таракана 
n4 рыжим_усатым_тараканом 
n5 рыжем_усатом_таракане 
a рыжий_усатый_таракан
s Рыжий_таракан_шевелит_длинными_усами.
~
ВИД мелкие_твари 24 2
n0 дохлая_водомерка
n1 дохлой_водомерки 
n2 дохлой_водомерке 
n3 дохлую_водомерку 
n4 дохлой_водомеркой 
n5 дохлой_водомерке 
a дохлая_водомерка
~
ВИД мелкие_твари 25 2
n0 медведка
n1 медведки 
n2 медведке 
n3 медведку 
n4 медведкой 
n5 медведке 
a медведка
~
ВИД мелкие_твари 26 2
n0 сороконожка
n1 сороконожки 
n2 сороконожке 
n3 сороконожку 
n4 сороконожкой 
n5 сороконожке 
a сороконожка
~
ВИД мелкие_твари 27 1
n0 красный_жучок
n1 красного_жучка 
n2 красному_жучку 
n3 красного_жучка 
n4 красным_жучоком 
n5 красном_жучке 
a красный_жучок
~
ВИД мелкие_твари 28 2
n0 землеройка
n1 землеройки 
n2 землеройке 
n3 землеройку 
n4 землеройкой 
n5 землеройке 
a землеройка
~
ВИД мелкие_твари 29 2
n0 мокрица
n1 мокрицы 
n2 мокрице 
n3 мокрицу 
n4 мокрицей 
n5 мокрице 
a мокрица
~
ВИД мелкие_твари 30 1
n0 навозный_жук
n1 навозного_жука 
n2 навозному_жуку 
n3 навозного_жука 
n4 навозным_жуком 
n5 навозном_жуке 
a навозный_жук
s Навозный_жук_катит_свой_шар_мимо.
~

* ОПИСАТЕЛЬ РЕЦЕПТА
*****************************************************
* 'РЕЦЕПТ' <id> <название>

*ТЕСТ
РЕЦЕПТ 0 каша
* 'OBJ' <vnum>
OBJ 750
* 'CON' <k1> <k2> <k3> <kp>
CON 3 0 0.0001 2
* 'REQ' <тип>:<сила> ...
REQ съедобные_грибы:3 съедобные_грибы:10 живь:2
* 'ADD' <Nmax> <тип> <n1> <n2> <n3>
ADD 3 съедобные_грибы 1 0 0
ADD 1 шерсть 1 0 3
* 'MC1' 'MR1' - сообщения при успехе
MC1 Вы_сварили_вкуснейшую_кашу.
MR1 $n0_сварил$g_ароматную_кашу.
* 'MC2' 'MR2' - сообщения при неуспехе
MC2 Вы_передержали_кашу_на_огне,_всё_сгорело!
MR2 Густой_черный_дым_повалил_от_каши_$n1!
* 'MC3' 'MR3' - сообщения при повреждениях
MC3 Пузырь_воздуха_лопнул_на_поверхности_каши,_обжигая_Вас_каплями!
MR3 Пузырь_воздуха_лопнул_на_поверхности_каши,_обжигая_$n3_каплями!
* 'DAM' <x>d<y>
DAM 2d10
~

*ПОЛЕТ
РЕЦЕПТ 1 воспаряющий_отвар
* 'OBJ' <vnum>
OBJ 801
* 'CON' <k1> <k2> <k3> <kp>
CON 3 1 0.0001 2
* 'REQ' <тип>:<сила> ...
REQ посуда:1 жидкости:1 дерево:1 крылья:18
* 'ADD' <Nmax> <тип> <n1> <n2> <n3>
ADD 1 съедобные_грибы 1 0 0
ADD 1 съедобные_ягоды 0 1 0
ADD 1 целебные_травы 1 0 1
* 'MC1' 'MR1' - сообщения при успехе
MC1 Вы_сварили_воспаряющий_отвар.
MR1 Приплясывая_и_притоптывая,_$n0_что-то_сварил$g_в_огромном_котле.
* 'MC2' 'MR2' - сообщения при неуспехе
MC2 И_ничего_не_вышло...
MR2 $n0_начал$g_плясать_вокруг_огромного_котла._Вот_глуп$w.
* 'MC3' 'MR3' - сообщения при повреждениях
MC3 Камень_взлетел_со_дна_котла_и_больно_ударил_Вам_в_лоб!!!
MR3 Камень_взлетел_со_дна_котла_и_с_огромной_силой_ударил_в_голову_$n3!
* 'DAM' <x>d<y>
DAM 4d10
~

*НАСТОЙКА НА КЛОПАХ
РЕЦЕПТ 2 настой_на_клопах
* 'OBJ' <vnum>
OBJ 802
* 'CON' <k1> <k2> <k3> <kp>
CON 1 0 0.0001 2
* 'REQ' <тип>:<сила> ...
REQ посуда:1 жидкости:5 целебные_травы:22 ядовитые_травы:15 мелкие_твари:8
* 'ADD' <Nmax> <тип> <n1> <n2> <n3>
ADD 1 зубы 1 1 1
* 'MC1' 'MR1' - сообщения при успехе
MC1 Кажется,_Вы_превратили_неплохой_напиток_в_какую-то_гадость!!
MR1 $n0_начал$g_запихивать_отчаянно_сопротивляющуюся_живность_в_бутыль_с_чем-то!!!
* 'MC2' 'MR2' - сообщения при неуспехе
MC2 От_отвращения_Вы_случайно_разжали_руки_и_все_упало_на_землю...
MR2 С_исказившимся_от_отвращения_лицом_$n0_разжал$g_руки_и_все_упало_на_землю. 
* 'MC3' 'MR3' - сообщения при повреждениях
MC3 Существо,_которое_Вы_так_отчаянно_пытались_запихнуть_в_бутыль,_ловко_извернулось_и_укусило_Вас_в_палец!!!
MR3 Существо,_которое_$n0_так_отчаянно_пытал$u_запихнуть_в_бутыль_ловко_извернулось_и_укусило_$s_в_палец!!!
* 'DAM' <x>d<y>
DAM 1d10
~

*ЗАЩИТА
РЕЦЕПТ 3 зелье_бережения
* 'OBJ' <vnum>
OBJ 803
* 'CON' <k1> <k2> <k3> <kp>
CON 1 0 0.0001 2
* 'REQ' <тип>:<сила> ...
REQ посуда:1 жидкости:1 съедобные_ягоды:12
* 'ADD' <Nmax> <тип> <n1> <n2> <n3>
* 'MC1' 'MR1' - сообщения при успехе
MC1 Вы_сварили_зелье_бережения.
MR1 $n0_сварил$g_зелье_бережения.
* 'MC2' 'MR2' - сообщения при неуспехе
MC2 Ваша_попытка_сварить_зелье_бережения_окончилась_полным_провалом.
MR2 У_$n1_ничего_не_вышло_с_приготовлением_зелья_бережения.
* 'MC3' 'MR3' - сообщения при повреждениях
MC3 Вы_ошпарили_руки_своим_варевом!
MR3 $n0_грубо_выругал$u,_когда_ошпарил$g_руки_своим_варевом!
* 'DAM' <x>d<y>
DAM 2d2
~

*ДОБЛЕСТЬ
РЕЦЕПТ 4 отвар_тысячелистника
* 'OBJ' <vnum>
OBJ 804
* 'CON' <k1> <k2> <k3> <kp>
CON 1 0 0.0001 2
* 'REQ' <тип>:<сила> ...
REQ посуда:1 жидкости:1 ядовитые_грибы:7 целебные_травы:17
* 'ADD' <Nmax> <тип> <n1> <n2> <n3>
* 'MC1' 'MR1' - сообщения при успехе
MC1 Вы_приготовили_отвар_тысячелистника.
MR1 $n0_приготовил$g_отвар_тысячелистника.
* 'MC2' 'MR2' - сообщения при неуспехе
MC2 Кажется_не_получилось...
MR2 $n2_не_удался_отвар_тысячелистника.
* 'MC3' 'MR3' - сообщения при повреждениях
MC3 Вы_еще_и_ногу_подвернули...
MR3 $n0_неудачно_подвернул$g_левую_ногу_и_заскрипел$g_зубами_от_боли.
* 'DAM' <x>d<y>
DAM 2d4
~

*КЛОНИРОВАНИЕ
РЕЦЕПТ 5 крепкая_наливка
* 'OBJ' <vnum>
OBJ 805
* 'CON' <k1> <k2> <k3> <kp>
CON 1 0 0.0001 2
* 'REQ' <тип>:<сила> ...
REQ посуда:5 жидкости:25 когти:26 печень:38 зубы:14 глаза:10 волосы:10
* 'ADD' <Nmax> <тип> <n1> <n2> <n3>
ADD 1 дерево 2 0 0
ADD 1 минералы 0 0 2
* 'MC1' 'MR1' - сообщения при успехе
MC1 Ваши_старания_увенчались_успехом!_Что_очень_странно...
MR1 Старания_$n1_увенчались_успехом!
* 'MC2' 'MR2' - сообщения при неуспехе
MC2 Не_надо_расстариваться..._В_следующий_раз_получится.
MR2 $n0_огорчен$g_своей_неудачей.
* 'MC3' 'MR3' - сообщения при повреждениях
MC3 Нечто,_отдаленно_похожее_на_Вас_,истошно_завизжало_среди_пара_и_огня,_и_Вы_почувствовали_его_БОЛЬ!!!
MR3 $n0_скорчил$u_от_боли,_услышав_вопли_результата_своих_стараний.
* 'DAM' <x>d<y>
DAM 10d10
~
*ВЫЛЕЧИТЬ СЛЕПОТУ
РЕЦЕПТ 6 настой_столетника
* 'OBJ' <vnum>
OBJ 807
* 'CON' <k1> <k2> <k3> <kp>
CON 1 0 0.0001 2
* 'REQ' <тип>:<сила> ...
REQ посуда:2 жидкости:2 целебные_травы:5 глаза:18
* 'ADD' <Nmax> <тип> <n1> <n2> <n3>
* 'MC1' 'MR1' - сообщения при успехе
MC1 Ваши_губы_тронула_улыбка._Кажется,_получилось_неплохо.
MR1 $n0_довольно_улыбнул$u._Кажется_получилось.
* 'MC2' 'MR2' - сообщения при неуспехе
MC2 Вы_огорченно_вздохнули._Этим_только_клопов_морить...
MR2 $n0_огорченно_вздохнул$g._Результат_явно_не_соответствует_$s_ожиданиям.
* 'MC3' 'MR3' - сообщения при повреждениях
MC3 Пытаясь_выплеснуть_зелье_в_помойку,_Вы_выпустили_бутыль_из_рук,_и_она_упала_Вам_на_ногу._Довольно_чувствительно...
MR3 $n0_пытал$u_вылить_неудавшееся_зелье,_но_уронил$g_бутыль_себе_на_ногу_и_вскрикнул$g_от_боли.
* 'DAM' <x>d<y>
DAM 3d10
~

*КРИТИЧЕСКОЕ ИСЦЕЛЕНИЕ
РЕЦЕПТ 7 отвар_бореца
* 'OBJ' <vnum>
OBJ 806
* 'CON' <k1> <k2> <k3> <kp>
CON 1 0 0.0001 2
* 'REQ' <тип>:<сила> ...
REQ посуда:5 жидкости:5 съедобные_грибы:10 сердце:18 целебные_травы:18
* 'ADD' <Nmax> <тип> <n1> <n2> <n3>
ADD 1 овощи 3 0 0
ADD 1 печень 0 0 3
* 'MC1' 'MR1' - сообщения при успехе
MC1 Вы_приготовили_отличный_отвар_бореца.
MR1 $n0_приготовил$g_отличный_отвар_бореца.
* 'MC2' 'MR2' - сообщения при неуспехе
MC2 Не_получилось._Видимо_передержали_на_огне.
MR2 Явное_недовольство_собой_отразилось_на_лице_$n1.
* 'MC3' 'MR3' - сообщения при повреждениях
MC3 Не_поверив_в_свою_ошибку,_Вы_сделали_глоток..._Какая_гадость!
MR3 Глоток_своего_творения_явно_не_пошел_на_пользу_$n2.
* 'DAM' <x>d<y>
DAM 5d10
~

*ЛЕГКОЕ ИСЦЕЛЕНИЕ
РЕЦЕПТ 8 отвар_подорожника
* 'OBJ' <vnum>
OBJ 808
* 'CON' <k1> <k2> <k3> <kp>
CON 1 0 0.0001 2
* 'REQ' <тип>:<сила> ...
REQ посуда:1 жидкости:1 целебные_травы:5
* 'ADD' <Nmax> <тип> <n1> <n2> <n3>
* 'MC1' 'MR1' - сообщения при успехе
MC1 Вы_преуспели_в_приготовлении_отвара_подорожника.
MR1 $n0,_очевидно,_преуспел$g_в_своих_стараниях.
* 'MC2' 'MR2' - сообщения при неуспехе
MC2 Надо_же!_Такой_простой_рецепт_-_а_ничего_не_вышло...
MR2 $n2_не_удался_этот_простой_отвар._Бывает...
* 'MC3' 'MR3' - сообщения при повреждениях
MC3 С_досады_Вы_шарахнули_кулаком_по_столу!_Ай!_Больно_же!
MR3 С_досады_$n0_шарахнул$g_кулаком_по_столу_и_сильно_ударил$g_руку._Поосторожнее_надо...
* 'DAM' <x>d<y>
DAM 3d7
~

*ОПРЕДЕЛЕНИЕ НАКЛОННОСТЕЙ
РЕЦЕПТ 9 чаговый_настой
* 'OBJ' <vnum>
OBJ 809
* 'CON' <k1> <k2> <k3> <kp>
CON 1 0 0.0001 2
* 'REQ' <тип>:<сила> ...
REQ посуда:1 жидкости:1 дерево:1
* 'ADD' <Nmax> <тип> <n1> <n2> <n3>
* 'MC1' 'MR1' - сообщения при успехе
MC1 Вы_сварили_чаговый_настой.
MR1 $n0_сварил$g_чаговый_настой.
* 'MC2' 'MR2' - сообщения при неуспехе
MC2 Ничего_не_вышло...
MR2 У_$n1_ничего_не_вышло.
* 'MC3' 'MR3' - сообщения при повреждениях
MC3 Вы_занозили_палец!_Довольно_неприятно...
MR3 $n0_занозил$g_палец!
* 'DAM' <x>d<y>
DAM 3d6
~

*ВИДЕТЬ НЕВИДИМОЕ
РЕЦЕПТ 10 мутная_брага
* 'OBJ' <vnum>
OBJ 810
* 'CON' <k1> <k2> <k3> <kp>
CON 1 0 0.0001 2
* 'REQ' <тип>:<сила> ...
REQ посуда:1 жидкости:1 съедобные_ягоды:1 ядовитые_ягоды:12
* 'ADD' <Nmax> <тип> <n1> <n2> <n3>
* 'MC1' 'MR1' - сообщения при успехе
MC1 Вы_приготовили_мутную_брагу.
MR1 $n0_сварил$g_мутную_брагу.
* 'MC2' 'MR2' - сообщения при неуспехе
MC2 Не_получилось...Попробуйте_еще_раз.
MR2 У_$n1_ничего_не_получилось.
* 'MC3' 'MR3' - сообщения при повреждениях
MC3 Сок_ядовитых_ягод_попал_Вам_на_руки!_Ох_как_жжет!
MR3 $n0_брызнул$g_себе_на_руки_ягодным_соком_и_вскрикнул$g_от_боли.
* 'DAM' <x>d<y>
DAM 4d8
~
*ОПРЕДЕЛЕНИЕ МАГИИ
РЕЦЕПТ 11 настой_вороньего_глаза
* 'OBJ' <vnum>
OBJ 811
* 'CON' <k1> <k2> <k3> <kp>
CON 1 0 0.0001 2
* 'REQ' <тип>:<сила> ...
REQ посуда:1 жидкости:1 ядовитые_травы:12
* 'ADD' <Nmax> <тип> <n1> <n2> <n3>
* 'MC1' 'MR1' - сообщения при успехе
MC1 У_Вас_получился_отличный_настой_вороньего_глаза.
MR1 $n0_получил$g_настой_вороньего_глаза.
* 'MC2' 'MR2' - сообщения при неуспехе
MC2 Все_усилия_пропали_даром.
MR2 $n0_напрасно_потратил$g_столько_усилий.
* 'MC3' 'MR3' - сообщения при повреждениях
MC3 Уголек_отскочил_от_полена_и_попал_прямо_в_Вас!
MR3 Уголек_отскочил_от_полена_и_попал_прямо_в_$n3!
* 'DAM' <x>d<y>
DAM 3d8
~
*УДАЛИТЬ ЯД
РЕЦЕПТ 12 отвар_корней_кровохлебки
* 'OBJ' <vnum>
OBJ 812
* 'CON' <k1> <k2> <k3> <kp>
CON 1 0 0.0001 2
* 'REQ' <тип>:<сила> ...
REQ посуда:1 жидкости:1 ядовитые_грибы:1 целебные_травы:5
* 'ADD' <Nmax> <тип> <n1> <n2> <n3>
* 'MC1' 'MR1' - сообщения при успехе
MC1 Вы_приготовили_отвар_корней_кровохлебки.
MR1 $n0_приготовил$g_отвар_корней_кровохлебки.
* 'MC2' 'MR2' - сообщения при неуспехе
MC2 Все_усилия_были_напрасны.
MR2 $n0_напрасно_прикладывал$g_столько_усилий.
* 'MC3' 'MR3' - сообщения при повреждениях
MC3 Капля_кипящего_зелья_попала_Вам_на_руки!
MR3 Капля_кипящего_зелья_попала_на_руки_$n1!
* 'DAM' <x>d<y>
DAM 2d8
~

*ИСЦЕЛЕНИЕ
РЕЦЕПТ 13 напиток_сурья
* 'OBJ' <vnum>
OBJ 813
* 'CON' <k1> <k2> <k3> <kp>
CON 1 0 0.0001 2
* 'REQ' <тип>:<сила> ...
REQ посуда:20 жидкости:15 съедобные_грибы:18 съедобные_ягоды:18 целебные_травы:26 волосы:30
* 'ADD' <Nmax> <тип> <n1> <n2> <n3>
ADD 2 ядовитые_травы 1 0 0
ADD 2 ядовитые_грибы 0 1 0
ADD 2 ядовитые_травы 0 0 1
* 'MC1' 'MR1' - сообщения при успехе
MC1 Вы_приготовили_напиток_сурья.
MR1 $n0_приготовил$g_напиток_сурья.
* 'MC2' 'MR2' - сообщения при неуспехе
MC2 Вам_не_удалось_приготовить_напиток_сурья.
MR2 $n2_не_удалось_приготовить_напиток_сурья.
* 'MC3' 'MR3' - сообщения при повреждениях
MC3 Неожиданно_из_емкости_с_отваром_повалил_едкий_черный_дым!_Вы_не_можете_дышать!
MR3 Неожиданно_из_емкости_с_отваром_повалил_едкий_черный_дым!_С_$n4_случился_приступ_удушья!
* 'DAM' <x>d<y>
DAM 5d10
~
*НЕВИДИМОСТЬ
РЕЦЕПТ 14 ветхозаветная_сивуха
* 'OBJ' <vnum>
OBJ 814
* 'CON' <k1> <k2> <k3> <kp>
CON 1 0 0.0001 2
* 'REQ' <тип>:<сила> ...
REQ посуда:2 жидкости:2 глаза:14 ядовитые_травы:16
* 'ADD' <Nmax> <тип> <n1> <n2> <n3>
ADD 1 минералы 1 0 0
ADD 1 металлы 0 1 0
* 'MC1' 'MR1' - сообщения при успехе
MC1 Вы_приготовили_ветхозаветную_сивуху.
MR1 $n0_приготовил$g_ветхозаветную_сивуху.
* 'MC2' 'MR2' - сообщения при неуспехе
MC2 Вам_не_удалось_приготовить_ветхозаветную_сивуху.
MR2 $n2_не_удалось_приготовить_ветхозаветную_сивуху.
* 'MC3' 'MR3' - сообщения при повреждениях
MC3 Сделав_неловкое_движение,_Вы_оступились_и_подвернули_ногу!
MR3 Сделав_неловкое_движение,_$n0_подвернул$g_ногу!
* 'DAM' <x>d<y>
DAM 3d10
~

*ЗАЩИТА ОТ ТЬМЫ
РЕЦЕПТ 15 отвар_бесстрашия
* 'OBJ' <vnum>
OBJ 815
* 'CON' <k1> <k2> <k3> <kp>
CON 1 0 0.0001 2
* 'REQ' <тип>:<сила> ...
REQ посуда:1 жидкости:15 сердце:5
* 'ADD' <Nmax> <тип> <n1> <n2> <n3>
* 'MC1' 'MR1' - сообщения при успехе
MC1 Вы_успешно_завершили_приготовление_отвара_бесстрашия.
MR1 $n0_успешно_завершил$g_приготовление_отвара_бесстрашия.
* 'MC2' 'MR2' - сообщения при неуспехе
MC2 Нет,_в_этот_раз_ничего_не_получилось.
MR2 Нет,_в_этот_раз_у_$n1_ничего_не_получилось.
* 'MC3' 'MR3' - сообщения при повреждениях
MC3 Вы_ошпарили_руку_этим_идиотским_варевом!
MR3 Каким-то_образом_$n0_ошпарил$g_руку_своим_варевом.
* 'DAM' <x>d<y>
DAM 3d7
~

*СНЯТЬ ПРОКЛЯТИЕ
РЕЦЕПТ 16 прозрачный_настой
* 'OBJ' <vnum>
OBJ 816
* 'CON' <k1> <k2> <k3> <kp>
CON 1 0 0.0001 2
* 'REQ' <тип>:<сила> ...
REQ посуда:1 жидкости:1 зубы:10
* 'ADD' <Nmax> <тип> <n1> <n2> <n3>
* 'MC1' 'MR1' - сообщения при успехе
MC1 У_Вас_получился_классический_прозрачный_настой.
MR1 У_$n1_получился_прозрачный_настой.
* 'MC2' 'MR2' - сообщения при неуспехе
MC2 Обидно,_ничего_не_получилось.
MR2 У_$n1_ничего_не_получилось.
* 'MC3' 'MR3' - сообщения при повреждениях
MC3 Внезапно_зубы_непостижимым_образом_сомкнулись_и_впились_Вам_в_руку!.
MR3 Внезапно_зубы_непостижимым_образом_сомкнулись_и_впились_в_руку_$n1!.
* 'DAM' <x>d<y>
DAM 3d8
~

*ОСВЯЩЕНИЕ
РЕЦЕПТ 17 сияющий_отвар
* 'OBJ' <vnum>
OBJ 817
* 'CON' <k1> <k2> <k3> <kp>
CON 1 0 0.0001 2
* 'REQ' <тип>:<сила> ...
REQ посуда:2 жидкости:2 минералы:2 овощи:15 съедобные_грибы:18
* 'ADD' <Nmax> <тип> <n1> <n2> <n3>
ADD 1 печень 1 0 1
ADD 1 съедобные_ягоды 0 1 1
* 'MC1' 'MR1' - сообщения при успехе
MC1 Яркое_сияние,_вспыхнувшее_над_отваром,_говорит_о_его_превосходном_качестве!
MR1 Яркое_сияние,_вспыхнувшее_над_отваром,_говорит_о_его_превосходном_качестве!
* 'MC2' 'MR2' - сообщения при неуспехе
MC2 Сияние,_появившееся_было_над_сосудом,_вдруг_потускнело_и_погасло...
MR2 Сияние,_появившееся_было_над_сосудом,_вдруг_потускнело_и_погасло...
* 'MC3' 'MR3' - сообщения при повреждениях
MC3 Ваши_глаза,_ослепленные_вспышкой,_ужасно_болят_и_слезятся....
MR3 Глаза_$n1,_ослепленные_вспышкой,_должно_быть,_ужасно_болят_и_слезятся....
* 'DAM' <x>d<y>
DAM 5d10
~

*СИЛА
РЕЦЕПТ 18 настой_на_медвежьей_крови
* 'OBJ' <vnum>
OBJ 818
* 'CON' <k1> <k2> <k3> <kp>
CON 1 0 0.0001 2
* 'REQ' <тип>:<сила> ...
REQ посуда:1 жидкости:1 мелкие_твари:12 крупы:1
* 'ADD' <Nmax> <тип> <n1> <n2> <n3>
ADD 1 металлы 1 0 0
ADD 1 минералы 0 0 1
ADD 1 дерево 0 1 0
* 'MC1' 'MR1' - сообщения при успехе
MC1 Да,_на_сей_раз_настой_Вам_удался!
MR1 Да,_на_сей_раз_настой_$n2_удался!
* 'MC2' 'MR2' - сообщения при неуспехе
MC2 Получившуюся_жидкость_явно_нельзя_пить...
MR2 Получившуюся_жидкость_явно_нельзя_пить...
* 'MC3' 'MR3' - сообщения при повреждениях
MC3 Зря_Вы_все-таки_решили_попробовать!_Боже,_какой_ужасный_вкус!_Как_жжет_все_внутри!!!
MR3 Зря_$n0_все-таки_решил$g_попробовать!_Кажется,_на_пользу_это_не_пошло...
* 'DAM' <x>d<y>
DAM 5d10
~

*СЛОВО ВОЗВРАТА
РЕЦЕПТ 19 вино_из_одуванчиков
* 'OBJ' <vnum>
OBJ 819
* 'CON' <k1> <k2> <k3> <kp>
CON 1 0 0.0001 2
* 'REQ' <тип>:<сила> ...
REQ посуда:4 жидкости:12 дерево:5 целебные_травы:19
* 'ADD' <Nmax> <тип> <n1> <n2> <n3>
* 'MC1' 'MR1' - сообщения при успехе
MC1 Вы_сварили_изумительное_вино!
MR1 $n0_сварил$g_изумительное_вино!
* 'MC2' 'MR2' - сообщения при неуспехе
MC2 Фу,_какая_гадость_получилась!
MR2 Фу,_какая_гадость_получилась!
* 'MC3' 'MR3' - сообщения при повреждениях
MC3 Да_еще_и_огромная_заноза_впилась_Вам_в_палец!
MR3 Огромная_заноза_впилась_$n2_в_палец!
* 'DAM' <x>d<y>
DAM 4d10
~

*ОПРЕДЕЛЕНИЕ ЖИЗНИ
РЕЦЕПТ 20 отвар_из_тараканьих_усов
* 'OBJ' <vnum>
OBJ 820
* 'CON' <k1> <k2> <k3> <kp>
CON 1 0 0.0001 2
* 'REQ' <тип>:<сила> ...
REQ посуда:12 жидкости:12 мелкие_твари:23 съедобные_грибы:16 шерсть:24
* 'ADD' <Nmax> <тип> <n1> <n2> <n3>
ADD 1 сердце 1 0 0
ADD 1 шерсть 0 1 0
ADD 1 когти  0 0 1
* 'MC1' 'MR1' - сообщения при успехе
MC1 Вы_сварили_отвар_из_усов_тараканов.
MR1 $n0_сварил$g_отвар_из_усов_тараканов.
* 'MC2' 'MR2' - сообщения при неуспехе
MC2 Увы,_ничего_не_вышло...
MR2 Увы,_у_$n1_ничего_не_вышло...
* 'MC3' 'MR3' - сообщения при повреждениях
MC3 Огромный_черный_таракан_решил_отомстить_за_сородичей_и_укусил_Вас_за_ногу!
MR3 Огромный_черный_таракан_решил_отомстить_за_сородичей_и_укусил_$n3_за_ногу!
* 'DAM' <x>d<y>
DAM 4d6
~

*ВИДЕНИЕ НОЧЬЮ
РЕЦЕПТ 21 настой_совиного_зрения
* 'OBJ' <vnum>
OBJ 821
* 'CON' <k1> <k2> <k3> <kp>
CON 1 0 0.0001 2
* 'REQ' <тип>:<сила> ...
REQ посуда:1 жидкости:1 волосы:2 овощи:8
* 'ADD' <Nmax> <тип> <n1> <n2> <n3>
* 'MC1' 'MR1' - сообщения при успехе
MC1 Вы_сварили_настой_совиного_зрения.
MR1 $n0_сварил$g_настой_совиного_зрения.
* 'MC2' 'MR2' - сообщения при неуспехе
MC2 Попытка_оказалась_неудачной...
MR2 Попытка_оказалась_неудачной...
* 'MC3' 'MR3' - сообщения при повреждениях
MC3 Внезапно_варево_сильно_забурлило_и_выплеснулось_на_Вас!
MR3 Внезапно_варево_сильно_забурлило_и_выплеснулось_на_$n3!
* 'DAM' <x>d<y>
DAM 5d7
~
*ВОДОХОЖДЕНИЕ
РЕЦЕПТ 22 настой_на_водомерках
* 'OBJ' <vnum>
OBJ 822
* 'CON' <k1> <k2> <k3> <kp>
CON 1 0 0.0001 2
* 'REQ' <тип>:<сила> ...
REQ посуда:1 жидкости:1 чешуя:10
* 'ADD' <Nmax> <тип> <n1> <n2> <n3>
* 'MC1' 'MR1' - сообщения при успехе
MC1 Вы_сварили_настой_на_водомерках.
MR1 $n0_сварил$g_настой_на_водомерках.
* 'MC2' 'MR2' - сообщения при неуспехе
MC2 Попытка_оказалась_неудачной...
MR2 Попытка_оказалась_неудачной...
* 'MC3' 'MR3' - сообщения при повреждениях
MC3 Внезапно_варево_сильно_забурлило_и_выплеснулось_на_Вас!
MR3 Внезапно_варево_сильно_забурлило_и_выплеснулось_на_$n3!
* 'DAM' <x>d<y>
DAM 3d5
~
*СЕРЬЕЗНОЕ ИСЦЕЛЕНИЕ
РЕЦЕПТ 23 луковый_настой
* 'OBJ' <vnum>
OBJ 823
* 'CON' <k1> <k2> <k3> <kp>
CON 1 0 0.0001 2
* 'REQ' <тип>:<сила> ...
REQ посуда:1 жидкости:1 целебные_травы:11 овощи:9
* 'ADD' <Nmax> <тип> <n1> <n2> <n3>
* 'MC1' 'MR1' - сообщения при успехе
MC1 Вы_сварили_луковый_настой.
MR1 $n0_сварил$g_луковый_настой.
* 'MC2' 'MR2' - сообщения при неуспехе
MC2 Вам_не_удалось_сварить_луковый_настой...
MR2 $n2_не_удалось_сварить_луковый_настой...
* 'MC3' 'MR3' - сообщения при повреждениях
MC3 Запах_получившегося_варева_оказался_воистину_ужасен!_Вы_сильно_закашлялись!
MR3 Запах_получившегося_варева_оказался_воистину_ужасен!_$n0_сильно_закашлял$u!
* 'DAM' <x>d<y>
DAM 3d5
~

*ТЬМА
РЕЦЕПТ 24 черная_настойка
* 'OBJ' <vnum>
OBJ 824
* 'CON' <k1> <k2> <k3> <kp>
CON 1 0 0.0001 2
* 'REQ' <тип>:<сила> ...
REQ посуда:1 жидкости:1 глаза:20 ядовитые_грибы:18
* 'ADD' <Nmax> <тип> <n1> <n2> <n3>
ADD 1 ядовитые_травы 1 0 1
ADD 1 ядовитые_ягоды 0 1 1
* 'MC1' 'MR1' - сообщения при успехе
MC1 Вы_сварили_черную_настойку.
MR1 $n0_сварил$g_черную_настойку.
* 'MC2' 'MR2' - сообщения при неуспехе
MC2 Вам_не_удалось_сварить_черную_настойку...
MR2 $n2_не_удалось_сварить_черную_настойку...
* 'MC3' 'MR3' - сообщения при повреждениях
MC3 Так_много_яда_вокруг!_Вы_почувствовали_себя_значительно_хуже!
MR3 Так_много_яда_вокруг!_$n0_почувствовал$g_себя_значительно_хуже!
* 'DAM' <x>d<y>
DAM 6d12
~

*КАМЕННАЯ КОЖА
РЕЦЕПТ 25 отвар_дубовой_коры
* 'OBJ' <vnum>
OBJ 825
* 'CON' <k1> <k2> <k3> <kp>
CON 1 0 0.0001 2
* 'REQ' <тип>:<сила> ...
REQ посуда:1 жидкости:1 дерево:15 минералы:15
* 'ADD' <Nmax> <тип> <n1> <n2> <n3>
* 'MC1' 'MR1' - сообщения при успехе
MC1 Вы_приготовили_отвар_дубовой_коры.
MR1 $n0_приготовил$g_отвар_дубовой_коры.
* 'MC2' 'MR2' - сообщения при неуспехе
MC2 Вам_не_удалось_приготовить_отвар_дубовой_коры...
MR2 $n2_не_удалось_приготовить_отвар_дубовой_коры...
* 'MC3' 'MR3' - сообщения при повреждениях
MC3 Из_бурлящего_отвара_вылетел_камень_и_попал_Вам_в_НОС!
MR3 Из_бурлящего_отвара_вылетел_камень_и_попал_$n2_в_НОС!
* 'DAM' <x>d<y>
DAM 4d7
~

*ЗАТУМАНИВАНИЕ
РЕЦЕПТ 26 настойка_на_зеленых_лягушатах
* 'OBJ' <vnum>
OBJ 826
* 'CON' <k1> <k2> <k3> <kp>
CON 1 0 0.0001 2
* 'REQ' <тип>:<сила> ...
REQ посуда:1 жидкости:1 печень:6
* 'ADD' <Nmax> <тип> <n1> <n2> <n3>
* 'MC1' 'MR1' - сообщения при успехе
MC1 Вы_приготовили_настойку_на_зеленых_лягушатах.
MR1 $n0_приготовил$g_настойку_на_зеленых_лягушатах.
* 'MC2' 'MR2' - сообщения при неуспехе
MC2 Вам_не_удалось_приготовить_настойку_на_зеленых_лягушатах...
MR2 $n2_не_удалось_приготовить_настойку_на_зеленых_лягушатах...
* 'MC3' 'MR3' - сообщения при повреждениях
MC3 Вы_решили_попробовать_вареного_лягушоночка_и_подавились_костью!
MR3 $n0_решил$g_попробовать_вареного_лягушоночка_и_подавил$u_костью!
* 'DAM' <x>d<y>
DAM 4d6
~

*СВЕТ
РЕЦЕПТ 27 ромашковая_настойка
* 'OBJ' <vnum>
OBJ 827
* 'CON' <k1> <k2> <k3> <kp>
CON 1 0 0.0001 2
* 'REQ' <тип>:<сила> ...
REQ посуда:1 жидкости:1 минералы:2 целебные_травы:12
* 'ADD' <Nmax> <тип> <n1> <n2> <n3>
ADD 1 печень 1 0 0
ADD 1 шерсть 0 0 1
* 'MC1' 'MR1' - сообщения при успехе
MC1 Вы_приготовили_ромашковую_настойку.
MR1 $n0_приготовил$g_ромашковую_настойку.
* 'MC2' 'MR2' - сообщения при неуспехе
MC2 Вам_не_удалось_приготовить_ромашковую_настойку.
MR2 $n2_не_удалось_приготовить_ромашковую_настойку.
* 'MC3' 'MR3' - сообщения при повреждениях
MC3 Казалось_бы,_как_можно_пораниться_настаивая_ромашку?_Но_Вам_и_ЭТО_удалось!!!
MR3 Казалось_бы,_как_можно_пораниться_настаивая_ромашку?_Но_$n2_и_ЭТО_удалось!!!
* 'DAM' <x>d<y>
DAM 5d9
~

*УВЕЛИЧЕНИЕ
РЕЦЕПТ 28 разбухающий_настой
* 'OBJ' <vnum>
OBJ 828
* 'CON' <k1> <k2> <k3> <kp>
CON 1 0 0.0001 2
* 'REQ' <тип>:<сила> ...
REQ посуда:1 жидкости:1 крупы:18 металлы:2
* 'ADD' <Nmax> <тип> <n1> <n2> <n3>
* 'MC1' 'MR1' - сообщения при успехе
MC1 Вы_приготовили_разбухающий_настой.
MR1 $n0_приготовил$g_разбухающий_настой.
* 'MC2' 'MR2' - сообщения при неуспехе
MC2 Вам_не_удалось_приготовить_разбухающий_настой.
MR2 $n2_не_удалось_приготовить_разбухающий_настой.
* 'MC3' 'MR3' - сообщения при повреждениях
MC3 Добавляя_металлическую_стружку,_Вы_поранили_палец.
MR3 Добавляя_металлическую_стружку,_$n0_поранил$g_палец.
* 'DAM' <x>d<y>
DAM 3d9
~

*МИГАНИЕ
РЕЦЕПТ 29 мерцающий_отвар
* 'OBJ' <vnum>
OBJ 829
* 'CON' <k1> <k2> <k3> <kp>
CON 1 0 0.0001 2
* 'REQ' <тип>:<сила> ...
REQ посуда:1 жидкости:20 глаза:22 съедобные_грибы:2
* 'ADD' <Nmax> <тип> <n1> <n2> <n3>
ADD 1 съедобные_ягоды 1 1 1
* 'MC1' 'MR1' - сообщения при успехе
MC1 Как_красиво!_Это_то,_что_нужно!
MR1 Как_красиво!_Кажется,_$n0_сварил$g_то_что_нужно!
* 'MC2' 'MR2' - сообщения при неуспехе
MC2 Появившееся_было_мерцание_вдруг_угасло..._Снова_неудача...
MR2 Появившееся_было_мерцание_вдруг_угасло..._Снова_неудача...
* 'MC3' 'MR3' - сообщения при повреждениях
MC3 Ваши_глаза_заслезились,_от_расстройства_или_от_ядовитых_испарений_-_не_ясно...
MR3 Глаза_$n1_заслезились,_от_расстройства_или_от_ядовитых_испарений_-_не_ясно...
* 'DAM' <x>d<y>
DAM 4d10
~

*ВОССТАНОВЛЕНИЕ
РЕЦЕПТ 30 отвар_девясила
* 'OBJ' <vnum>
OBJ 830
* 'CON' <k1> <k2> <k3> <kp>
CON 1 0 0.0001 2
* 'REQ' <тип>:<сила> ...
REQ посуда:1 жидкости:1 овощи:2 целебные_травы:2
* 'ADD' <Nmax> <тип> <n1> <n2> <n3>
* 'MC1' 'MR1' - сообщения при успехе
MC1 У_Вас_получился_прекрасный_отвар_девясила.
MR1 У_$n1_получился_прекрасный_отвар_девясила.
* 'MC2' 'MR2' - сообщения при неуспехе
MC2 Кажется,_Вы_недоварили_овощи...
MR2 Кажется,_$n0_недоварил$g_овощи...
* 'MC3' 'MR3' - сообщения при повреждениях
MC3 Пытаясь_заглянуть_под_крышку,_Вы_ошпарили_руку_паром!!!
MR3 Пытаясь_заглянуть_под_крышку,_$n0_ошпарил$g_руку_паром!!!
* 'DAM' <x>d<y>
DAM 4d10
~
*НАСЫЩЕНИЕ
РЕЦЕПТ 31 мясной_отвар
* 'OBJ' <vnum>
OBJ 831
* 'CON' <k1> <k2> <k3> <kp>
CON 1 0 0.0001 2
* 'REQ' <тип>:<сила> ...
REQ посуда:1 жидкости:1 крупы:2 печень:2
* 'ADD' <Nmax> <тип> <n1> <n2> <n3>
ADD 1 овощи 1 1 1
* 'MC1' 'MR1' - сообщения при успехе
MC1 Вы_приготовили_густой_мясной_отвар.
MR1 $n0_приготовил$g_густой_мясной_отвар.
* 'MC2' 'MR2' - сообщения при неуспехе
MC2 Кажется,_Вы_недоварили_крупу...
MR2 Кажется,_$n0_недоварил$g_крупу...
* 'MC3' 'MR3' - сообщения при повреждениях
MC3 Пытаясь_заглянуть_под_крышку,_Вы_ошпарили_руку_паром!!!
MR3 Пытаясь_заглянуть_под_крышку,_$n0_ошпарил$g_руку_паром!!!
* 'DAM' <x>d<y>
DAM 3d10
~

*ДЫШАТЬ ВОДОЙ
РЕЦЕПТ 32 настой_на_рыбьих_головах
* 'OBJ' <vnum>
OBJ 832
* 'CON' <k1> <k2> <k3> <kp>
CON 1 0 0.0001 2
* 'REQ' <тип>:<сила> ...
REQ посуда:1 жидкости:1 чешуя:6 минералы:2
* 'ADD' <Nmax> <тип> <n1> <n2> <n3>
* 'MC1' 'MR1' - сообщения при успехе
MC1 Вы_приготовили_настой_на_рыбьих_головах.
MR1 $n0_приготовил$g_настой_на_рыбьих_головах.
* 'MC2' 'MR2' - сообщения при неуспехе
MC2 Настой_покрылся_толстым_слоем_плесени,_фу_гадость_какая...
MR2 Настой_покрылся_толстым_слоем_плесени,_фу_гадость_какая...
* 'MC3' 'MR3' - сообщения при повреждениях
MC3 От_мерзкого_вида_результата_всех_усилий_Вас_стошнило...
MR3 От_мерзкого_вида_результата_всех_усилий_$n3_стошнило...
* 'DAM' <x>d<y>
DAM 3d7
~

*УСКОРЕНИЕ
РЕЦЕПТ 33 зелье_змеиного_проворства
* 'OBJ' <vnum>
OBJ 833
* 'CON' <k1> <k2> <k3> <kp>
CON 1 0 0.0001 2
* 'REQ' <тип>:<сила> ...
REQ посуда:1 жидкости:12 шерсть:14 металлы:2
* 'ADD' <Nmax> <тип> <n1> <n2> <n3>
* 'MC1' 'MR1' - сообщения при успехе
MC1 Вы_сварили_зелье_змеиного_проворства.
MR1 $n0_сварил$g_зелье_змеиного_проворства.
* 'MC2' 'MR2' - сообщения при неуспехе
MC2 Зелье_загустело_и_потемнело._Что-то_пошло_не_так...
MR2 Зелье_загустело_и_потемнело._Что-то_пошло_не_так...
* 'MC3' 'MR3' - сообщения при повреждениях
MC3 Да_еще_и_вонь_от_него_такая_пошла,_что_хоть_бегством_спасайся!
MR3 Да_еще_и_вонь_от_него_такая_пошла,_что_хоть_бегством_спасайся!
* 'DAM' <x>d<y>
DAM 4d7
~

*ЗАЩИТА БОГОВ
РЕЦЕПТ 34 зелье_небесного_благословления
* 'OBJ' <vnum>
OBJ 834
* 'CON' <k1> <k2> <k3> <kp>
CON 1 0 0.0001 2
* 'REQ' <тип>:<сила> ...
REQ посуда:27 жидкости:29 мелкие_твари:23 чешуя:33 когти:18 крылья:33 целебные_травы:29 металлы:29
* 'ADD' <Nmax> <тип> <n1> <n2> <n3>
ADD 1 дерево 0 0 1
ADD 1 овощи 0 1 0
ADD 1 крупы 1 0 0
* 'MC1' 'MR1' - сообщения при успехе
MC1 Невероятно,_но_Вы_сотворили_это_чудо!
MR1 Невероятно,_но_$n0_сотворил$g_это_чудо!
* 'MC2' 'MR2' - сообщения при неуспехе
MC2 Да,_может_быть_Вам_и_не_стоило_браться_за_это...
MR2 Да,_может_быть_$n2_и_не_стоило_браться_за_это...
* 'MC3' 'MR3' - сообщения при повреждениях
MC3 Внезапно_то,_что_у_Вас_получилось,_зашевелилось_и_НАБРОСИЛОСЬ_на_Вас!_Вот_и_верь_после_этого_древним_рецептам...
MR3 Внезапно_то,_что_получилось_у_$n1,_зашевелилось_и_НАБРОСИЛОСЬ_на_бедолагу!_Вот_и_верь_после_этого_древним_рецептам...
* 'DAM' <x>d<y>
DAM 10d12
~

*ВНИМАТЕЛЬНОСТЬ
РЕЦЕПТ 35 зелье_волчьего_слуха
* 'OBJ' <vnum>
OBJ 835
* 'CON' <k1> <k2> <k3> <kp>
CON 1 0 0.0001 2
* 'REQ' <тип>:<сила> ...
REQ посуда:1 жидкости:1 шерсть:12
* 'ADD' <Nmax> <тип> <n1> <n2> <n3>
* 'MC1' 'MR1' - сообщения при успехе
MC1 Вы_сварили_зелье_волчьего_слуха.
MR1 $n0_сварил$g_зелье_волчьего_слуха.
* 'MC2' 'MR2' - сообщения при неуспехе
MC2 Вам_не_удалось_сварить_зелье_волчьего_слуха.
MR2 $n2_не_удалось_сварить_зелье_волчьего_слуха.
* 'MC3' 'MR3' - сообщения при повреждениях
MC3 Зелье_сильно_забурлило_и_капли_кипятка_попали_Вам_на_ногу!
MR3 Зелье_сильно_забурлило_и_капли_кипятка_попали_$n2_на_ногу!
* 'DAM' <x>d<y>
DAM 4d8
~

*ВОЗДУШНЫЙ ЩИТ
РЕЦЕПТ 36 зелье_холодного_ветра
* 'OBJ' <vnum>
OBJ 836
* 'CON' <k1> <k2> <k3> <kp>
CON 1 0 0.0001 2
* 'REQ' <тип>:<сила> ...
REQ посуда:24 жидкости:6 металлы:5 минералы:5 волосы:24 печень:35
* 'ADD' <Nmax> <тип> <n1> <n2> <n3>
ADD 1 сердце 0 0 1
ADD 1 зубы 1 0 0
ADD 1 когти 0 1 0
* 'MC1' 'MR1' - сообщения при успехе
MC1 Вам_удалось_приготовить_зелье_холодного_ветра.
MR1 $n2_удалось_приготовить_зелье_холодного_ветра.
* 'MC2' 'MR2' - сообщения при неуспехе
MC2 Все,_что_Вы_положили_в_котел,_исчезло..._Осталось_только_облачко_пара...
MR2 Все,_что_$n0_положил$g_в_котел,_исчезло..._Осталось_только_облачко_пара...
* 'MC3' 'MR3' - сообщения при повреждениях
MC3 Проведя_рукой_над_этим_странным_облачком,_Вы_обнаружили_что_и_рука_Ваша_тоже_исчезает..._Очень_неприятное_ощущение!
MR3 Проведя_рукой_над_этим_странным_облачком,_$n0_чуть_не_лишил$u_руки...
* 'DAM' <x>d<y>
DAM 9d12
~

*РАЗВЕЯТЬ МАГИЮ
РЕЦЕПТ 37 зелье_расторжения
* 'OBJ' <vnum>
OBJ 837
* 'CON' <k1> <k2> <k3> <kp>
CON 1 0 0.0001 2
* 'REQ' <тип>:<сила> ...
REQ посуда:1 жидкости:1 съедобные_ягоды:2 ядовитые_грибы:17
* 'ADD' <Nmax> <тип> <n1> <n2> <n3>
* 'MC1' 'MR1' - сообщения при успехе
MC1 Вы_сварили_зелье_расторжения.
MR1 $n0_сварил$g_зелье_расторжения.
* 'MC2' 'MR2' - сообщения при неуспехе
MC2 Вам_не_удалось_сварить_зелье_расторжения.
MR2 $n2_не_удалось_сварить_зелье_расторжения.
* 'MC3' 'MR3' - сообщения при повреждениях
MC3 Непостижимым_образом_варево_разорвало_сосуд,_его_содержавший,_на_мелкие_кусочки!_Один_из_них_впился_Вам_в_щеку!
MR3 Непостижимым_образом_варево_разорвало_сосуд,_его_содержавший,_на_мелкие_кусочки!_Один_из_них_впился_$n2_в_щеку!
* 'DAM' <x>d<y>
DAM 6d10
~

*БЫСТРОЕ ВОССТАНОВЛЕНИЕ
РЕЦЕПТ 38 зелье_дальней_дороги
* 'OBJ' <vnum>
OBJ 838
* 'CON' <k1> <k2> <k3> <kp>
CON 1 0 0.0001 2
* 'REQ' <тип>:<сила> ...
REQ посуда:1 жидкости:1 съедобные_грибы:1 ядовитые_ягоды:6
* 'ADD' <Nmax> <тип> <n1> <n2> <n3>
* 'MC1' 'MR1' - сообщения при успехе
MC1 Вы_сварили_зелье_дальней_дороги.
MR1 $n0_сварил$g_зелье_дальней_дороги.
* 'MC2' 'MR2' - сообщения при неуспехе
MC2 Вам_не_удалось_сварить_зелье_дальней_дороги.
MR2 $n2_не_удалось_сварить_зелье_дальней_дороги.
* 'MC3' 'MR3' - сообщения при повреждениях
MC3 Вы_случайно_задели_рукой_котел_и_сильно_обожглись!
MR3 $n0_случайно_задел$g_рукой_котел_и_сильно_обожгл$u!
* 'DAM' <x>d<y>
DAM 3d8
~

*ОГНЕННЫЙ ЩИТ
РЕЦЕПТ 39 крапивный_настой
* 'OBJ' <vnum>
OBJ 839
* 'CON' <k1> <k2> <k3> <kp>
CON 1 0 0.0001 2
* 'REQ' <тип>:<сила> ...
REQ посуда:23 жидкости:4 металлы:5 минералы:5 целебные_травы:10 крылья:24
* 'ADD' <Nmax> <тип> <n1> <n2> <n3>
ADD 1 печень 0 0 1
ADD 1 шерсть 1 0 0
ADD 1 чешуя 0 1 0
* 'MC1' 'MR1' - сообщения при успехе
MC1 Вам_удалось_приготовить_крапивный_настой.
MR1 $n2_удалось_приготовить_крапивный_настой.
* 'MC2' 'MR2' - сообщения при неуспехе
MC2 Все,_что_Вы_положили_в_котел,_вдруг_вспыхнуло_и_пропало..._Осталась_лишь_горстка_пепла...
MR2 Все,_что_$n0_положил$g_в_котел,_вдруг_вспыхнуло_и_пропало..._Осталась_лишь_горстка_пепла...
* 'MC3' 'MR3' - сообщения при повреждениях
MC3 Вспышкой_Вам_опалило_волосы_и_брови!
MR3 Вспышкой_$n2_опалило_волосы_и_брови!
* 'DAM' <x>d<y>
DAM 9d12
~

*ЛЕДЯНОЙ ЩИТ
РЕЦЕПТ 40 ледяной_настой
* 'OBJ' <vnum>
OBJ 839
* 'CON' <k1> <k2> <k3> <kp>
CON 1 0 0.0001 2
* 'REQ' <тип>:<сила> ...
REQ посуда:24 жидкости:4 металлы:5 минералы:5 глаза:10 чешуя:24 печень:35
* 'ADD' <Nmax> <тип> <n1> <n2> <n3>
ADD 1 крылья 0 0 1
ADD 1 печень 1 0 0
ADD 1 сердце 0 1 0
* 'MC1' 'MR1' - сообщения при успехе
MC1 Вам_удалось_приготовить_ледяной_настой.
MR1 $n2_удалось_приготовить_ледяной_настой.
* 'MC2' 'MR2' - сообщения при неуспехе
MC2 Все,_что_Вы_положили_в_котел,_вдруг_превратилось_в_кусок_льда...
MR2 Все,_что_$n0_положил$g_в_котел,_вдруг_превратилось_в_кусок_льда...
* 'MC3' 'MR3' - сообщения при повреждениях
MC3 Прикоснувшись_к_ледяным_стенкам_котла,_Вы_сильно_обморозили_пальцы!
MR3 Прикоснувшись_к_ледяным_стенкам_котла,_$n0_сильно_обморозил$g_пальцы!
* 'DAM' <x>d<y>
DAM 9d12
~

*УМЕНЬШЕНИЕ
РЕЦЕПТ 41 настой_на_мелких_букашках
* 'OBJ' <vnum>
OBJ 841
* 'CON' <k1> <k2> <k3> <kp>
CON 1 0 0.0001 2
* 'REQ' <тип>:<сила> ...
REQ посуда:1 жидкости:1 мелкие_твари:16 ядовитые_травы:1
* 'ADD' <Nmax> <тип> <n1> <n2> <n3>
* 'MC1' 'MR1' - сообщения при успехе
MC1 Вы_приготовили_настой_на_мелких_букашках.
MR1 $n0_приготовил$g_настой_на_мелких_букашках.
* 'MC2' 'MR2' - сообщения при неуспехе
MC2 Вам_не_удалось_приготовить_настой_на_мелких_букашках.
MR2 $n2_не_удалось_приготовить_настой_на_мелких_букашках.
* 'MC3' 'MR3' - сообщения при повреждениях
MC3 Вы_случайно_задели_рукой_полуобгоревшее_полено_и_сильно_обожглись!
MR3 $n0_случайно_задел$g_рукой_полуобгоревшее_полено_и_сильно_обожг$u!
* 'DAM' <x>d<y>
DAM 3d8
~

*МАГИЧЕСКОЕ ЗЕРКАЛО
РЕЦЕПТ 42 серебристый_отвар
* 'OBJ' <vnum>
OBJ 842
* 'CON' <k1> <k2> <k3> <kp>
CON 1 0 0.0001 2
* 'REQ' <тип>:<сила> ...
REQ посуда:5 жидкости:25 ядовитые_травы:20 сердце:32 мелкие_твари:15 чешуя:25
* 'ADD' <Nmax> <тип> <n1> <n2> <n3>
ADD 1 металлы 0 0 1
ADD 1 минералы 1 0 0
* 'MC1' 'MR1' - сообщения при успехе
MC1 Результат_Ваших_трудов_превзошел_все_ожидания!
MR1 Результат_трудов_$n1_превзошел_все_ожидания!
* 'MC2' 'MR2' - сообщения при неуспехе
MC2 К_сожалению,_Вам_не_удастся_похвастаться_результатом...
MR2 К_сожалению,_$n2_не_удастся_похвастаться_результатом...
* 'MC3' 'MR3' - сообщения при повреждениях
MC3 Зря_Вы_выплеснули_то,_что_осталось,_в_огонь!_Яркая_вспышка_ослепила_Вас!
MR3 Зря_$n0_выплеснул$g_то,_что_осталось,_в_огонь!_Яркая_вспышка_ослепила_$s!
* 'DAM' <x>d<y>
DAM 10d12
~

*КАМЕННЫЕ РУКИ
РЕЦЕПТ 43 отвар_кремня
* 'OBJ' <vnum>
OBJ 843
* 'CON' <k1> <k2> <k3> <kp>
CON 1 0 0.0001 2
* 'REQ' <тип>:<сила> ...
REQ посуда:2 жидкости:2 минералы:18 дерево:5
* 'ADD' <Nmax> <тип> <n1> <n2> <n3>
* 'MC1' 'MR1' - сообщения при успехе
MC1 Вы_приготовили_отвар_кремня.
MR1 $n0_приготовил$g_отвар_кремня.
* 'MC2' 'MR2' - сообщения при неуспехе
MC2 Вам_не_удалось_приготовить_отвар_кремня.
MR2 $n2_не_удалось_приготовить_отвар_кремня.
* 'MC3' 'MR3' - сообщения при повреждениях
MC3 Вы_случайно_задели_ногой_полуобгоревшее_полено_и_сильно_обожглись!
MR3 $n0_случайно_задел$g_ногой_полуобгоревшее_полено_и_сильно_обожгл$u!
* 'DAM' <x>d<y>
DAM 3d8
~

*ПРИЗМАТИЧЕСКАЯ АУРА
РЕЦЕПТ 44 радужное_зелье
* 'OBJ' <vnum>
OBJ 844
* 'CON' <k1> <k2> <k3> <kp>
CON 1 0 0.0001 2
* 'REQ' <тип>:<сила> ...
REQ посуда:2 жидкости:12 шерсть:5 металлы:5
* 'ADD' <Nmax> <тип> <n1> <n2> <n3>
ADD 1 ядовитые_грибы 1 1 1
* 'MC1' 'MR1' - сообщения при успехе
MC1 Радужное_сияние_получившегося_зелья_говорит_о_его_хорошем_качестве.
MR1 Радужное_сияние_получившегося_зелья_говорит_о_его_хорошем_качестве.
* 'MC2' 'MR2' - сообщения при неуспехе
MC2 Появившееся_было_радужное_сияние_постепенно_потускнело_и_угасло...
MR2 Появившееся_было_радужное_сияние_постепенно_потускнело_и_угасло...
* 'MC3' 'MR3' - сообщения при повреждениях
MC3 Неосторожно_повернувшись,_Вы_потеряли_равновесие_и_упали!
MR3 Неосторожно_повернувшись,_$n0_потерял$g_равновесие_и_упал$g!
* 'DAM' <x>d<y>
DAM 8d10
~

*ВОЗДУШНАЯ АУРА
РЕЦЕПТ 45 прозрачное_зелье
* 'OBJ' <vnum>
OBJ 845
* 'CON' <k1> <k2> <k3> <kp>
CON 1 0 0.0001 2
* 'REQ' <тип>:<сила> ...
REQ посуда:2 жидкости:2 минералы:5 крылья:14
* 'ADD' <Nmax> <тип> <n1> <n2> <n3>
ADD 1 съедобные_ягоды 1 1 1
* 'MC1' 'MR1' - сообщения при успехе
MC1 Абсолютная_прозрачность_получившегося_зелья_говорит_о_его_хорошем_качестве.
MR1 Абсолютная_прозрачность_получившегося_зелья_говорит_о_его_хорошем_качестве.
* 'MC2' 'MR2' - сообщения при неуспехе
MC2 Зелье_помутнело_и_выпал_странный_осадок...
MR2 Зелье_помутнело_и_выпал_странный_осадок...
* 'MC3' 'MR3' - сообщения при повреждениях
MC3 Вы_бросились_спасать_ситуацию_и_неловко_перевернули_котел_на_себя!_Оох!
MR3 $n0_бросил$u_спасать_ситуацию_и_неловко_перевернул$g_котел_на_себя!_Оох!
* 'DAM' <x>d<y>
DAM 8d10
~

*ОГНЕННАЯ АУРА
РЕЦЕПТ 46 горящее_зелье
* 'OBJ' <vnum>
OBJ 846
* 'CON' <k1> <k2> <k3> <kp>
CON 1 0 0.0001 2
* 'REQ' <тип>:<сила> ...
REQ посуда:2 жидкости:2 минералы:5 зубы:14
* 'ADD' <Nmax> <тип> <n1> <n2> <n3>
ADD 1 съедобные_грибы 1 1 1
* 'MC1' 'MR1' - сообщения при успехе
MC1 Вспыхнувший_над_котлом_огонек_свидетельствует_о_хорошем_качестве_зелья.
MR1 Вспыхнувший_над_котлом_огонек_свидетельствует_о_хорошем_качестве_зелья.
* 'MC2' 'MR2' - сообщения при неуспехе
MC2 Огонек_чуть_затеплился_и_погас...
MR2 Огонек_чуть_затеплился_и_погас...
* 'MC3' 'MR3' - сообщения при повреждениях
MC3 Вы_бросились_спасать_ситуацию_и_неловко_перевернули_котел_на_себя!_Оох!
MR3 $n0_бросил$u_спасать_ситуацию_и_неловко_перевернул$g_котел_на_себя!_Оох!
* 'DAM' <x>d<y>
DAM 8d10
~

*ЛЕДЯНАЯ АУРА
РЕЦЕПТ 47 холодная_настойка
* 'OBJ' <vnum>
OBJ 847
* 'CON' <k1> <k2> <k3> <kp>
CON 1 0 0.0001 2
* 'REQ' <тип>:<сила> ...
REQ посуда:2 жидкости:2 минералы:5 когти:14
* 'ADD' <Nmax> <тип> <n1> <n2> <n3>
ADD 1 целебные_травы 1 1 1
* 'MC1' 'MR1' - сообщения при успехе
MC1 Появившаяся_на_стенках_котла_изморозь_свидетельствует_о_хорошем_качестве_настойки.
MR1 Появившаяся_на_стенках_котла_изморозь_свидетельствует_о_хорошем_качестве_настойки.
* 'MC2' 'MR2' - сообщения при неуспехе
MC2 Появившийся_иней_вдруг_начал_неумолимо_таять...
MR2 Появившийся_иней_вдруг_начал_неумолимо_таять...
* 'MC3' 'MR3' - сообщения при повреждениях
MC3 Вы_бросились_спасать_ситуацию_и_неловко_перевернули_котел_на_себя!_Оох!
MR3 $n0_бросил$u_спасать_ситуацию_и_неловко_перевернул$g_котел_на_себя!_Оох!
* 'DAM' <x>d<y>
DAM 8d10
~

*СНЯТЬ ГЛУХОТУ
РЕЦЕПТ 48 мышиный_настой
* 'OBJ' <vnum>
OBJ 848
* 'CON' <k1> <k2> <k3> <kp>
CON 1 0 0.0001 2
* 'REQ' <тип>:<сила> ...
REQ посуда:2 жидкости:2 съедобные_ягоды:12 съедобные_грибы:5
* 'ADD' <Nmax> <тип> <n1> <n2> <n3>
* 'MC1' 'MR1' - сообщения при успехе
MC1 Вы_приготовили_мышиный_настой.
MR1 $n0_приготовил$g_мышиный_настой.
* 'MC2' 'MR2' - сообщения при неуспехе
MC2 Вам_не_удалось_приготовить_мышиный_настой.
MR2 $n2_не_удалось_приготовить_мышиный_настой.
* 'MC3' 'MR3' - сообщения при повреждениях
MC3 Непонятно_откуда_появившаяся_мышь_укусила_Вас_за_палец_ноги!
MR3 Непонятно_откуда_появившаяся_мышь_укусила_$n3_за_палец_ноги!
* 'DAM' <x>d<y>
DAM 4d8
~

*СНЯТЬ МОЛЧАНИЕ
РЕЦЕПТ 49 отвар_болтливости
* 'OBJ' <vnum>
OBJ 849
* 'CON' <k1> <k2> <k3> <kp>
CON 1 0 0.0001 2
* 'REQ' <тип>:<сила> ...
REQ посуда:2 жидкости:2 овощи:18 съедобные_ягоды:2
* 'ADD' <Nmax> <тип> <n1> <n2> <n3>
* 'MC1' 'MR1' - сообщения при успехе
MC1 Вы_приготовили_отвар_болтливости.
MR1 $n0_приготовил$g_отвар_болтливости.
* 'MC2' 'MR2' - сообщения при неуспехе
MC2 Вам_не_удалось_приготовить_отвар_болтливости.
MR2 $n2_не_удалось_приготовить_отвар_болтливости.
* 'MC3' 'MR3' - сообщения при повреждениях
MC3 Впопыхах,_пытаясь_добавить_к_испорченному_уже_зелью_еще_чуть-чуть_овощей,_Вы_порезали_палец!
MR3 Впопыхах,_пытаясь_добавить_к_испорченному_уже_зелью_еще_чуть-чуть_овощей,_$n0_порезал$g_палец!
* 'DAM' <x>d<y>
DAM 4d8
~

*МАНТИЯ ТЕНЕЙ
РЕЦЕПТ 50 дымчатое_зелье
* 'OBJ' <vnum>
OBJ 850
* 'CON' <k1> <k2> <k3> <kp>
CON 1 0 0.0001 2
* 'REQ' <тип>:<сила> ...
REQ посуда:1 жидкости:1 глаза:20 ядовитые_травы:22 чешуя:25
* 'ADD' <Nmax> <тип> <n1> <n2> <n3>
ADD 1 мелкие_твари 1 0 1
ADD 1 ядовитые_ягоды 0 1 1
* 'MC1' 'MR1' - сообщения при успехе
MC1 Вы_приготовили_дымчатое_зелье.
MR1 $n0_приготовил$g_дымчатое_зелье.
* 'MC2' 'MR2' - сообщения при неуспехе
MC2 Вам_не_удалось_сварить_дымчатое_зелье...
MR2 $n2_не_удалось_сварить_дымчатое_зелье...
* 'MC3' 'MR3' - сообщения при повреждениях
MC3 Ядовитые_испарения_разъедают_Вам_горло!
MR3 $n0_захрипел$g,_хватаясь_за_горло!
* 'DAM' <x>d<y>
DAM 6d12
~

*ОЦЕПЕНЕНИЕ
РЕЦЕПТ 51 зелье_неподвижности
* 'OBJ' <vnum>
OBJ 851
* 'CON' <k1> <k2> <k3> <kp>
CON 1 0 0.0001 2
* 'REQ' <тип>:<сила> ...
REQ посуда:10 жидкости:2 дерево:5 металлы:5 ядовитые_травы:20
* 'ADD' <Nmax> <тип> <n1> <n2> <n3>
ADD 1 минералы 1 0 0
ADD 1 ядовитые_грибы 0 1 0
ADD 1 ядовитые_ягоды 0 0 1
* 'MC1' 'MR1' - сообщения при успехе
MC1 Вы_приготовили_зелье_неподвижности.
MR1 $n0_приготовил$g_зелье_неподвижности.
* 'MC2' 'MR2' - сообщения при неуспехе
MC2 Вам_не_удалось_приготовить_зелье_неподвижности.
MR2 $n2_не_удалось_приготовить_зелье_неподвижности.
* 'MC3' 'MR3' - сообщения при повреждениях
MC3 Вдобавок_ко_всему,_Вы_уронили_котел_себе_на_ногу!
MR3 Вдобавок_ко_всему,_$n0_уронил$g_котел_себе_на_ногу!
* 'DAM' <x>d<y>
DAM 7d10
~

*СОН
РЕЦЕПТ 52 дурманящий_отвар
* 'OBJ' <vnum>
OBJ 852
* 'CON' <k1> <k2> <k3> <kp>
CON 1 0 0.0001 2
* 'REQ' <тип>:<сила> ...
REQ посуда:2 жидкости:2 ядовитые_травы:15 зубы:5 когти:5
* 'ADD' <Nmax> <тип> <n1> <n2> <n3>
ADD 1 печень 1 0 0
ADD 1 ядовитые_грибы 0 1 0
ADD 1 шерсть 0 0 1
* 'MC1' 'MR1' - сообщения при успехе
MC1 Вы_приготовили_дурманящий_отвар.
MR1 $n0_приготовил$g_дурманящий_отвар.
* 'MC2' 'MR2' - сообщения при неуспехе
MC2 Вам_не_удалось_приготовить_дурманящий_отвар.
MR2 $n2_не_удалось_приготовить_дурманящий_отвар.
* 'MC3' 'MR3' - сообщения при повреждениях
MC3 Надышавшись_испарений,_идущих_от_бурлящей_жидкости,_Вы_потеряли_сознание_и_больно_ударились_головой!
MR3 Надышавшись_испарений,_идущих_от_бурлящей_жидкости,_$n0_потерял$g_сознание_и_больно_ударил$u_головой!
* 'DAM' <x>d<y>
DAM 7d10
~

*СЛЕПОТА
РЕЦЕПТ 53 едкая_настойка
* 'OBJ' <vnum>
OBJ 853
* 'CON' <k1> <k2> <k3> <kp>
CON 1 0 0.0001 2
* 'REQ' <тип>:<сила> ...
REQ посуда:2 жидкости:2 ядовитые_грибы:5 глаза:5 минералы:15
* 'ADD' <Nmax> <тип> <n1> <n2> <n3>
ADD 1 ядовитые_травы 1 0 0
ADD 1 когти 0 1 0
ADD 1 минералы 0 0 1
* 'MC1' 'MR1' - сообщения при успехе
MC1 Вы_приготовили_едкую_настойку.
MR1 $n0_приготовил$g_едкую_настойку.
* 'MC2' 'MR2' - сообщения при неуспехе
MC2 Вам_не_удалось_приготовить_едкую_настойку.
MR2 $n2_не_удалось_приготовить_едкую_настойку.
* 'MC3' 'MR3' - сообщения при повреждениях
MC3 Идущие_от_варева_испарения_заставляют_слезиться_и_болеть_Ваши_глаза!
MR3 Идущие_от_варева_испарения_заставляют_слезиться_и_болеть_глаза_$n1!
* 'DAM' <x>d<y>
DAM 7d10
~

*ГЛУХОТА
РЕЦЕПТ 54 затхлый_настой
* 'OBJ' <vnum>
OBJ 854
* 'CON' <k1> <k2> <k3> <kp>
CON 1 0 0.0001 2
* 'REQ' <тип>:<сила> ...
REQ посуда:2 жидкости:2 ядовитые_ягоды:15 сердце:5 крупы:5
* 'ADD' <Nmax> <тип> <n1> <n2> <n3>
* 'MC1' 'MR1' - сообщения при успехе
MC1 Вы_приготовили_затхлый_настой.
MR1 $n0_приготовил$g_затхлый_настой.
* 'MC2' 'MR2' - сообщения при неуспехе
MC2 Вам_не_удалось_приготовить_затхлый_настой.
MR2 $n2_не_удалось_приготовить_затхлый_настой.
* 'MC3' 'MR3' - сообщения при повреждениях
MC3 Сок_ядовитых_ягод_жжет_Ваши_пальцы!
MR3 Как_видно_сок_ядовитых_ягод_жжет_пальцы_$n1!
* 'DAM' <x>d<y>
DAM 6d10
~

*МОЛЧАНИЕ
РЕЦЕПТ 55 клейкое_зелье
* 'OBJ' <vnum>
OBJ 855
* 'CON' <k1> <k2> <k3> <kp>
CON 1 0 0.0001 2
* 'REQ' <тип>:<сила> ...
REQ посуда:2 жидкости:2 мелкие_твари:15 съедобные_ягоды:5 дерево:17
* 'ADD' <Nmax> <тип> <n1> <n2> <n3>
ADD 1 ядовитые_ягоды 1 0 0
ADD 1 ядовитые_грибы 0 1 1
* 'MC1' 'MR1' - сообщения при успехе
MC1 Вы_приготовили_клейкое_зелье.
MR1 $n0_приготовил$g_клейкое_зелье.
* 'MC2' 'MR2' - сообщения при неуспехе
MC2 Вам_не_удалось_приготовить_клейкое_зелье.
MR2 $n2_не_удалось_приготовить_клейкое_зелье.
* 'MC3' 'MR3' - сообщения при повреждениях
MC3 Пытаясь_выскрести_остатки_неудачных_опытов_из_котла,_Вы_ободрали_руку!
MR3 Пытаясь_выскрести_остатки_неудачных_опытов_из_котла,_$n0_ободрал$g_руку!
* 'DAM' <x>d<y>
DAM 7d10
~

*СЛАБОСТЬ
РЕЦЕПТ 56 хмельная_настойка
* 'OBJ' <vnum>
OBJ 856
* 'CON' <k1> <k2> <k3> <kp>
CON 1 0 0.0001 2
* 'REQ' <тип>:<сила> ...
REQ посуда:2 жидкости:2 ядовитые_грибы:10 съедобные_ягоды:5 волосы:4
* 'ADD' <Nmax> <тип> <n1> <n2> <n3>
ADD 1 ядовитые_ягоды 1 0 0
ADD 1 глаза 0 1 1
* 'MC1' 'MR1' - сообщения при успехе
MC1 Вы_приготовили_отличную_хмельную_настойку.
MR1 $n0_приготовил$g_отличную_хмельную_настойку.
* 'MC2' 'MR2' - сообщения при неуспехе
MC2 Вам_не_удалось_приготовить_хмельную_настойку.
MR2 $n2_не_удалось_приготовить_хмельную_настойку.
* 'MC3' 'MR3' - сообщения при повреждениях
MC3 Пар_от_Вашего_варева_обжег_Вам_гортань!
MR3 $n0_вдохнул$g_пар_от_своего_варева_и_закашлял$g,_хватаясь_за_горло!
* 'DAM' <x>d<y>
DAM 6d4
~

*КОШАЧЬЯ ЛОВКОСТЬ
РЕЦЕПТ 57 настой_на_кошачьей_шерсти
OBJ 857
CON 1 0 0.0001 2
REQ посуда:2 жидкости:2 шерсть:20 волосы:20 дерево:24
ADD 1 ядовитые_ягоды 1 0 0
ADD 1 глаза 0 1 1
MC1 Вы_приготовили_настой_на_кошачьей_шерсти.
MR1 $n0_приготовил$g_настой_на_кошачьей_шерсти.
MC2 Ваши_попытки_изготовить_настой_на_кошачьей_шерсти_не_увенчались_успехом.
MR2 $n0_не_сумел$g_приготовить_настой_на_кошачьей_шерсти.
MC3 Внезапно_пробежавшая_у_Вас_под_ногами_черная_кошка_БОЛЬНО_укусила_вас_за_икру!
MR3 Внезапно_взявшаяся_откуда-то_черная_кошка_цапнула_$n3_за_ногу!
DAM 7d6
~

*БЫЧЬЕ ТЕЛО
РЕЦЕПТ 58 кипящее_зелье
OBJ 858
CON 1 0 0.0001 2
REQ посуда:2 жидкости:2 печень:26 сердце:22 целебные_травы:25
ADD 1 зубы 1 0 0
ADD 1 когти 0 1 0
MC1 Вы_приготовили_кипящее_зелье.
MR1 $n0_искусно_приготовил$g_кипящее_зелье.
MC2 Вы_не_сумели_изготовить_кипящее_зелье._Учитесь.
MR2 $n0_не_сумел$g_приготовить_кипящее_зелье.
MC3 Ваше_неловкое_движение_выплеснуло_кипящее_зелье_прямо_на_руку!
MR3 $n0_опрокинул$g_кипящее_зелье_прямо_себе_на_руки!
DAM 7d6
~

*МУДРОСТЬ ЗМЕИ
РЕЦЕПТ 59 горькая_настойка
OBJ 859
CON 1 0 0.0001 2
REQ посуда:2 жидкости:2 чешуя:24 дерево:18 ядовитые_грибы:18 ядовитые_травы:24
ADD 1 крылья 1 0 0
ADD 1 печень 1 1 0
MC1 Вы_приготовили_горькую_настойку.
MR1 $n0_приготовил$g_горькую_настойку._Ее_запах_просто_валит_с_ног.
MC2 Вы_не_сумели_приготовить_горькую_настойку.
MR2 $n0_не_сумел$g_приготовить_горькую_настойку.
MC3 Вы_решили_понюхать_не_вполне_готовое_зелье._Какая_грубая_ошибка!
MR3 $n0_понюхал$g_котелок_с_настойкой_и,_побледнев,_схватил$u_за_горло!
DAM 10d6
~

*ХИТРОУМИЕ
РЕЦЕПТ 60 настойка_на_крысиных_хвостах
OBJ 860
CON 1 0 0.0001 2
REQ посуда:2 жидкости:2 когти:22 ядовитые_травы:20 минералы:12 волосы:25
ADD 1 глаза 1 1 0
ADD 1 мелкие_твари 1 0 1
MC1 Вы_приготовили_настойку_на_крысиных_хвостах.
MR1 $n0_приготовил$g_настойку_на_крысиных_хвостах.
MC2 Увы,_вы_лишь_зря_погубили_десяток_крысок..._Настойка_не_удалась.
MR2 $n0_не_сумел$g_приготовить_настойку_на_крысиных_хвостах.
MC3 Внезапно_из_котелка_выскочила_крыса_и_вцепилась_в_Ваш_нос!
MR3 Внезапно_из_котелка_выскочила_огромная_крыса_и_вцепилась_в_нос_$n1!
DAM 10d6
~

