***********************************************************
* Ингредиентная магия
***********************************************************

* Описание элементарных типов класса "РОСЛЬ" и ТВЕРДЬ
* ТИП <id> <название> <VNUM прототипа>
ТИП 0 съедобные_грибы 700
ТИП 6 ядовитые_грибы 700
ТИП 11 съедобные_ягоды 705
ТИП 12 ядовитые_ягоды 705
ТИП 15 овощи 711
ТИП 16 крупы 712
ТИП 17 дерево 713
ТИП 51 целебные_травы 730
ТИП 52 ядовитые_травы 730
ТИП 101 минералы 721
ТИП 102 металлы 722
ТИП 103 посуда 723
ТИП 104 жидкости 724


* Описание элементарных типов класса "ЖИВЬ"
* ТИП <id> <название> <VNUM прототипа>
ТИП 1 шерсть 701
ТИП 2 мелкие_твари 702

ТИП 201 зубы 751
ТИП 202 когти 752
ТИП 203 глаза 753
ТИП 204 печень 754
ТИП 205 волосы 755
ТИП 206 сердце 756
ТИП 207 чешуя 757
ТИП 208 крылья 758


МЕТАТИП 301 живь мелкие_твари,шерсть,зубы,когти,глаза,печень,волосы,сердце,чешуя,крылья
МЕТАТИП 302 ягоды съедобные_ягоды,ядовитые_ягоды
МЕТАТИП 303 грибы съедобные_грибы,ядовитые_грибы
МЕТАТИП 304 травы целебные_травы,ядовитые_травы

* Описатели
* ВИД <имя типа> <сила> [<род:0-сред,1-муж,2-жен,3-множ>] 
************************************************
ВИД целебные_травы 1 1
n0 одуванчик
n1 одуванчика
n2 одуванчику
n3 одуванчик
n4 одуванчиком
n5 одуванчике
a одуванчик
~

ВИД ядовитые_травы 1 1
n0 барбарис
n1 барбариса
n2 барбарису
n3 барбарис
n4 барбарисом
n5 барбарисе
a барбарис
~

ВИД съедобные_ягоды 1 2
n0 рябина
n1 рябины
n2 рябине
n3 рябину
n4 рябиной
n5 рябине
a рябина
~

ВИД ядовитые_ягоды 1 1
n0 дикий_виноград
n1 дикого_винограда
n2 дикому_винограду
n3 дикий_виноград
n4 диким_виноградом
n5 диком_винограде
a дикий_виноград
~

ВИД крупы 1 3
n0 отруби
n1 отрубей
n2 отрубям
n3 отруби
n4 отрубями
n5 отрубях
a отруби
~

ВИД минералы 1 1
n0 кремень
n1 кремня
n2 кремню
n3 кремень
n4 кремнем
n5 кремне
a осколок_кремня
~

ВИД металлы 2 0
n0 олово
n1 олова
n2 олову
n3 олово
n4 оловом
n5 олове
a кусочек_олова
~

ВИД посуда 1 2
n0 глиняная_плошка
n1 глиняной_плошки
n2 глиняной_плошке
n3 глиняную_плошку
n4 глиняной_плошкой
n5 глиняной_плошке
a глиняная_плошка
~

ВИД жидкости 1 2
n0 дождевая_вода
n1 дождевой_воды
n2 дождевой_воде
n3 дождевую_воду
n4 дождевой_воды
n5 дождевой_воде
a склянка_с_водой_из_лужи
~

ВИД дерево 1 1
n0 орех
n1 ореха
n2 ореху
n3 орех
n4 орехом
n5 орехе
a ветка_ореха
~

ВИД съедобные_грибы 1 2
n0 горькушка
n1 горькушки
n2 горькушке
n3 горькушку
n4 горькушкой
n5 горькушке
a горькушка
s Грибок_странного_вида_растет_тут.
~

ВИД ядовитые_грибы 1 2
n0 говорушка
n1 говорушки
n2 говорушке
n3 говорушку
n4 говорушкой
n5 говорушке
a говорушка
~

ВИД овощи 1 2
n0 морковь
n1 моркови
n2 моркови
n3 морковь
n4 морковью
n5 моркови
a морковь
~

ВИД мелкие_твари 1 1
n0 таракашка
n1 таракашки
n2 таракашке
n3 таракашку
n4 таракашкой
n5 таракашке
a крошечный_таракашка
~

* ОПИСАТЕЛЬ РЕЦЕПТА
*****************************************************
* 'РЕЦЕПТ' <id> <название>

*ТЕСТ
РЕЦЕПТ 0 каша
* 'OBJ' <vnum>
OBJ 750
* 'CON' <k1> <k2> <k3> <kp>
CON 3 0 0.0001 2
* 'REQ' <тип>:<сила> ...
REQ съедобные_грибы:3 съедобные_грибы:10 живь:2
* 'ADD' <Nmax> <тип> <n1> <n2> <n3>
ADD 3 съедобные_грибы 1 0 0
ADD 1 шерсть 1 0 3
* 'MC1' 'MR1' - сообщения при успехе
MC1 Meaaage1
MR1 Meaaage2
* 'MC2' 'MR2' - сообщения при неуспехе
MC2 Meaaage3
MR2 Meaaage4
* 'MC3' 'MR3' - сообщения при повреждениях
MC3 Meaaage5
MR3 Meaaage6
* 'DAM' <x>d<y>
DAM 2d10
~

