определение наклонностей runes 223 -1 -1 -1 1
видеть невидимое         runes 225 -1 -1 -1 1
определение магии        runes 223 202 -1 -1 3
определение яда          runes 223 -1 -1 -1 1
;определение жизни        runes 222 214 -1 -1 7
создать свет             runes 224 -1 -1 -1 1
создать пищу		 runes 222 -1 -1 -1 1
создать воду             runes 223 -1 -1 -1 1
затуманивание *          runes 223 225 230 -1 7
защита *                 runes 225 -1 -1 -1 1
сила *                   runes 225 202 -1 -1 3
слабость *               runes 229 214 200 -1 7
вылечить слепоту         runes 200 223 202 -1 7
удалить яд               runes 230 202 -1 -1 7
доблесть *               runes 202 214 200 -1 7
проклятье *              runes 201 234 -1 -1 7
снять проклятье          runes 201 245 -1 -1 12
;remove curse	       runes 214 229 -1 -1 1
магическая стрела        runes 225 -1 -1 -1 1
легкое исцеление         runes 229 202 -1 -1 3
легкий вред              runes 225 234 -1 -1 3
невидимость *            runes 230 -1 -1 -1 7
полет *                  runes 210 221 -1 -1 12
страх *                  runes 214 213 -1 -1 12
снять молчание           runes 202 232 -1 -1 12
вылечить лихорадку       runes 200 223 -1 -1 7
снять оцепенение         runes 210 232 -1 -1 12
ледяное прикосновение    runes 223 245 -1 -1 12
серьезное исцеление      runes 202 232 -1 -1 12
серьезный вред           runes 234 210 -1 -1 12
восстановление *         runes 210 232 -1 -1 12
внимательность *         runes 214 229 -1 -1 7
свет *                   runes 206 232 -1 -1 19
тьма *                   runes 207 211 -1 -1 24
дышать водой             runes 223 230 -1 -1 7
;protect evil             runes 209 207 -1 -1 24
истощить энергию 	 runes 215 216 241 -1 27
слепота *                runes 224 213 -1 -1 12
развеять магию           runes 245 229 -1 -1 16
массовое проклятье       runes 218 205 234 -1 27
молчание *               runes 213 207 235 -1 16
сон *                    runes 207 243 -1 -1 19
каменная кожа            runes 200 232 222 -1 12
критический вред         runes 235 215 202 -1 16
молния *                 runes 245 224 -1 -1 12
кислота *                runes 234 223 235 -1 16
безумие *                runes 216 240 203 -1 27
;приковать противника     runes 214 201 -1 -1 19
сеть *                   runes 210 201 -1 -1 12
слово возврата           runes 229 243 221 -1 19
огненный поток           runes 224 243 208 -1 19
землетрясение *          runes 218 222 -1 -1 27
;поднять труп             runes 204 209 200 222 19
ускорение *              runes 243 215 -1 -1 19
медлительность *         runes 243 214 -1 -1 19
починка *                runes 219 242 -1 -1 19
освящение *              runes 221 232 230 -1 12
призматическая аура      runes 214 219 206 -1 16
;изгнать зло              runes 208 207 -1 -1 27
рассеять свет            runes 207 208 213 -1 19
критическое исцеление    runes 202 215 -1 -1 16
;подчинить разум          runes 220 216 -1 -1 19
запечатать комнату       runes 210 242 -1 -1 19
увеличить жизнь          runes 215 202 200 -1 16
увеличение *             runes 215 219 210 -1 16
уменьшение *             runes 242 215 219 -1 19
мигание *                runes 210 230 -1 -1 12
разыскать предмет        runes 212 216 209 -1 24
полная слепота           runes 215 207 213 -1 19
прыжок *                 runes 210 209 243 -1 24
быстрое восстановление   runes 215 229 200 -1 16
;лихорадка *              runes 215 203 201 -1 16
длительное молчание      runes 216 211 214 -1 19
оцепенение *             runes 216 211 242 215 24
ледяные стрелы          runes 219 234 224 -1 16
ледяной ветер	       runes 219 223 225 -1 19
яркий блик               runes 214 224 234 -1 7
вред *                   runes 216 215 -1 -1 24
;оживить труп            runes 220 219 210 209 27
клонирование *           runes 202 209 214 239 24
огненный шар             runes 208 212 224 -1 24
гнев богов               runes 221 234 224 240 27
суд богов                runes 226 220 218 221 30
;каменные руки            runes 219 220 222 212 24
;яд *                     runes 201 207 235 -1 19
массовая слепота         runes 224 218 241 213 27
массовое молчание        runes 203 240 213 -1 30
групповое ускорение      runes 217 219 210 -1 24
;массовая медлительность  runes 240 201 -1 -1 27
длительное оцепенение    runes 216 205 240 -1 27
групповой возврат        runes 221 210 218 -1 27
повреждение разума       runes 205 216 -1 -1 27
цепь молний              runes 224 216 245 243 24
;переместиться *          runes 238 209 210 -1 27
;высосать жизнь           runes 215 203 201 -1 19
ледяной шторм            runes 240 223 220 203 30
исцеление *              runes 209 215 202 -1 24
защитник *               runes 202 209 229 239 24
групповая защита         runes 217 225 242 -1 24
групповая сила           runes 217 232 200 -1 24
групповая доблесть       runes 217 238 200 -1 27
групповой полет          runes 217 210 221 -1 24
групповая невидимость    runes 217 213 238 -1 27
;огненный защитник        runes 209 204 206 224 30
переход *                runes 205 216 242 -1 27
;призвать *               runes 240 241 216 -1 27
покровительство *         runes 202 206 229 -1 12
контроль погоды           runes 213 245 -1 -1 12
заколдовать оружие        runes 204 224 209 -1 30
;создать оружие           runes 226 217 209 224 30
метеоритный дождь         runes 222 216 245 208 24
;массовое оцепенение      runes 226 220 211 -1 30
;групповое исцеление      runes 220 216 221 210 30
;огненный щит             runes 220 209 204 224 27
;ледяной щит              runes 220 208 205 223 27
;воздушный щит            runes 226 202 217 -1 27
;защита богов             runes 226 204 217 -1 30
;круг пустоты             runes 226 220 208 -1 30
;магическое зеркало       runes 226 220 212 213 30
недоля *                  runes 207 235 243 -1 22
мантия теней              runes 207 219 225 230 20
шок *                     runes 206 220 236 245 22
всевидящее око            runes 217 229 242 -1 24
дыхание глубин            runes 217 223 242 -1 24
;каменная стена            runes 217 222 242 -1 24
глаза змея                runes 217 242 240 -1 24
зрение тьмы               runes 217 207 242 -1 24
магический взор           runes 217 242 224 -1 24
общая искренность         runes 217 202 229 -1 24
общее восстановление      runes 217 209 210 242 27
глыба *                   runes 240 222 242 -1 27
вихрь *                   runes 240 245 242 -1 27
