;Magic name        Race Classes Remort Slot Level Mem
;Русичи (лекарь)
создать пищу				0  0  0   1 1 0
создать воду				0  0  0   1 1 0
легкое исцеление			0  0  0   1 1 0
определение наклонностей                0  0  0   1 1 0
определение яда                         0  0  0   1 1 0
создать свет                            0  0  0   1 1 0
легкий вред                             0  0  0   1 1 0
доблесть *                              0  0  0   2 4 0
слепота *                               0  0  0   2 5 0 
вылечить слепоту                        0  0  0   2 5 0
проклятье *                             0  0  0   2 4 0
снять проклятье                         0  0  0   2 5 0
удалить яд                              0  0  0   2 5 0
волшебный щит                           0  0  0   3 7 0
серьезное исцеление                     0  0  0   3 7 0
серьезный вред                          0  0  0   3 7 0
вылечить лихорадку                      0  0  0   3 10 0 
освящение *                             0  0  0   3 12 0
призматическая аура                     0  0  0   3 15 0
дышать водой                            0  0  0   3 15 0
покровительство *                       0  0  0   4 10 0
страх *                                 0  0  0   4 10 0
развеять магию                          0  0  0   4 10 0
полная слепота                          0  0  0   4 10 0
снять оцепенение                        0  0  0   4 10 0
снять молчание                          0  0  0   4 10 0
облако стрел                            0  0  0   5 15 0
критическое исцеление                   0  0  0   5 15 0
критический вред                        0  0  0   5 15 0
изгнать зло                             0  0  0   5 14 0
снять глухоту                           0  0  0   5 14 0
слово возврата                          0  0  0   5 18 0
быстрое восстановление                  0  0  0   5 15 0
вред *                                  0  0  0   6 18 0
недоля *                                0  0  0   6 18 0
шок *                                   0  0  0   6 18 0
исцеление *                             0  0  0   6 20 0
призвать *                              0  0  2   6 28 0
массовая слепота                        0  0  1   7 22 0
массовое проклятье                      0  0  0   7 22 0
групповая доблесть                      0  0  0   7 22 0
мантия теней                            0  0  0   7 24 0
разбитые оковы                          0  0  0   7 26 0
групповой возврат                       0  0  0   7 26 0
групповое исцеление                     0  0  0   8 28 0
защита богов                            0  0  1   8 29 0
;Русичи (колдун)
определение магии                       0  1  0   1 1 0
горящие руки                            0  1  0   1 1 0
создать свет                            0  1  0   1 1 0
видеть невидимое                        0  1  0   1 4 0
невидимость *                           0  1  0   1 5 0
обжигающая хватка                       0  1  0   2 4 -10
защита *                                0  1  0   2 4 0
сила *                                  0  1  0   2 4 0
молния *                                0  1  0   3 7 -40
полет *                                 0  1  0   3 7 0
молчание *                              0  1  0   3 7 0
яркий блик                              0  1  0   3 7 -40
развеять магию                          0  1  0   3 10 0
огненный поток                          0  1  0   4 12 -50
кислота *                               0  1  0   4 10 -45
прыжок *                                0  1  0   4 26 0
шаровая молния                          0  1  0   4 10 -50
контроль погоды                         0  1  0   4 12 0
дышать водой	                        0  1  0   4 15 0
огненная стрела                         0  1  0   5 14 -65
уменьшение *                            0  1  0   5 20 0
оцепенение *                            0  1  0   5 14 30
ледяной ветер                           0  1  0   5 14 -65
;огненный поток                          0  1  0   6 18 0
цепь молний                             0  1  0   6 18 -65
клонирование *                          0  1  0   6 20 0
разыскать предмет                       0  1  0   6 20 0
мантия теней                            0  1  0   7 24 0
огненный шар                            0  1  0   7 25 -80
метеоритный дождь                       0  1  0   7 25 -75
починка *                               0  1  0   7 22 0
ледяной шторм                           0  1  0   8 26 0
переход *                               0  1  0   8 26 0
гнев богов                              0  1  2   8 26 -55
огненный щит                            0  1  0   9 29 0
суд богов                               0  1  2   9 28 -45
заколдовать оружие                      0  1  2   9 29 0
круг пустоты                            0  1  6   9 29 0
камнепад *                              0  1  3   9 29 0
;Русичи (кудесник)
определение магии                       0  6  0   1 1 0
магическая стрела                       0  6  0   1 1 0
создать свет                            0  6  0   1 1 0
невидимость *                           0  6  0   1 3 0
определение жизни                       0  6  0   2 20 0
защита *                                0  6  0   2 4 0
видеть невидимое                        0  6  0   2 4 0
сила *                                  0  6  0   2 4 0
затуманивание *                         0  6  0   2 4 0
медлительность *                        0  6  0   2 25 0
ледяное прикосновение                   0  6  0   3 7 0
сон *                                   0  6  0   3 7 0
полет *                                 0  6  0   3 7 0
молчание *                              0  6  0   3 7 0
;плач *					0  6  0   3 7 0
слабость *                              0  6  0   3 10 0
подчинить разум                         0  6  0   4 10 0
увеличение *                            0  6  0   4 15 0
развеять магию                          0  6  0   4 12 0
тьма *                                  0  6  0   5 16 0
свет *                                  0  6  0   5 16 0
сеть *                                  0  6  0   5 14 0
кислота *                               0  6  0   5 14 0
длительное молчание                     0  6  0   5 15 0
каменные руки                           0  6  0   5 20 0
оцепенение *                            0  6  0   6 20 0
групповая сила                          0  6  0   6 18 0
разыскать предмет                       0  6  0   6 18 0
обаяние *                               0  6  0   6 18 0
групповая невидимость                   0  6  0   7 22 0
призвать *                              0  6  2   7 28 0
мантия теней                            0  6  0   7 24 0
воздушный щит                           0  6  0   7 24 0
групповой полет                         0  6  0   7 25 0
массовое молчание                       0  6  2   8 26 0 
запечатать комнату                      0  6  0   8 25 -50
массовая медлительность                 0  6  0   8 26 0
магическое зеркало                      0  6  2   9 28 0
звуковая волна	                        0  6  0   9 29 0
;Русичи (волшебник)
защита *                                0  7  0   1 1 0
определение яда                         0  7  0   1 1 0
магическая стрела                       0  7  0   1 1 0
сила *                                  0  7  0   1 1 0
создать свет                            0  7  0   1 1 0
защита от				0  7  0   1 3 0
определение наклонностей                0  7  0   2 4 0
видеть невидимое                        0  7  0   2 4 0
определение магии                       0  7  0   2 4 0
невидимость *                           0  7  0   2 5 0
затуманивание *                         0  7  0   2 4 0
оцепенение *                            0  7  0   3 7 -42
ледяное прикосновение                   0  7  0   3 7 0
полет *                                 0  7  0   3 7 0
молчание *                              0  7  0   3 7 0
медлительность *                        0  7  0   3 20 0
каменная кожа                           0  7  0   4 10 0
развеять магию                          0  7  0   4 12 0
мигание *                               0  7  0   4 12 0
восстановление *                        0  7  0   4 18 0
починка *                               0  7  0   4 26 0
запечатать комнату                      0  7  0   5 17 -75
защитник *                              0  7  0   5 14 0
кислота *                               0  7  0   5 14 0
рунная метка				0  7  2   5 16 0
длительное оцепенение                   0  7  0   6 18 0
разыскать предмет                       0  7  0   6 18 0
мантия теней                            0  7  0   6 24 0
прыжок *                                0  7  0   6 26 0
огненный защитник			0  7  4   7 24 0
групповая защита                        0  7  0   7 22 0
групповая сила                          0  7  0   7 22 0
групповой полет                         0  7  0   7 24 0
групповой возврат                       0  7  0   7 28 0
ледяная аура                            0  7  0   8 25 0
огненная аура                           0  7  0   8 25 0
воздушная аура                          0  7  0   8 25 0
групповая призматическая                0  7  0   8 26 0
ангел-хранитель *                       0  7  0   8 26 0
групповое освящение                     0  7  0   8 27 0
ледяной щит                             0  7  0   9 28 0
защита богов                            0  7  1   9 29 0
массовое оцепенение                     0  7  4   9 29 0
пылевая буря                            0  7  0   9 29 0
;Русичи (чернокнижник)
определение наклонностей                0  8  0   1 1 0
магическая стрела                       0  8  0   1 1 0
создать свет                            0  8  0   1 1 0
слабость *                              0  8  0   1 5 0
определение жизни                       0  8  0   2 20 0
защита *                                0  8  0   2 4 0
проклятье *                             0  8  0   2 4 0
затуманивание *                         0  8  0   2 5 0
сеть *                                  0  8  0   2 6 0
восстановление *                        0  8  0   3 7 0
ледяное прикосновение                   0  8  0   3 7 0
поднять труп                            0  8  0   3 7 0
каменная кожа                           0  8  0   3 9 0
страх *                                 0  8  0   3 10 0
внимательность *                        0  8  0   3 10 0
ускорение *                             0  8  0   4 20 0
увеличить жизнь	                        0  8  0   4 13 0
развеять магию                          0  8  0   4 12 0
дышать водой                            0  8  0   4 15 0
лихорадка *                             0  8  0   4 20 0
изгнать зло                             0  8  0   4 12 0
слепота *                               0  8  0   4 15 0
рассеять свет                           0  8  0   5 15 0
быстрое восстановление                  0  8  0   5 15 0
тьма *                                  0  8  0   5 15 0
каменные кости                          0  8  0   5 15 0
каменные руки                           0  8  0   5 20 0
групповое восстановление                0  8  0   5 22 0
яд *                                    0  8  0   5 18 0
снять оцепенение                        0  8  0   5 20 0
разыскать предмет                       0  8  0   6 18 0
высосать жизнь                          0  8  0   6 18 0
массовое проклятье                      0  8  0   7 22 0
мантия теней                            0  8  0   7 24 0
групповое ускорение                     0  8  0   7 26 0
оживить труп                            0  8  0   7 24 0
землетрясение *                         0  8  0   8 26 0
истощить энергию                        0  8  0   8 26 0
повреждение разума                      0  8  0   8 29 0
каменное проклятье                      0  8  6   9 29 0
силы зла                                0  8  0   9 29 0
массовый страх                          0  8  0   8 26 0
;Русичи (витязь)
доблесть *                              0  9  0   1 8 0
защита от                               0  9  0   1 8 0
увеличение *                            0  9  0   1 8 0
проклятье *                             0  9  0   1 8 0
удалить яд                              0  9  0   1 10 0
молчание *                              0  9  0   2 14 0
слепота *                               0  9  0   2 14 0
страх *                                 0  9  0   2 14 0
быстрое восстановление                  0  9  0   2 14 0
снять молчание                          0  9  0   2 16 0
групповая доблесть                      0  9  0   3 18 0
освящение *                             0  9  0   3 19 0
ускорение *                             0  9  0   3 20 0
глухота *                               0  9  0   3 21 0
медлительность *                        0  9  0   3 20 0
групповое ускорение                     0  9  0   4 23 0
массовое проклятье                      0  9  0   4 20 0
массовое молчание                       0  9  2   4 26 0
длительная глухота   	                0  9  0   4 26 0
;Русичи (купец)
создать свет                            0  12  0   1 8 0
доблесть *                              0  12  0   1 5 0
проклятье *                             0  12  0   1 6 0
сеть *                                  0  12  0   1 18 0
насыщение *                             0  12  0   2 12 0
видение ночью				0  12  0   2 12 0
защита *                                0  12  0   2 15 0
уменьшение *                            0  12  0   2 18 0
медлительность *                        0  12  0   3 18 0
критическое исцеление                   0  12  0   3 17 0
слово возврата                          0  12  0   2 19 0
каменная кожа                           0  12  0   3 20 0
длительное оцепенение                   0  12  0   4 24 0
починка *                               0  12  0   4 25 0
групповое восстановление                0  12  0   4 25 0
групповая защита                        0  12  0   4 26 0
;Русичи (лекарь)
создать пищу                            1  0  0   1 1 0
создать воду                            1  0  0   1 1 0
легкое исцеление                        1  0  0   1 1 0
определение наклонностей                1  0  0   1 1 0
определение яда                         1  0  0   1 1 0
создать свет                            1  0  0   1 1 0
легкий вред                             1  0  0   1 1 0
доблесть *                              1  0  0   2 4 0
слепота *                               1  0  0   2 5 0 
вылечить слепоту                        1  0  0   2 5 0
проклятье *                             1  0  0   2 4 0
снять проклятье                         1  0  0   2 5 0
удалить яд                              1  0  0   2 5 0
серьезное исцеление                     1  0  0   3 7 0
серьезный вред                          1  0  0   3 7 0
вылечить лихорадку                      1  0  0   3 10 0 
освящение *                             1  0  0   3 12 0
призматическая аура                     1  0  0   3 15 0
дышать водой                            1  0  0   3 15 0
страх *                                 1  0  0   4 10 0
развеять магию                          1  0  0   4 10 0
полная слепота                          1  0  0   4 10 0
снять оцепенение                        1  0  0   4 10 0
снять молчание                          1  0  0   4 10 0
критическое исцеление                   1  0  0   5 15 0
критический вред                        1  0  0   5 15 0
изгнать зло                             1  0  0   5 14 0
снять глухоту                           1  0  0   5 14 0
слово возврата                          1  0  0   5 18 0
быстрое восстановление                  1  0  0   5 15 0
вред *                                  1  0  0   6 18 0
исцеление *                             1  0  0   6 20 0
призвать *                              1  0  2   6 28 0
массовая слепота                        1  0  1   7 22 0
массовое проклятье                      1  0  0   7 22 0
групповая доблесть                      1  0  0   7 22 0
групповой возврат                       1  0  0   7 26 0
групповое исцеление                     1  0  0   8 28 0
защита богов                            1  0  1   8 29 0
;Викинги (колдун)
определение магии                       1  1  0   1 1 0
горящие руки                            1  1  0   1 1 0
создать свет                            1  1  0   1 1 0
видеть невидимое                        1  1  0   1 4 0
невидимость *                           1  1  0   1 5 0
обжигающая хватка                       1  1  0   2 4 0
защита *                                1  1  0   2 4 0
сила *                                  1  1  0   2 4 0
молния *                                1  1  0   3 7 0
полет *                                 1  1  0   3 7 0
молчание *                              1  1  0   3 7 0
яркий блик                              1  1  0   3 7 0
развеять магию                          1  1  0   3 10 0
огненный поток                          1  1  0   4 12 0
кислота *                               1  1  0   4 10 0
прыжок *                                1  1  0   4 26 0
шаровая молния                          1  1  0   4 10 0
контроль погоды                         1  1  0   4 12 0
дышать водой	                        1  1  0   4 15 0
огненная стрела                         1  1  0   5 14 0
уменьшение *                            1  1  0   5 20 0
оцепенение *                            1  1  0   5 14 0
ледяной ветер                           1  1  0   5 14 -30
;огненный поток                          1  1  0   6 18 0
цепь молний                             1  1  0   6 18 0
клонирование *                          1  1  0   6 20 0
разыскать предмет                       1  1  0   6 20 0
огненный шар                            1  1  0   7 25 0
метеоритный дождь                       1  1  0   7 25 0
починка *                               1  1  0   7 22 0
ледяной шторм                           1  1  0   8 26 0
переход *                               1  1  0   8 26 0
гнев богов                              1  1  2   8 26 0  	
огненный щит                            1  1  0   9 28 0
суд богов                               1  1  2   9 28 0
заколдовать оружие                      1  1  2   9 29 0
круг пустоты                            1  1  6   9 29 0
камнепад *                              1  1  3   9 29 0
;Викинги (кудесник)
определение магии                       1  6  0   1 1 0
магическая стрела                       1  6  0   1 1 0
создать свет                            1  6  0   1 1 0
невидимость *                           1  6  0   1 3 0
определение жизни                       1  6  0   2 20 0
защита *                                1  6  0   2 4 0
видеть невидимое                        1  6  0   2 4 0
сила *                                  1  6  0   2 4 0
затуманивание *                         1  6  0   2 4 0
медлительность *                        1  6  0   2 25 0
ледяное прикосновение                   1  6  0   3 7 0
сон *                                   1  6  0   3 7 0
полет *                                 1  6  0   3 7 0
молчание *                              1  6  0   3 7 0
;плач *					1  6  0   3 7 0
слабость *                              1  6  0   3 10 0
подчинить разум                         1  6  0   4 10 0
увеличение *                            1  6  0   4 15 0
развеять магию                          1  6  0   4 12 0
тьма *                                  1  6  0   5 16 0
свет *                                  1  6  0   5 16 0
сеть *                                  1  6  0   5 14 0
кислота *                               1  6  0   5 14 0
длительное молчание                     1  6  0   5 15 0
каменные руки                           1  6  0   5 20 0
оцепенение *                            1  6  0   6 20 0
групповая сила                          1  6  0   6 18 0
разыскать предмет                       1  6  0   6 18 0
обаяние *                               1  6  0   6 18 0
групповая невидимость                   1  6  0   7 22 0
призвать *                              1  6  0   7 28 0
воздушный щит                           1  6  0   7 24 0
групповой полет                         1  6  0   7 25 0
массовое молчание                       1  6  2   8 26 0 
запечатать комнату                      1  6  0   8 25 0
массовая медлительность                 1  6  0   8 26 0
магическое зеркало                      1  6  2   9 28 0
звуковая волна	                        1  6  0   9 29 0
;Викинги (волшебник)
защита *                                1  7  0   1 1 0
определение яда                         1  7  0   1 1 0
магическая стрела                       1  7  0   1 1 0
сила *                                  1  7  0   1 1 0
создать свет                            1  7  0   1 1 0
защита от                               1  7  0   1 3 0
определение наклонностей                1  7  0   2 4 0
видеть невидимое                        1  7  0   2 4 0
определение магии                       1  7  0   2 4 0
невидимость *                           1  7  0   2 5 0
затуманивание *                         1  7  0   2 4 0
оцепенение *                            1  7  0   3 7 -42
ледяное прикосновение                   1  7  0   3 7 0
полет *                                 1  7  0   3 7 0
молчание *                              1  7  0   3 7 0
медлительность *                        1  7  0   3 20 0
каменная кожа                           1  7  0   4 10 0
развеять магию                          1  7  0   4 12 0
мигание *                               1  7  0   4 12 0
восстановление *                        1  7  0   4 18 0
починка *                               1  7  0   4 26 0
запечатать комнату                      1  7  0   5 17 0
защитник *                              1  7  0   5 14 0
кислота *                               1  7  0   5 14 0
длительное оцепенение                   1  7  0   6 18 0
разыскать предмет                       1  7  0   6 18 0
огненный защитник			1  7  4   7 24 0
прыжок *                                1  7  0   7 26 0
групповая защита                        1  7  0   7 22 0
групповая сила                          1  7  0   7 22 0
групповой полет                         1  7  0   7 24 0
групповой возврат                       1  7  0   7 28 0
ледяная аура                            1  7  0   8 25 0
огненная аура                           1  7  0   8 25 0
воздушная аура                          1  7  0   8 25 0
групповая призматическая                1  7  0   8 26 0
ангел-хранитель *                       1  7  0   8 26 0
групповое освящение                     1  7  0   8 27 0
ледяной щит                             1  7  0   9 28 0
защита богов                            1  7  1   9 29 0
массовое оцепенение                     1  7  4   9 29 0
пылевая буря                            1  7  0   9 29 0
;Викинги (чернокнижник)
определение наклонностей                1  8  0   1 1 0
магическая стрела                       1  8  0   1 1 0
создать свет                            1  8  0   1 1 0
слабость *                              1  8  0   1 5 0
определение жизни                       1  8  0   2 20 0
защита *                                1  8  0   2 4 0
проклятье *                             1  8  0   2 4 0
затуманивание *                         1  8  0   2 5 0
сеть *                                  1  8  0   2 6 0
восстановление *                        1  8  0   3 7 0
ледяное прикосновение                   1  8  0   3 7 0
поднять труп                            1  8  0   3 7 0
каменная кожа                           1  8  0   3 9 0
страх *                                 1  8  0   3 10 0
внимательность *                        1  8  0   3 10 0
ускорение *                             1  8  0   4 20 0
увеличить жизнь	                        1  8  0   4 13 0
развеять магию                          1  8  0   4 12 0
дышать водой                            1  8  0   4 15 0
лихорадка *                             1  8  0   4 20 0
изгнать зло                             1  8  0   4 12 0
слепота *                               1  8  0   4 15 0
рассеять свет                           1  8  0   5 15 0
быстрое восстановление                  1  8  0   5 15 0
тьма *                                  1  8  0   5 15 0
каменные руки                           1  8  0   5 20 0
групповое восстановление                1  8  0   5 22 0
яд *                                    1  8  0   5 18 0
снять оцепенение                        1  8  0   5 20 0
разыскать предмет                       1  8  0   6 18 0
высосать жизнь                          1  8  0   6 18 0
массовое проклятье                      1  8  0   7 22 0
групповое ускорение                     1  8  0   7 26 0
оживить труп                            1  8  0   7 24 0
землетрясение *                         1  8  0   8 26 0
истощить энергию                        1  8  0   8 26 0
повреждение разума                      1  8  0   8 29 0
каменное проклятье                      1  8  6   9 29 0
силы зла                                1  8  0   9 29 0
массовый страх                          1  8  0   8 26 0
;Викинги (витязь)
доблесть *                              1  9  0   1 8 0
защита от                               1  9  0   1 8 0
увеличение *                            1  9  0   1 8 0
проклятье *                             1  9  0   1 8 0
удалить яд                              1  9  0   1 10 0
молчание *                              1  9  0   2 14 0
слепота *                               1  9  0   2 14 0
страх *                                 1  9  0   2 14 0
быстрое восстановление                  1  9  0   2 14 0
снять молчание                          1  9  0   2 16 0
групповая доблесть                      1  9  0   3 18 0
освящение *                             1  9  0   3 19 0
ускорение *                             1  9  0   3 20 0
глухота *                               1  9  0   3 21 0
медлительность *                        1  9  0   3 20 0
групповое ускорение                     1  9  0   4 23 0
массовое проклятье                      1  9  0   4 20 0
массовое молчание                       1  9  2   4 26 0
длительная глухота   	                1  9  0   4 26 0
;Викинги (купец)
создать свет                            1  12  0   1 8 0
доблесть *                              1  12  0   1 5 0
проклятье *                             1  12  0   1 6 0
сеть *                                  1  12  0   1 18 0
насыщение *                             1  12  0   2 12 0
защита *                                1  12  0   2 15 0
уменьшение *                            1  12  0   2 18 0
медлительность *                        1  12  0   3 18 0
критическое исцеление                   1  12  0   3 17 0
слово возврата                          1  12  0   2 19 0
каменная кожа                           1  12  0   3 20 0
длительное оцепенение                   1  12  0   4 24 0
починка *                               1  12  0   4 25 0
групповое восстановление                1  12  0   4 25 0
групповая защита                        1  12  0   4 26 0
;Степняки (лекарь)
создать пищу                            2  0  0   1 1 0
создать воду                            2  0  0   1 1 0
легкое исцеление                        2  0  0   1 1 0
определение наклонностей                2  0  0   1 1 0
определение яда                         2  0  0   1 1 0
создать свет                            2  0  0   1 1 0
легкий вред                             2  0  0   1 1 0
доблесть *                              2  0  0   2 4 0
слепота *                               2  0  0   2 5 0 
вылечить слепоту                        2  0  0   2 5 0
проклятье *                             2  0  0   2 4 0
снять проклятье                         2  0  0   2 5 0
удалить яд                              2  0  0   2 5 0
серьезное исцеление                     2  0  0   3 7 0
серьезный вред                          2  0  0   3 7 0
вылечить лихорадку                      2  0  0   3 10 0 
освящение *                             2  0  0   3 12 0
призматическая аура                     2  0  0   3 15 0
дышать водой                            2  0  0   3 15 0
страх *                                 2  0  0   4 10 0
развеять магию                          2  0  0   4 10 0
полная слепота                          2  0  0   4 10 0
снять оцепенение                        2  0  0   4 10 0
снять молчание                          2  0  0   4 10 0
критическое исцеление                   2  0  0   5 15 0
критический вред                        2  0  0   5 15 0
изгнать зло                             2  0  0   5 14 0
снять глухоту                           2  0  0   5 14 0
слово возврата                          2  0  0   5 18 0
быстрое восстановление                  2  0  0   5 15 0
вред *                                  2  0  0   6 18 0
исцеление *                             2  0  0   6 20 0
призвать *                              2  0  2   6 28 0
массовая слепота                        2  0  2   7 22 0
массовое проклятье                      2  0  0   7 22 0
групповая доблесть                      2  0  0   7 22 0
групповой возврат                       2  0  0   7 26 0
групповое исцеление                     2  0  0   8 28 0
защита богов                            2  0  1   8 29 0
;Степняки (колдун)
определение магии                       2  1  0   1 1 0
горящие руки                            2  1  0   1 1 0
создать свет                            2  1  0   1 1 0
видеть невидимое                        2  1  0   1 4 0
невидимость *                           2  1  0   1 5 0
обжигающая хватка                       2  1  0   2 4 0
защита *                                2  1  0   2 4 0
сила *                                  2  1  0   2 4 0
молния *                                2  1  0   3 7 0
полет *                                 2  1  0   3 7 0
молчание *                              2  1  0   3 7 0
яркий блик                              2  1  0   3 7 0
развеять магию                          2  1  0   3 10 0
огненный поток                          2  1  0   4 12 0
кислота *                               2  1  0   4 10 0
прыжок *                                2  1  0   4 26 0
шаровая молния                          2  1  0   4 10 0
контроль погоды                         2  1  0   4 12 0
дышать водой	                        2  1  0   4 15 0
огненная стрела                         2  1  0   5 14 0
уменьшение *                            2  1  0   5 20 0
оцепенение *                            2  1  0   5 14 0
ледяной ветер                           2  1  0   5 14 -30
;огненный поток                          2  1  0   6 18 0
цепь молний                             2  1  0   6 18 0
клонирование *                          2  1  0   6 20 0
разыскать предмет                       2  1  0   6 20 0
огненный шар                            2  1  0   7 25 0
метеоритный дождь                       2  1  0   7 25 0
починка *                               2  1  0   7 22 0
ледяной шторм                           2  1  0   8 26 0
переход *                               2  1  0   8 26 0
гнев богов                              2  1  2   8 26 0  	
огненный щит                            2  1  0   9 28 0
суд богов                               2  1  2   9 28 0
заколдовать оружие                      2  1  2   9 29 0
круг пустоты                            2  1  6   9 29 0
камнепад *                              2  1  3   9 29 0
;Степняки (кудесник)
определение магии                       2  6  0   1 1 0
магическая стрела                       2  6  0   1 1 0
создать свет                            2  6  0   1 1 0
невидимость *                           2  6  0   1 3 0
определение жизни                       2  6  0   2 20 0
защита *                                2  6  0   2 4 0
видеть невидимое                        2  6  0   2 4 0
сила *                                  2  6  0   2 4 0
затуманивание *                         2  6  0   2 4 0
медлительность *                        2  6  0   2 25 0
ледяное прикосновение                   2  6  0   3 7 0
сон *                                   2  6  0   3 7 0
полет *                                 2  6  0   3 7 0
молчание *                              2  6  0   3 7 0
;плач *					2  6  0   3 7 0
слабость *                              2  6  0   3 10 0
подчинить разум                         2  6  0   4 10 0
увеличение *                            2  6  0   4 15 0
развеять магию                          2  6  0   4 12 0
тьма *                                  2  6  0   5 16 0
свет *                                  2  6  0   5 16 0
сеть *                                  2  6  0   5 14 0
кислота *                               2  6  0   5 14 0
длительное молчание                     2  6  0   5 15 0
каменные руки                           2  6  0   5 20 0
оцепенение *                            2  6  0   6 20 0
групповая сила                          2  6  0   6 18 0
разыскать предмет                       2  6  0   6 18 0
обаяние *                               2  6  0   6 18 0
групповая невидимость                   2  6  0   7 22 0
призвать *                              2  6  0   7 28 0
воздушный щит                           2  6  0   7 24 0
групповой полет                         2  6  0   7 25 0
массовое молчание                       2  6  2   8 26 0 
запечатать комнату                      2  6  0   8 25 0
массовая медлительность                 2  6  0   8 26 0
магическое зеркало                      2  6  2   9 28 0
звуковая волна	                        2  6  0   9 29 0
;Степняки (волшебник)
защита *                                2  7  0   1 1 0
определение яда                         2  7  0   1 1 0
магическая стрела                       2  7  0   1 1 0
сила *                                  2  7  0   1 1 0
создать свет                            2  7  0   1 1 0
защита от                               2  7  0   1 3 0
определение наклонностей                2  7  0   2 4 0
видеть невидимое                        2  7  0   2 4 0
определение магии                       2  7  0   2 4 0
невидимость *                           2  7  0   2 5 0
затуманивание *                         2  7  0   2 4 0
оцепенение *                            2  7  0   3 7 -42
ледяное прикосновение                   2  7  0   3 7 0
полет *                                 2  7  0   3 7 0
молчание *                              2  7  0   3 7 0
медлительность *                        2  7  0   3 20 0
каменная кожа                           2  7  0   4 10 0
развеять магию                          2  7  0   4 12 0
мигание *                               2  7  0   4 12 0
восстановление *                        2  7  0   4 18 0
починка *                               2  7  0   4 26 0
запечатать комнату                      2  7  0   5 17 0
защитник *                              2  7  0   5 14 0
кислота *                               2  7  0   5 14 0
длительное оцепенение                   2  7  0   6 18 0
разыскать предмет                       2  7  0   6 18 0
огненный защитник			2  7  4   7 24 0
прыжок *                                2  7  0   7 26 0
групповая защита                        2  7  0   7 22 0
групповая сила                          2  7  0   7 22 0
групповой полет                         2  7  0   7 24 0
групповой возврат                       2  7  0   7 28 0
ледяная аура                            2  7  0   8 25 0
огненная аура                           2  7  0   8 25 0
воздушная аура                          2  7  0   8 25 0
групповая призматическая                2  7  0   8 26 0
ангел-хранитель *                       2  7  0   8 26 0
групповое освящение                     2  7  0   8 27 0
ледяной щит                             2  7  0   9 28 0
защита богов                            2  7  1   9 29 0
массовое оцепенение                     2  7  4   9 29 0
пылевая буря                            2  7  0   9 29 0
;Степняки (чернокнижник)
определение наклонностей                2  8  0   1 1 0
магическая стрела                       2  8  0   1 1 0
создать свет                            2  8  0   1 1 0
слабость *                              2  8  0   1 5 0
определение жизни                       2  8  0   2 20 0
защита *                                2  8  0   2 4 0
проклятье *                             2  8  0   2 4 0
затуманивание *                         2  8  0   2 5 0
сеть *                                  2  8  0   2 6 0
восстановление *                        2  8  0   3 7 0
ледяное прикосновение                   2  8  0   3 7 0
поднять труп                            2  8  0   3 7 0
каменная кожа                           2  8  0   3 9 0
страх *                                 2  8  0   3 10 0
внимательность *                        2  8  0   3 10 0
ускорение *                             2  8  0   4 20 0
увеличить жизнь	                        2  8  0   4 13 0
развеять магию                          2  8  0   4 12 0
дышать водой                            2  8  0   4 15 0
лихорадка *                             2  8  0   4 20 0
изгнать зло                             2  8  0   4 12 0
слепота *                               2  8  0   4 15 0
рассеять свет                           2  8  0   5 15 0
быстрое восстановление                  2  8  0   5 15 0
тьма *                                  2  8  0   5 15 0
каменные руки                           2  8  0   5 20 0
групповое восстановление                2  8  0   5 22 0
яд *                                    2  8  0   5 18 0
снять оцепенение                        2  8  0   5 20 0
разыскать предмет                       2  8  0   6 18 0
высосать жизнь                          2  8  0   6 18 0
массовое проклятье                      2  8  0   7 22 0
групповое ускорение                     2  8  0   7 26 0
оживить труп                            2  8  0   7 24 0
землетрясение *                         2  8  0   8 26 0
истощить энергию                        2  8  0   8 26 0
повреждение разума                      2  8  0   8 29 0
каменное проклятье                      2  8  6   9 29 0
силы зла                                2  8  0   9 29 0
массовый страх                          2  8  0   8 26 0
;Степняки (витязь)
доблесть *                              2  9  0   1 8 0
защита от                               2  9  0   1 8 0
увеличение *                            2  9  0   1 8 0
проклятье *                             2  9  0   1 8 0
удалить яд                              2  9  0   1 10 0
молчание *                              2  9  0   2 14 0
слепота *                               2  9  0   2 14 0
страх *                                 2  9  0   2 14 0
быстрое восстановление                  2  9  0   2 14 0
снять молчание                          2  9  0   2 16 0
групповая доблесть                      2  9  0   3 18 0
освящение *                             2  9  0   3 19 0
ускорение *                             2  9  0   3 20 0
глухота *                               2  9  0   3 21 0
медлительность *                        2  9  0   3 20 0
групповое ускорение                     2  9  0   4 23 0
массовое проклятье                      2  9  0   4 20 0
массовое молчание                       2  9  2   4 26 0
длительная глухота   	                2  9  0   4 26 0
;Степняки (купец)
создать свет                            2  12  0   1 8 0
доблесть *                              2  12  0   1 5 0
проклятье *                             2  12  0   1 6 0
сеть *                                  2  12  0   1 18 0
насыщение *                             2  12  0   2 12 0
защита *                                2  12  0   2 15 0
уменьшение *                            2  12  0   2 18 0
медлительность *                        2  12  0   3 18 0
критическое исцеление                   2  12  0   3 17 0
слово возврата                          2  12  0   2 19 0
каменная кожа                           2  12  0   3 20 0
длительное оцепенение                   2  12  0   4 24 0
починка *                               2  12  0   4 25 0
групповое восстановление                2  12  0   4 25 0
групповая защита                        2  12  0   4 26 0