; О©╫ О©╫О©╫О©╫О©╫ О©╫О©╫О©╫О©╫О©╫ О©╫О©╫О©╫О©╫О©╫О©╫О©╫О©╫ О©╫О©╫О©╫О©╫О©╫О©╫О©╫О©╫О©╫ О©╫О©╫О©╫О©╫О©╫О©╫О©╫О©╫О©╫О©╫ О©╫О©╫О©╫О©╫О©╫О©╫О©╫О©╫О©╫ О©╫О©╫О©╫О©╫О©╫О©╫
;
; О©╫О©╫О©╫О©╫О©╫О©╫ О©╫О©╫О©╫О©╫ 
;
; // О©╫О©╫О©╫ О©╫О©╫О©╫О©╫О©╫ О©╫О©╫О©╫О©╫О©╫О©╫О©╫О©╫ О©╫О©╫ if (number(1,<О©╫О©╫О©╫О©╫О©╫ О©╫О©╫О©╫О©╫О©╫>)==1)
; // О©╫О©╫О©╫ О©╫О©╫О©╫О©╫О©╫О©╫О©╫О©╫ О©╫О©╫О©╫О©╫О©╫О©╫О©╫О©╫О©╫О©╫ О©╫О©╫О©╫О©╫О©╫
;
dig_hole_max_deep		10	// О©╫О©╫О©╫О©╫О©╫О©╫О©╫О©╫О©╫О©╫О©╫О©╫ О©╫О©╫О©╫О©╫О©╫О©╫О©╫ О©╫О©╫О©╫О©╫
dig_instr_crash_chance		2	// О©╫О©╫О©╫О©╫ О©╫О©╫О©╫О©╫О©╫О©╫О©╫О©╫О©╫О©╫О©╫ О©╫О©╫О©╫О©╫О©╫О©╫О©╫О©╫О©╫
dig_treasure_chance		30000   // О©╫О©╫О©╫О©╫ О©╫О©╫ О©╫О©╫О©╫О©╫О©╫О©╫О©╫О©╫О©╫О©╫О©╫ О©╫О©╫О©╫О©╫О©╫О©╫О©╫О©╫
dig_pandora_chance		180000  // О©╫О©╫О©╫О©╫ О©╫О©╫ О©╫О©╫О©╫О©╫О©╫О©╫О©╫О©╫О©╫О©╫О©╫ О©╫О©╫О©╫О©╫О©╫О©╫О©╫О©╫ О©╫О©╫О©╫О©╫О©╫О©╫О©╫ 
dig_mob_chance			300	// О©╫О©╫О©╫О©╫ О©╫О©╫ О©╫О©╫О©╫О©╫О©╫О©╫О©╫О©╫О©╫О©╫О©╫ О©╫О©╫О©╫О©╫
dig_trash_chance		200	// О©╫О©╫О©╫О©╫ О©╫О©╫ О©╫О©╫О©╫О©╫О©╫О©╫О©╫О©╫О©╫О©╫О©╫ О©╫О©╫О©╫О©╫О©╫О©╫ О©╫О©╫О©╫О©╫О©╫
dig_lag				2	// О©╫О©╫О©╫ (О©╫ О©╫О©╫О©╫О©╫ О©╫О©╫О©╫О©╫О©╫О©╫О©╫О©╫О©╫О©╫ О©╫О©╫ kPulseViolence)
dig_prob_divide			3	// О©╫О©╫ О©╫О©╫О©╫О©╫О©╫О©╫О©╫ О©╫О©╫О©╫О©╫О©╫О©╫О©╫ О©╫О©╫О©╫О©╫ О©╫О©╫О©╫О©╫ О©╫О©╫О©╫О©╫О©╫О©╫О©╫ О©╫О©╫О©╫О©╫О©╫О©╫О©╫О©╫
dig_glass_chance		3	// О©╫О©╫О©╫О©╫ О©╫О©╫О©╫О©╫О©╫О©╫О©╫О©╫ О©╫О©╫О©╫О©╫.О©╫О©╫О©╫О©╫О©╫О©╫, О©╫О©╫О©╫О©╫О©╫ О©╫О©╫О©╫О©╫О©╫О©╫
dig_need_moves			10	// О©╫О©╫О©╫О©╫О©╫ О©╫О©╫ О©╫О©╫О©╫О©╫ О©╫О©╫О©╫О©╫О©╫

dig_stone1_skill		15	// О©╫О©╫О©╫О©╫О©╫О©╫О©╫ О©╫О©╫О©╫О©╫О©╫ О©╫О©╫О©╫ О©╫О©╫О©╫О©╫О©╫О©╫О©╫ О©╫О©╫О©╫О©╫О©╫ О©╫О©╫О©╫О©╫О©╫, 
dig_stone2_skill		25      // О©╫О©╫О©╫ О©╫О©╫ О©╫О©╫О©╫О©╫ О©╫О©╫О©╫О©╫О©╫О©╫О©╫О©╫О©╫. О©╫О©╫О©╫О©╫О©╫О©╫О©╫ О©╫О©╫О©╫О©╫О©╫О©╫
dig_stone3_skill		35	// О©╫ 1 О©╫О©╫ <О©╫О©╫О©╫О©╫О©╫О©╫О©╫ О©╫О©╫О©╫О©╫О©╫ О©╫О©╫О©╫О©╫>, О©╫О©╫О©╫О©╫О©╫ 
dig_stone4_skill		50	// О©╫О©╫О©╫О©╫О©╫О©╫О©╫ О©╫ О©╫О©╫О©╫О©╫О©╫О©╫О©╫ (9-О©╫О©╫) О©╫О©╫О©╫О©╫О©╫ О©╫О©╫О©╫О©╫О©╫О©╫О©╫О©╫О©╫О©╫О©╫.
dig_stone5_skill		70	// О©╫О©╫О©╫О©╫ О©╫О©╫О©╫О©╫О©╫О©╫ О©╫О©╫О©╫О©╫О©╫ stone9_skill О©╫О©╫О©╫
dig_stone6_skill		80	// О©╫О©╫О©╫О©╫О©╫О©╫, О©╫О©╫ О©╫О©╫О©╫О©╫О©╫О©╫ О©╫О©╫О©╫О©╫О©╫, О©╫О©╫О©╫О©╫О©╫ О©╫О©╫О©╫О©╫О©╫О©╫О©╫О©╫О©╫О©╫О©╫
dig_stone7_skill		90	// О©╫О©╫О©╫О©╫О©╫О©╫О©╫О©╫О©╫ О©╫О©╫О©╫О©╫О©╫О©╫
dig_stone8_skill		95
dig_stone9_skill		99

dig_stone1_vnum			900	// О©╫О©╫О©╫О©╫О©╫О©╫ О©╫О©╫О©╫О©╫О©╫О©╫О©╫О©╫
dig_trash_vnum_start		960
dig_trash_vnum_end		989
dig_mob_vnum_start		900
dig_mob_vnum_end		911
dig_pandora_vnum		919
;
;
; О©╫О©╫О©╫О©╫О©╫О©╫
;
; // О©╫О©╫О©╫ О©╫О©╫О©╫О©╫О©╫О©╫О©╫О©╫ О©╫О©╫О©╫О©╫О©╫
insgem_lag			2	// О©╫О©╫О©╫ О©╫О©╫ О©╫О©╫О©╫О©╫О©╫О©╫О©╫О©╫О©╫О©╫ (О©╫ О©╫О©╫О©╫О©╫ О©╫О©╫О©╫О©╫О©╫О©╫О©╫О©╫О©╫О©╫ О©╫О©╫ kPulseViolence)
insgem_minus_for_affect		15	// О©╫О©╫ О©╫О©╫О©╫О©╫О©╫О©╫О©╫ О©╫О©╫О©╫О©╫О©╫О©╫О©╫О©╫О©╫О©╫О©╫ О©╫О©╫О©╫О©╫О©╫ О©╫О©╫О©╫ О©╫О©╫О©╫О©╫О©╫О©╫О©╫О©╫ О©╫О©╫ О©╫О©╫О©╫О©╫О©╫О©╫ О©╫О©╫О©╫О©╫О©╫О©╫ О©╫О©╫О©╫ APPLY_ О©╫О©╫ О©╫О©╫О©╫О©╫О©╫О©╫
insgem_prob_divide		1	// О©╫О©╫ О©╫О©╫О©╫ О©╫О©╫О©╫О©╫ О©╫О©╫О©╫О©╫О©╫ О©╫О©╫О©╫О©╫О©╫О©╫О©╫О©╫ О©╫О©╫О©╫О©╫О©╫ О©╫ О©╫О©╫О©╫О©╫О©╫О©╫ О©╫О©╫О©╫О©╫О©╫О©╫О©╫О©╫, О©╫О©╫О©╫ О©╫О©╫О©╫О©╫О©╫О©╫О©╫О©╫О©╫О©╫ О©╫О©╫О©╫О©╫О©╫О©╫О©╫
insgem_dikey_percent		10	// О©╫О©╫О©╫О©╫О©╫О©╫О©╫ О©╫О©╫О©╫О©╫О©╫О©╫О©╫О©╫О©╫О©╫О©╫ О©╫О©╫О©╫О©╫О©╫О©╫ О©╫О©╫О©╫ О©╫О©╫О©╫О©╫О©╫О©╫О©╫О©╫О©╫ О©╫О©╫О©╫О©╫О©╫О©╫О©╫О©╫О©╫О©╫
insgem_timer_plus_percent	10	// О©╫О©╫ О©╫О©╫О©╫О©╫О©╫О©╫О©╫ О©╫О©╫О©╫О©╫. О©╫О©╫О©╫О©╫О©╫О©╫О©╫О©╫О©╫О©╫О©╫О©╫О©╫ О©╫О©╫О©╫О©╫О©╫О©╫ О©╫ О©╫О©╫О©╫О©╫О©╫О©╫О©╫О©╫О©╫О©╫О©╫О©╫ О©╫О©╫О©╫О©╫О©╫О©╫ О©╫О©╫О©╫ О©╫О©╫О©╫О©╫О©╫О©╫ О©╫О©╫О©╫О©╫О©╫О©╫О©╫О©╫О©╫О©╫
insgem_timer_minus_percent	10	// О©╫О©╫ О©╫О©╫О©╫О©╫О©╫О©╫О©╫ О©╫О©╫О©╫О©╫. О©╫О©╫О©╫О©╫О©╫О©╫О©╫О©╫О©╫О©╫О©╫ О©╫О©╫О©╫О©╫О©╫О©╫ О©╫ О©╫О©╫О©╫О©╫О©╫О©╫ О©╫О©╫О©╫ О©╫О©╫О©╫О©╫О©╫О©╫ О©╫О©╫О©╫О©╫О©╫О©╫О©╫О©╫О©╫О©╫
;
;
